******************************************************************************
                  TI ARM Linker Unix v16.9.3                   
******************************************************************************
>> Linked Wed Sep 13 19:32:20 2017

OUTPUT FILE NAME:   <EventHandler.out>
ENTRY POINT SYMBOL: "_c_int00"  address: 00000d25


MEMORY CONFIGURATION

         name            origin    length      used     unused   attr    fill
----------------------  --------  ---------  --------  --------  ----  --------
  MAIN                  00000000   00040000  000010bf  0003ef41  R  X
  INFO                  00200000   00004000  00000000  00004000  R  X
  SRAM_CODE             01000000   00010000  00000638  0000f9c8  RW X
  SRAM_DATA             20000000   00010000  00000638  0000f9c8  RW  


SEGMENT ALLOCATION MAP

run origin  load origin   length   init length attrs members
----------  ----------- ---------- ----------- ----- -------
00000000    00000000    000010c0   000010c0    r-x
  00000000    00000000    000000e4   000000e4    r-- .intvecs
  000000e4    000000e4    00000df4   00000df4    r-x .text
  00000ed8    00000ed8    0000019f   0000019f    r-- .const
  00001078    00001078    00000048   00000048    r-- .cinit
20000000    20000000    00000438   00000000    rw-
  20000000    20000000    00000400   00000000    rw- .sysmem
  20000400    20000400    00000034   00000000    rw- .data
  20000434    20000434    00000004   00000000    rw- .bss
2000fe00    2000fe00    00000200   00000000    rw-
  2000fe00    2000fe00    00000200   00000000    rw- .stack


SECTION ALLOCATION MAP

 output                                  attributes/
section   page    origin      length       input sections
--------  ----  ----------  ----------   ----------------
.intvecs   0    00000000    000000e4     
                  00000000    000000e4     startup_msp432p401r_ccs.obj (.intvecs:retain)

.text      0    000000e4    00000df4     
                  000000e4    000003d0     rtsv7M4_T_le_v4SPD16_eabi.lib : memory.obj (.text)
                  000004b4    0000032c     system_msp432p401r.obj (.text)
                  000007e0    0000015e     Scheduler.obj (.text)
                  0000093e    00000002     rtsv7M4_T_le_v4SPD16_eabi.lib : mpu_init.obj (.text)
                  00000940    00000138     main.obj (.text)
                  00000a78    000000bc     rtsv7M4_T_le_v4SPD16_eabi.lib : typeinfo_.obj (.text)
                  00000b34    0000009c                                   : memcpy_t2.obj (.text)
                  00000bd0    0000007a                                   : memset_t2.obj (.text)
                  00000c4a    00000002                                   : startup.obj (.text)
                  00000c4c    00000070                                   : autoinit.obj (.text)
                  00000cbc    00000068                                   : copy_decompress_lzss.obj (.text:decompress:lzss)
                  00000d24    00000054                                   : boot.obj (.text)
                  00000d78    00000054                                   : exit.obj (.text)
                  00000dcc    0000004c                                   : cpy_tbl.obj (.text)
                  00000e18    00000030     Task.obj (.text)
                  00000e48    00000024     LED.obj (.text)
                  00000e6c    00000018     rtsv7M4_T_le_v4SPD16_eabi.lib : args_main.obj (.text)
                  00000e84    00000014                                   : _lock.obj (.text)
                  00000e98    0000000e                                   : copy_decompress_none.obj (.text:decompress:none)
                  00000ea6    0000000e     startup_msp432p401r_ccs.obj (.text)
                  00000eb4    0000000c     Task.obj (.text:_ZN4Task3runEv)
                  00000ec0    0000000c     rtsv7M4_T_le_v4SPD16_eabi.lib : copy_zero_init.obj (.text:decompress:ZI)
                  00000ecc    00000008                                   : delete.obj (.text)
                  00000ed4    00000004                                   : pre_init.obj (.text)

.const     0    00000ed8    0000019f     
                  00000ed8    00000028     rtsv7M4_T_le_v4SPD16_eabi.lib : typeinfo_.obj (.const:.typeinfo:_ZTSN10__cxxabiv123__fundamental_type_infoE)
                  00000f00    00000025                                   : typeinfo_.obj (.const:.typeinfo:_ZTSN10__cxxabiv120__si_class_type_infoE)
                  00000f25    00000024                                   : typeinfo_.obj (.const:.typeinfo:_ZTSN10__cxxabiv119__pointer_type_infoE)
                  00000f49    00000022                                   : typeinfo_.obj (.const:.typeinfo:_ZTSN10__cxxabiv117__class_type_infoE)
                  00000f6b    00000022                                   : typeinfo_.obj (.const:.typeinfo:_ZTSN10__cxxabiv117__pbase_type_infoE)
                  00000f8d    00000002                                   : typeinfo_.obj (.const:.typeinfo:_ZTSe)
                  00000f8f    00000001     --HOLE-- [fill = 0]
                  00000f90    00000010                                   : typeinfo_.obj (.const:.typeinfo:_ZTIPKe)
                  00000fa0    00000010                                   : typeinfo_.obj (.const:_ZTVN10__cxxabiv117__class_type_infoE)
                  00000fb0    00000010                                   : typeinfo_.obj (.const:_ZTVN10__cxxabiv119__pointer_type_infoE)
                  00000fc0    00000010                                   : typeinfo_.obj (.const:_ZTVN10__cxxabiv120__si_class_type_infoE)
                  00000fd0    00000010                                   : typeinfo_.obj (.const:_ZTVN10__cxxabiv123__fundamental_type_infoE)
                  00000fe0    0000000d                                   : typeinfo_.obj (.const:.typeinfo:_ZTSSt9type_info)
                  00000fed    00000003     --HOLE-- [fill = 0]
                  00000ff0    0000000c     LED.obj (.const:.typeinfo:_ZTI3LED)
                  00000ffc    0000000c     rtsv7M4_T_le_v4SPD16_eabi.lib : typeinfo_.obj (.const:.typeinfo:_ZTIN10__cxxabiv117__class_type_infoE)
                  00001008    0000000c                                   : typeinfo_.obj (.const:.typeinfo:_ZTIN10__cxxabiv117__pbase_type_infoE)
                  00001014    0000000c                                   : typeinfo_.obj (.const:.typeinfo:_ZTIN10__cxxabiv119__pointer_type_infoE)
                  00001020    0000000c                                   : typeinfo_.obj (.const:.typeinfo:_ZTIN10__cxxabiv120__si_class_type_infoE)
                  0000102c    0000000c                                   : typeinfo_.obj (.const:.typeinfo:_ZTIN10__cxxabiv123__fundamental_type_infoE)
                  00001038    0000000c     LED.obj (.const:_ZTV3LED)
                  00001044    0000000c     Task.obj (.const:_ZTV4Task)
                  00001050    00000008     LED.obj (.const:.typeinfo:_ZTI4Task)
                  00001058    00000008     rtsv7M4_T_le_v4SPD16_eabi.lib : typeinfo_.obj (.const:.typeinfo:_ZTISt9type_info)
                  00001060    00000008                                   : typeinfo_.obj (.const:.typeinfo:_ZTIe)
                  00001068    00000006     LED.obj (.const:.typeinfo:_ZTS4Task)
                  0000106e    00000005     LED.obj (.const:.typeinfo:_ZTS3LED)
                  00001073    00000004     rtsv7M4_T_le_v4SPD16_eabi.lib : typeinfo_.obj (.const:.typeinfo:_ZTSPKe)

.cinit     0    00001078    00000048     
                  00001078    0000001e     (.cinit..data.load) [load image, compression = lzss]
                  00001096    00000002     --HOLE-- [fill = 0]
                  00001098    0000000c     (__TI_handler_table)
                  000010a4    00000004     --HOLE-- [fill = 0]
                  000010a8    00000008     (.cinit..bss.load) [load image, compression = zero_init]
                  000010b0    00000010     (__TI_cinit_table)

.init_array 
*          0    00000000    00000000     UNINITIALIZED

.binit     0    00000000    00000000     

.sysmem    0    20000000    00000400     UNINITIALIZED
                  20000000    00000008     rtsv7M4_T_le_v4SPD16_eabi.lib : memory.obj (.sysmem)
                  20000008    000003f8     --HOLE--

.data      0    20000400    00000034     UNINITIALIZED
                  20000400    0000000c     rtsv7M4_T_le_v4SPD16_eabi.lib : exit.obj (.data:$O1$$)
                  2000040c    0000000c                                   : memory.obj (.data:$O1$$)
                  20000418    00000009     main.obj (.data)
                  20000421    00000003     --HOLE--
                  20000424    00000008     rtsv7M4_T_le_v4SPD16_eabi.lib : _lock.obj (.data:$O1$$)
                  2000042c    00000004                                   : stkdepth_vars.obj (.data)
                  20000430    00000004     system_msp432p401r.obj (.data)

.bss       0    20000434    00000004     UNINITIALIZED
                  20000434    00000004     (.common:_ZSt16__dummy_typeinfo)

.stack     0    2000fe00    00000200     UNINITIALIZED
                  2000fe00    00000200     --HOLE--

MODULE SUMMARY

       Module                        code   ro data   rw data
       ------                        ----   -------   -------
    ./
       system_msp432p401r.obj        812    0         8      
       Scheduler.obj                 350    0         0      
       main.obj                      312    0         18     
       startup_msp432p401r_ccs.obj   14     228       0      
       LED.obj                       36     43        0      
       Task.obj                      60     12        0      
    +--+-----------------------------+------+---------+---------+
       Total:                        1584   283       26     
                                                             
    /Applications/ti/ccsv7/tools/compiler/ti-cgt-arm_16.9.3.LTS/lib/rtsv7M4_T_le_v4SPD16_eabi.lib
       memory.obj                    976    0         24     
       typeinfo_.obj                 188    356       8      
       memcpy_t2.obj                 156    0         0      
       memset_t2.obj                 122    0         0      
       autoinit.obj                  112    0         0      
       exit.obj                      84     0         24     
       copy_decompress_lzss.obj      104    0         0      
       boot.obj                      84     0         0      
       cpy_tbl.obj                   76     0         0      
       _lock.obj                     20     0         16     
       args_main.obj                 24     0         0      
       copy_decompress_none.obj      14     0         0      
       copy_zero_init.obj            12     0         0      
       delete.obj                    8      0         0      
       stkdepth_vars.obj             0      0         8      
       pre_init.obj                  4      0         0      
       mpu_init.obj                  2      0         0      
       startup.obj                   2      0         0      
    +--+-----------------------------+------+---------+---------+
       Total:                        1988   356       80     
                                                             
       Heap:                         0      0         2048   
       Stack:                        0      0         1024   
       Linker Generated:             0      66        0      
    +--+-----------------------------+------+---------+---------+
       Grand Total:                  3572   705       3178   


LINKER GENERATED COPY TABLES

__TI_cinit_table @ 000010b0 records: 2, size/record: 8, table size: 16
	.data: load addr=00001078, load size=0000001e bytes, run addr=20000400, run size=00000034 bytes, compression=lzss
	.bss: load addr=000010a8, load size=00000008 bytes, run addr=20000434, run size=00000004 bytes, compression=zero_init


LINKER GENERATED HANDLER TABLE

__TI_handler_table @ 00001098 records: 3, size/record: 4, table size: 12
	index: 0, handler: __TI_decompress_lzss
	index: 1, handler: __TI_decompress_none
	index: 2, handler: __TI_zero_init


GLOBAL SYMBOLS: SORTED ALPHABETICALLY BY Name 

address   name                                              
-------   ----                                              
00000eb3  ADC14_IRQHandler                                  
00000eb3  AES256_IRQHandler                                 
00000eb3  BusFault_Handler                                  
00000d79  C$$EXIT                                           
00000eb3  COMP_E0_IRQHandler                                
00000eb3  COMP_E1_IRQHandler                                
00000eb3  CS_IRQHandler                                     
00000eb3  DMA_ERR_IRQHandler                                
00000eb3  DMA_INT0_IRQHandler                               
00000eb3  DMA_INT1_IRQHandler                               
00000eb3  DMA_INT2_IRQHandler                               
00000eb3  DMA_INT3_IRQHandler                               
00000eb3  DebugMon_Handler                                  
00000eb3  Default_Handler                                   
00000eb3  EUSCIA0_IRQHandler                                
00000eb3  EUSCIA1_IRQHandler                                
00000eb3  EUSCIA2_IRQHandler                                
00000eb3  EUSCIA3_IRQHandler                                
00000eb3  EUSCIB0_IRQHandler                                
00000eb3  EUSCIB1_IRQHandler                                
00000eb3  EUSCIB2_IRQHandler                                
00000eb3  EUSCIB3_IRQHandler                                
00000eb3  FLCTL_IRQHandler                                  
00000eb3  FPU_IRQHandler                                    
00000eb3  HardFault_Handler                                 
00000eb3  MemManage_Handler                                 
00000eb3  NMI_Handler                                       
00000eb3  PCM_IRQHandler                                    
00000eb3  PORT1_IRQHandler                                  
00000eb3  PORT2_IRQHandler                                  
00000eb3  PORT3_IRQHandler                                  
00000eb3  PORT4_IRQHandler                                  
00000eb3  PORT5_IRQHandler                                  
00000eb3  PORT6_IRQHandler                                  
00000eb3  PSS_IRQHandler                                    
00000eb3  PendSV_Handler                                    
00000eb3  RTC_C_IRQHandler                                  
00000ea7  Reset_Handler                                     
UNDEFED   SHT$$INIT_ARRAY$$Base                             
UNDEFED   SHT$$INIT_ARRAY$$Limit                            
00000eb3  SVC_Handler                                       
00000eb3  SysTick_Handler                                   
20000430  SystemCoreClock                                   
000004b5  SystemCoreClockUpdate                             
00000729  SystemInit                                        
00000a25  T32_INT1_IRQHandler                               
00000a25  T32_INT1_IRQHandler                               
00000eb3  T32_INT2_IRQHandler                               
00000eb3  T32_INTC_IRQHandler                               
00000eb3  TA0_0_IRQHandler                                  
00000eb3  TA0_N_IRQHandler                                  
00000eb3  TA1_0_IRQHandler                                  
00000eb3  TA1_N_IRQHandler                                  
00000eb3  TA2_0_IRQHandler                                  
00000eb3  TA2_N_IRQHandler                                  
00000eb3  TA3_0_IRQHandler                                  
00000eb3  TA3_N_IRQHandler                                  
00000eb3  UsageFault_Handler                                
4000480c  WDTCTL_SYM                                        
00000eb3  WDT_A_IRQHandler                                  
000009ef  _Z5Setupv                                         
00000b25  _ZN10__cxxabiv116__enum_type_infoD0Ev             
00000b23  _ZN10__cxxabiv116__enum_type_infoD1Ev             
00000b23  _ZN10__cxxabiv116__enum_type_infoD2Ev             
00000b1b  _ZN10__cxxabiv117__array_type_infoD0Ev            
00000b19  _ZN10__cxxabiv117__array_type_infoD1Ev            
00000b19  _ZN10__cxxabiv117__array_type_infoD2Ev            
00000b11  _ZN10__cxxabiv117__class_type_infoD0Ev            
00000b0f  _ZN10__cxxabiv117__class_type_infoD1Ev            
00000b0f  _ZN10__cxxabiv117__class_type_infoD2Ev            
00000b07  _ZN10__cxxabiv117__pbase_type_infoD0Ev            
00000b05  _ZN10__cxxabiv117__pbase_type_infoD1Ev            
00000b05  _ZN10__cxxabiv117__pbase_type_infoD2Ev            
00000afd  _ZN10__cxxabiv119__pointer_type_infoD0Ev          
00000afb  _ZN10__cxxabiv119__pointer_type_infoD1Ev          
00000afb  _ZN10__cxxabiv119__pointer_type_infoD2Ev          
00000af3  _ZN10__cxxabiv120__function_type_infoD0Ev         
00000af1  _ZN10__cxxabiv120__function_type_infoD1Ev         
00000af1  _ZN10__cxxabiv120__function_type_infoD2Ev         
00000ae9  _ZN10__cxxabiv120__si_class_type_infoD0Ev         
00000ae7  _ZN10__cxxabiv120__si_class_type_infoD1Ev         
00000ae7  _ZN10__cxxabiv120__si_class_type_infoD2Ev         
00000adf  _ZN10__cxxabiv121__vmi_class_type_infoD0Ev        
00000add  _ZN10__cxxabiv121__vmi_class_type_infoD1Ev        
00000add  _ZN10__cxxabiv121__vmi_class_type_infoD2Ev        
00000ad5  _ZN10__cxxabiv123__fundamental_type_infoD0Ev      
00000ad3  _ZN10__cxxabiv123__fundamental_type_infoD1Ev      
00000ad3  _ZN10__cxxabiv123__fundamental_type_infoD2Ev      
00000acb  _ZN10__cxxabiv129__pointer_to_member_type_infoD0Ev
00000ac9  _ZN10__cxxabiv129__pointer_to_member_type_infoD1Ev
00000ac9  _ZN10__cxxabiv129__pointer_to_member_type_infoD2Ev
00000e5d  _ZN3LED3runEv                                     
00000e49  _ZN3LEDC1Ev                                       
00000e49  _ZN3LEDC2Ev                                       
20000420  _ZN4Task14m_u8NextTaskIDE                         
00000eb5  _ZN4Task3runEv                                    
00000e19  _ZN4TaskC1Ev                                      
00000e19  _ZN4TaskC2Ev                                      
00000925  _ZN9Scheduler21CalculateNextScheduleEv            
00000931  _ZN9Scheduler22SortScheduleByPriorityEP4Task      
000008c7  _ZN9Scheduler3runEv                               
00000827  _ZN9Scheduler6attachEP4Task                       
00000875  _ZN9Scheduler6attachEP4Tasky                      
000007e1  _ZN9SchedulerC1Ev                                 
000007e1  _ZN9SchedulerC2Ev                                 
00000a8b  _ZNKSt9type_info4nameEv                           
00000abb  _ZNKSt9type_info6beforeERKS_                      
00000aa5  _ZNKSt9type_infoeqERKS_                           
00000a8f  _ZNKSt9type_infoneERKS_                           
00000a83  _ZNSt9type_infoD0Ev                               
00000a81  _ZNSt9type_infoD1Ev                               
00000a81  _ZNSt9type_infoD2Ev                               
20000434  _ZSt16__dummy_typeinfo                            
00000a79  _ZSt21__gen_dummy_typeinfosv                      
00000ff0  _ZTI3LED                                          
00001050  _ZTI4Task                                         
00000ffc  _ZTIN10__cxxabiv117__class_type_infoE             
00001008  _ZTIN10__cxxabiv117__pbase_type_infoE             
00001014  _ZTIN10__cxxabiv119__pointer_type_infoE           
00001020  _ZTIN10__cxxabiv120__si_class_type_infoE          
0000102c  _ZTIN10__cxxabiv123__fundamental_type_infoE       
00000f90  _ZTIPKe                                           
00001058  _ZTISt9type_info                                  
00001060  _ZTIe                                             
0000106e  _ZTS3LED                                          
00001068  _ZTS4Task                                         
00000f49  _ZTSN10__cxxabiv117__class_type_infoE             
00000f6b  _ZTSN10__cxxabiv117__pbase_type_infoE             
00000f25  _ZTSN10__cxxabiv119__pointer_type_infoE           
00000f00  _ZTSN10__cxxabiv120__si_class_type_infoE          
00000ed8  _ZTSN10__cxxabiv123__fundamental_type_infoE       
00001073  _ZTSPKe                                           
00000fe0  _ZTSSt9type_info                                  
00000f8d  _ZTSe                                             
00001038  _ZTV3LED                                          
00001044  _ZTV4Task                                         
00000fa0  _ZTVN10__cxxabiv117__class_type_infoE             
00000fb0  _ZTVN10__cxxabiv119__pointer_type_infoE           
00000fc0  _ZTVN10__cxxabiv120__si_class_type_infoE          
00000fd0  _ZTVN10__cxxabiv123__fundamental_type_infoE       
00000ecd  _ZdlPv                                            
20010000  __STACK_END                                       
00000200  __STACK_SIZE                                      
00000400  __SYSMEM_SIZE                                     
000010b0  __TI_CINIT_Base                                   
000010c0  __TI_CINIT_Limit                                  
00001098  __TI_Handler_Table_Base                           
000010a4  __TI_Handler_Table_Limit                          
00000c4d  __TI_auto_init                                    
20000400  __TI_cleanup_ptr                                  
00000cbd  __TI_decompress_lzss                              
00000e99  __TI_decompress_none                              
20000404  __TI_dtors_ptr                                    
20000408  __TI_enable_exit_profile_output                   
ffffffff  __TI_pprof_out_hndl                               
ffffffff  __TI_prof_data_size                               
ffffffff  __TI_prof_data_start                              
00000000  __TI_static_base__                                
00000ec1  __TI_zero_init                                    
00000bd1  __aeabi_memclr                                    
00000bd1  __aeabi_memclr4                                   
00000bd1  __aeabi_memclr8                                   
00000b35  __aeabi_memcpy                                    
00000b35  __aeabi_memcpy4                                   
00000b35  __aeabi_memcpy8                                   
00000bd3  __aeabi_memset                                    
00000bd3  __aeabi_memset4                                   
00000bd3  __aeabi_memset8                                   
ffffffff  __binit__                                         
ffffffff  __c_args__                                        
0000093f  __mpu_init                                        
2000fe00  __stack                                           
00000e6d  _args_main                                        
00000d25  _c_int00                                          
20000424  _lock                                             
00000e93  _nop                                              
00000e8b  _register_lock                                    
00000e85  _register_unlock                                  
20000000  _sys_memory                                       
00000c4b  _system_post_cinit                                
00000ed5  _system_pre_init                                  
20000428  _unlock                                           
00000d7d  abort                                             
ffffffff  binit                                             
00000485  calloc                                            
00000dcd  copy_in                                           
00000d85  exit                                              
000001cf  free                                              
00000000  interruptVectors                                  
000009ab  main                                              
2000042c  main_func_sp                                      
00000165  malloc                                            
00000399  memalign                                          
00000b35  memcpy                                            
00000bd9  memset                                            
000000e5  minit                                             
00000291  realloc                                           


GLOBAL SYMBOLS: SORTED BY Symbol Address 

address   name                                              
-------   ----                                              
00000000  __TI_static_base__                                
00000000  interruptVectors                                  
000000e5  minit                                             
00000165  malloc                                            
000001cf  free                                              
00000200  __STACK_SIZE                                      
00000291  realloc                                           
00000399  memalign                                          
00000400  __SYSMEM_SIZE                                     
00000485  calloc                                            
000004b5  SystemCoreClockUpdate                             
00000729  SystemInit                                        
000007e1  _ZN9SchedulerC1Ev                                 
000007e1  _ZN9SchedulerC2Ev                                 
00000827  _ZN9Scheduler6attachEP4Task                       
00000875  _ZN9Scheduler6attachEP4Tasky                      
000008c7  _ZN9Scheduler3runEv                               
00000925  _ZN9Scheduler21CalculateNextScheduleEv            
00000931  _ZN9Scheduler22SortScheduleByPriorityEP4Task      
0000093f  __mpu_init                                        
000009ab  main                                              
000009ef  _Z5Setupv                                         
00000a25  T32_INT1_IRQHandler                               
00000a25  T32_INT1_IRQHandler                               
00000a79  _ZSt21__gen_dummy_typeinfosv                      
00000a81  _ZNSt9type_infoD1Ev                               
00000a81  _ZNSt9type_infoD2Ev                               
00000a83  _ZNSt9type_infoD0Ev                               
00000a8b  _ZNKSt9type_info4nameEv                           
00000a8f  _ZNKSt9type_infoneERKS_                           
00000aa5  _ZNKSt9type_infoeqERKS_                           
00000abb  _ZNKSt9type_info6beforeERKS_                      
00000ac9  _ZN10__cxxabiv129__pointer_to_member_type_infoD1Ev
00000ac9  _ZN10__cxxabiv129__pointer_to_member_type_infoD2Ev
00000acb  _ZN10__cxxabiv129__pointer_to_member_type_infoD0Ev
00000ad3  _ZN10__cxxabiv123__fundamental_type_infoD1Ev      
00000ad3  _ZN10__cxxabiv123__fundamental_type_infoD2Ev      
00000ad5  _ZN10__cxxabiv123__fundamental_type_infoD0Ev      
00000add  _ZN10__cxxabiv121__vmi_class_type_infoD1Ev        
00000add  _ZN10__cxxabiv121__vmi_class_type_infoD2Ev        
00000adf  _ZN10__cxxabiv121__vmi_class_type_infoD0Ev        
00000ae7  _ZN10__cxxabiv120__si_class_type_infoD1Ev         
00000ae7  _ZN10__cxxabiv120__si_class_type_infoD2Ev         
00000ae9  _ZN10__cxxabiv120__si_class_type_infoD0Ev         
00000af1  _ZN10__cxxabiv120__function_type_infoD1Ev         
00000af1  _ZN10__cxxabiv120__function_type_infoD2Ev         
00000af3  _ZN10__cxxabiv120__function_type_infoD0Ev         
00000afb  _ZN10__cxxabiv119__pointer_type_infoD1Ev          
00000afb  _ZN10__cxxabiv119__pointer_type_infoD2Ev          
00000afd  _ZN10__cxxabiv119__pointer_type_infoD0Ev          
00000b05  _ZN10__cxxabiv117__pbase_type_infoD1Ev            
00000b05  _ZN10__cxxabiv117__pbase_type_infoD2Ev            
00000b07  _ZN10__cxxabiv117__pbase_type_infoD0Ev            
00000b0f  _ZN10__cxxabiv117__class_type_infoD1Ev            
00000b0f  _ZN10__cxxabiv117__class_type_infoD2Ev            
00000b11  _ZN10__cxxabiv117__class_type_infoD0Ev            
00000b19  _ZN10__cxxabiv117__array_type_infoD1Ev            
00000b19  _ZN10__cxxabiv117__array_type_infoD2Ev            
00000b1b  _ZN10__cxxabiv117__array_type_infoD0Ev            
00000b23  _ZN10__cxxabiv116__enum_type_infoD1Ev             
00000b23  _ZN10__cxxabiv116__enum_type_infoD2Ev             
00000b25  _ZN10__cxxabiv116__enum_type_infoD0Ev             
00000b35  __aeabi_memcpy                                    
00000b35  __aeabi_memcpy4                                   
00000b35  __aeabi_memcpy8                                   
00000b35  memcpy                                            
00000bd1  __aeabi_memclr                                    
00000bd1  __aeabi_memclr4                                   
00000bd1  __aeabi_memclr8                                   
00000bd3  __aeabi_memset                                    
00000bd3  __aeabi_memset4                                   
00000bd3  __aeabi_memset8                                   
00000bd9  memset                                            
00000c4b  _system_post_cinit                                
00000c4d  __TI_auto_init                                    
00000cbd  __TI_decompress_lzss                              
00000d25  _c_int00                                          
00000d79  C$$EXIT                                           
00000d7d  abort                                             
00000d85  exit                                              
00000dcd  copy_in                                           
00000e19  _ZN4TaskC1Ev                                      
00000e19  _ZN4TaskC2Ev                                      
00000e49  _ZN3LEDC1Ev                                       
00000e49  _ZN3LEDC2Ev                                       
00000e5d  _ZN3LED3runEv                                     
00000e6d  _args_main                                        
00000e85  _register_unlock                                  
00000e8b  _register_lock                                    
00000e93  _nop                                              
00000e99  __TI_decompress_none                              
00000ea7  Reset_Handler                                     
00000eb3  ADC14_IRQHandler                                  
00000eb3  AES256_IRQHandler                                 
00000eb3  BusFault_Handler                                  
00000eb3  COMP_E0_IRQHandler                                
00000eb3  COMP_E1_IRQHandler                                
00000eb3  CS_IRQHandler                                     
00000eb3  DMA_ERR_IRQHandler                                
00000eb3  DMA_INT0_IRQHandler                               
00000eb3  DMA_INT1_IRQHandler                               
00000eb3  DMA_INT2_IRQHandler                               
00000eb3  DMA_INT3_IRQHandler                               
00000eb3  DebugMon_Handler                                  
00000eb3  Default_Handler                                   
00000eb3  EUSCIA0_IRQHandler                                
00000eb3  EUSCIA1_IRQHandler                                
00000eb3  EUSCIA2_IRQHandler                                
00000eb3  EUSCIA3_IRQHandler                                
00000eb3  EUSCIB0_IRQHandler                                
00000eb3  EUSCIB1_IRQHandler                                
00000eb3  EUSCIB2_IRQHandler                                
00000eb3  EUSCIB3_IRQHandler                                
00000eb3  FLCTL_IRQHandler                                  
00000eb3  FPU_IRQHandler                                    
00000eb3  HardFault_Handler                                 
00000eb3  MemManage_Handler                                 
00000eb3  NMI_Handler                                       
00000eb3  PCM_IRQHandler                                    
00000eb3  PORT1_IRQHandler                                  
00000eb3  PORT2_IRQHandler                                  
00000eb3  PORT3_IRQHandler                                  
00000eb3  PORT4_IRQHandler                                  
00000eb3  PORT5_IRQHandler                                  
00000eb3  PORT6_IRQHandler                                  
00000eb3  PSS_IRQHandler                                    
00000eb3  PendSV_Handler                                    
00000eb3  RTC_C_IRQHandler                                  
00000eb3  SVC_Handler                                       
00000eb3  SysTick_Handler                                   
00000eb3  T32_INT2_IRQHandler                               
00000eb3  T32_INTC_IRQHandler                               
00000eb3  TA0_0_IRQHandler                                  
00000eb3  TA0_N_IRQHandler                                  
00000eb3  TA1_0_IRQHandler                                  
00000eb3  TA1_N_IRQHandler                                  
00000eb3  TA2_0_IRQHandler                                  
00000eb3  TA2_N_IRQHandler                                  
00000eb3  TA3_0_IRQHandler                                  
00000eb3  TA3_N_IRQHandler                                  
00000eb3  UsageFault_Handler                                
00000eb3  WDT_A_IRQHandler                                  
00000eb5  _ZN4Task3runEv                                    
00000ec1  __TI_zero_init                                    
00000ecd  _ZdlPv                                            
00000ed5  _system_pre_init                                  
00000ed8  _ZTSN10__cxxabiv123__fundamental_type_infoE       
00000f00  _ZTSN10__cxxabiv120__si_class_type_infoE          
00000f25  _ZTSN10__cxxabiv119__pointer_type_infoE           
00000f49  _ZTSN10__cxxabiv117__class_type_infoE             
00000f6b  _ZTSN10__cxxabiv117__pbase_type_infoE             
00000f8d  _ZTSe                                             
00000f90  _ZTIPKe                                           
00000fa0  _ZTVN10__cxxabiv117__class_type_infoE             
00000fb0  _ZTVN10__cxxabiv119__pointer_type_infoE           
00000fc0  _ZTVN10__cxxabiv120__si_class_type_infoE          
00000fd0  _ZTVN10__cxxabiv123__fundamental_type_infoE       
00000fe0  _ZTSSt9type_info                                  
00000ff0  _ZTI3LED                                          
00000ffc  _ZTIN10__cxxabiv117__class_type_infoE             
00001008  _ZTIN10__cxxabiv117__pbase_type_infoE             
00001014  _ZTIN10__cxxabiv119__pointer_type_infoE           
00001020  _ZTIN10__cxxabiv120__si_class_type_infoE          
0000102c  _ZTIN10__cxxabiv123__fundamental_type_infoE       
00001038  _ZTV3LED                                          
00001044  _ZTV4Task                                         
00001050  _ZTI4Task                                         
00001058  _ZTISt9type_info                                  
00001060  _ZTIe                                             
00001068  _ZTS4Task                                         
0000106e  _ZTS3LED                                          
00001073  _ZTSPKe                                           
00001098  __TI_Handler_Table_Base                           
000010a4  __TI_Handler_Table_Limit                          
000010b0  __TI_CINIT_Base                                   
000010c0  __TI_CINIT_Limit                                  
20000000  _sys_memory                                       
20000400  __TI_cleanup_ptr                                  
20000404  __TI_dtors_ptr                                    
20000408  __TI_enable_exit_profile_output                   
20000420  _ZN4Task14m_u8NextTaskIDE                         
20000424  _lock                                             
20000428  _unlock                                           
2000042c  main_func_sp                                      
20000430  SystemCoreClock                                   
20000434  _ZSt16__dummy_typeinfo                            
2000fe00  __stack                                           
20010000  __STACK_END                                       
4000480c  WDTCTL_SYM                                        
ffffffff  __TI_pprof_out_hndl                               
ffffffff  __TI_prof_data_size                               
ffffffff  __TI_prof_data_start                              
ffffffff  __binit__                                         
ffffffff  __c_args__                                        
ffffffff  binit                                             
UNDEFED   SHT$$INIT_ARRAY$$Base                             
UNDEFED   SHT$$INIT_ARRAY$$Limit                            

[197 symbols]
