******************************************************************************
                  TI ARM Linker Unix v16.9.3                   
******************************************************************************
>> Linked Tue Sep 19 18:03:13 2017

OUTPUT FILE NAME:   <boostxl_edumkii_lightsensor_msp432p401r_MSP_EXP432P401R_nortos_ccs.out>
ENTRY POINT SYMBOL: "_c_int00"  address: 00003001


MEMORY CONFIGURATION

         name            origin    length      used     unused   attr    fill
----------------------  --------  ---------  --------  --------  ----  --------
  MAIN                  00000000   00040000  00003f80  0003c080  R  X
  INFO                  00200000   00004000  00000000  00004000  R  X
  SRAM_CODE             01000000   00010000  000002a2  0000fd5e  RW X
  SRAM_DATA             20000000   00010000  000002a2  0000fd5e  RW  


SEGMENT ALLOCATION MAP

run origin  load origin   length   init length attrs members
----------  ----------- ---------- ----------- ----- -------
00000000    00000000    00003f80   00003f80    r-x
  00000000    00000000    000000e4   000000e4    r-- .intvecs
  000000e4    000000e4    000038b0   000038b0    r-x .text
  00003994    00003994    00000594   00000594    r-- .const
  00003f28    00003f28    00000058   00000058    r-- .cinit
20000000    20000000    000000a2   00000000    rw-
  20000000    20000000    00000078   00000000    rw- .data
  20000078    20000078    0000002a   00000000    rw- .bss
2000fe00    2000fe00    00000200   00000000    rw-
  2000fe00    2000fe00    00000200   00000000    rw- .stack


SECTION ALLOCATION MAP

 output                                  attributes/
section   page    origin      length       input sections
--------  ----  ----------  ----------   ----------------
.intvecs   0    00000000    000000e4     
                  00000000    000000e4     startup_msp432p401r_ccs.obj (.intvecs:retain)

.text      0    000000e4    000038b0     
                  000000e4    0000113e     rtsv7M4_T_le_v4SPD16_eabi.lib : _printfi.obj (.text)
                  00001222    00000002     startup_msp432p401r_ccs.obj (.text:Default_Handler)
                  00001224    00000490     main.obj (.text:main)
                  000016b4    000002d0     grlib.lib : string.o (.text:Graphics_drawString)
                  00001984    00000210     main.obj (.text:PORT1_IRQHandler)
                  00001b94    000001f4     rtsv7M4_T_le_v4SPD16_eabi.lib : ull_div_t2.obj (.text)
                  00001d88    000001d8     Crystalfontz128x128_ST7735.obj (.text:Crystalfontz128x128_PixelDrawMultiple)
                  00001f60    000001b6     rtsv7M4_T_le_v4SPD16_eabi.lib : fd_add_t2.obj (.text)
                  00002116    00000136                                   : fd_div_t2.obj (.text)
                  0000224c    00000134     Crystalfontz128x128_ST7735.obj (.text:Crystalfontz128x128_SetDrawFrame)
                  00002380    0000012c     Crystalfontz128x128_ST7735.obj (.text:Crystalfontz128x128_Init)
                  000024ac    000000fc     rtsv7M4_T_le_v4SPD16_eabi.lib : fd_mul_t2.obj (.text)
                  000025a8    000000fc                                   : s_scalbn.obj (.text)
                  000026a4    000000d8     HAL_OPT3001.obj (.text:OPT3001_getLux)
                  0000277c    0000009c     Crystalfontz128x128_ST7735.obj (.text:Crystalfontz128x128_RectFill)
                  00002818    0000009c     rtsv7M4_T_le_v4SPD16_eabi.lib : memcpy_t2.obj (.text)
                  000028b4    0000008c     HAL_I2C.obj (.text:I2C_read16)
                  00002940    00000086     rtsv7M4_T_le_v4SPD16_eabi.lib : fd_cmp_t2.obj (.text:__aeabi_cdcmple)
                  000029c6    00000086                                   : fd_cmp_t2.obj (.text:__aeabi_cdrcmple)
                  00002a4c    0000007c     msp432p4xx_driverlib.lib : spi_MSP432P4XX.obj (.text:SPI_initMaster)
                  00002ac8    0000007a     rtsv7M4_T_le_v4SPD16_eabi.lib : memset_t2.obj (.text)
                  00002b42    00000002                                   : mpu_init.obj (.text)
                  00002b44    00000078     system_msp432p401r.obj (.text:SystemInit)
                  00002bbc    00000070     main.obj (.text:TA1_0_IRQHandler)
                  00002c2c    00000070     rtsv7M4_T_le_v4SPD16_eabi.lib : autoinit.obj (.text)
                  00002c9c    00000068     grlib.lib : string.o (.text:Graphics_getStringWidth)
                  00002d04    00000068     main.obj (.text:TA2_0_IRQHandler)
                  00002d6c    00000068     rtsv7M4_T_le_v4SPD16_eabi.lib : copy_decompress_lzss.obj (.text:decompress:lzss)
                  00002dd4    00000064                                   : s_frexp.obj (.text)
                  00002e38    00000060     Crystalfontz128x128_ST7735.obj (.text:Crystalfontz128x128_LineDrawH)
                  00002e98    00000060     Crystalfontz128x128_ST7735.obj (.text:Crystalfontz128x128_LineDrawV)
                  00002ef8    00000060     rtsv7M4_T_le_v4SPD16_eabi.lib : sprintf.obj (.text)
                  00002f58    00000054     Crystalfontz128x128_ST7735.obj (.text:Crystalfontz128x128_SetOrientation)
                  00002fac    00000054     msp432p4xx_driverlib.lib : i2c_MSP432P4XX.obj (.text:I2C_masterSendMultiByteFinish)
                  00003000    00000054     rtsv7M4_T_le_v4SPD16_eabi.lib : boot.obj (.text)
                  00003054    00000054                                   : exit.obj (.text)
                  000030a8    00000054                                   : ltoa.obj (.text)
                  000030fc    0000004c     msp432p4xx_driverlib.lib : gpio_MSP432P4XX.obj (.text:GPIO_setAsPeripheralModuleFunctionOutputPin)
                  00003148    0000004c     rtsv7M4_T_le_v4SPD16_eabi.lib : atoi.obj (.text)
                  00003194    0000004c                                   : cpy_tbl.obj (.text)
                  000031e0    0000004a     grlib.lib : line.o (.text:Graphics_drawLineH)
                  0000322a    00000002     rtsv7M4_T_le_v4SPD16_eabi.lib : startup.obj (.text)
                  0000322c    00000048     HAL_I2C.obj (.text:I2C_write16)
                  00003274    00000048     main.obj (.text:_Z18__NVIC_SetPriority4IRQnj)
                  000032bc    00000048     rtsv7M4_T_le_v4SPD16_eabi.lib : fd_toi_t2.obj (.text)
                  00003304    00000040     Crystalfontz128x128_ST7735.obj (.text:Crystalfontz128x128_PixelDraw)
                  00003344    00000040     HAL_MSP_EXP432P401R_Crystalfontz128x128_ST7735.obj (.text:HAL_LCD_SpiInit)
                  00003384    00000040     msp432p4xx_driverlib.lib : i2c_MSP432P4XX.obj (.text:I2C_masterSendMultiByteStart)
                  000033c4    0000003e                              : i2c_MSP432P4XX.obj (.text:I2C_initMaster)
                  00003402    00000038     grlib.lib : string.o (.text:Graphics_drawStringCentered)
                  0000343a    00000002     --HOLE-- [fill = 0]
                  0000343c    00000038     HAL_MSP_EXP432P401R_Crystalfontz128x128_ST7735.obj (.text:HAL_LCD_writeCommand)
                  00003474    00000038     rtsv7M4_T_le_v4SPD16_eabi.lib : fs_tod_t2.obj (.text)
                  000034ac    00000030     HAL_MSP_EXP432P401R_Crystalfontz128x128_ST7735.obj (.text:HAL_LCD_PortInit)
                  000034dc    00000030     msp432p4xx_driverlib.lib : i2c_MSP432P4XX.obj (.text:I2C_masterReceiveMultiByteFinish)
                  0000350c    00000030                              : i2c_MSP432P4XX.obj (.text:I2C_masterSendMultiByteStop)
                  0000353c    00000030     main.obj (.text:T32_INT1_IRQHandler)
                  0000356c    00000030     main.obj (.text:_Z16__NVIC_EnableIRQ4IRQn)
                  0000359c    00000030     msp432p4xx_driverlib.lib : spi_MSP432P4XX.obj (.text:is_A_Module)
                  000035cc    0000002e     rtsv7M4_T_le_v4SPD16_eabi.lib : i_tofd_t2.obj (.text)
                  000035fa    00000002     --HOLE-- [fill = 0]
                  000035fc    0000002c     Crystalfontz128x128_ST7735.obj (.text:Crystalfontz128x128_ClearScreen)
                  00003628    0000002c     HAL_MSP_EXP432P401R_Crystalfontz128x128_ST7735.obj (.text:HAL_LCD_writeData)
                  00003654    00000028     Crystalfontz128x128_ST7735.obj (.text:Crystalfontz128x128_ColorTranslate)
                  0000367c    00000026     msp432p4xx_driverlib.lib : timer_a_MSP432P4XX.obj (.text:Timer_A_initCompare)
                  000036a2    00000002     --HOLE-- [fill = 0]
                  000036a4    00000024                              : gpio_MSP432P4XX.obj (.text:GPIO_setAsOutputPin)
                  000036c8    00000024                              : i2c_MSP432P4XX.obj (.text:I2C_masterSendMultiByteNext)
                  000036ec    00000022     grlib.lib : context.o (.text:Graphics_initContext)
                  0000370e    00000002     --HOLE-- [fill = 0]
                  00003710    00000020     main.obj (.text:ADC14_IRQHandler)
                  00003730    00000020     HAL_I2C.obj (.text:I2C_init)
                  00003750    0000001c     HAL_I2C.obj (.text:I2C_setslave)
                  0000376c    0000001c     rtsv7M4_T_le_v4SPD16_eabi.lib : memccpy.obj (.text)
                  00003788    0000001a     grlib.lib : string.o (.text:Graphics_getNumberOfLeadingZeros)
                  000037a2    0000001a     msp432p4xx_driverlib.lib : spi_MSP432P4XX.obj (.text:SPI_enableModule)
                  000037bc    00000018                              : gpio_MSP432P4XX.obj (.text:GPIO_setOutputLowOnPin)
                  000037d4    00000018     HAL_I2C.obj (.text:Init_I2C_GPIO)
                  000037ec    00000018     rtsv7M4_T_le_v4SPD16_eabi.lib : args_main.obj (.text)
                  00003804    00000016     grlib.lib : display.o (.text:Graphics_drawHorizontalLineOnDisplay)
                  0000381a    00000016     rtsv7M4_T_le_v4SPD16_eabi.lib : strchr.obj (.text)
                  00003830    00000014     msp432p4xx_driverlib.lib : gpio_MSP432P4XX.obj (.text:GPIO_setOutputHighOnPin)
                  00003844    00000014                              : i2c_MSP432P4XX.obj (.text:I2C_isBusBusy)
                  00003858    00000014     HAL_OPT3001.obj (.text:OPT3001_init)
                  0000386c    00000014     rtsv7M4_T_le_v4SPD16_eabi.lib : _lock.obj (.text)
                  00003880    00000014                                   : s_copysign.obj (.text)
                  00003894    00000014                                   : strlen.obj (.text)
                  000038a8    00000010     msp432p4xx_driverlib.lib : i2c_MSP432P4XX.obj (.text:I2C_masterReceiveStart)
                  000038b8    0000000e     grlib.lib : display.o (.text:Graphics_drawPixelOnDisplay)
                  000038c6    0000000e               : context.o (.text:Graphics_setBackgroundColor)
                  000038d4    0000000e               : context.o (.text:Graphics_setForegroundColor)
                  000038e2    0000000e     msp432p4xx_driverlib.lib : i2c_MSP432P4XX.obj (.text:I2C_clearInterruptFlag)
                  000038f0    0000000e                              : i2c_MSP432P4XX.obj (.text:I2C_setMode)
                  000038fe    0000000e     rtsv7M4_T_le_v4SPD16_eabi.lib : copy_decompress_none.obj (.text:decompress:none)
                  0000390c    0000000c     msp432p4xx_driverlib.lib : spi_MSP432P4XX.obj (.text:EUSCI_A_SPI_enable)
                  00003918    0000000c                              : spi_MSP432P4XX.obj (.text:EUSCI_B_SPI_enable)
                  00003924    0000000c                              : i2c_MSP432P4XX.obj (.text:I2C_disableModule)
                  00003930    0000000c                              : i2c_MSP432P4XX.obj (.text:I2C_enableModule)
                  0000393c    0000000c     startup_msp432p401r_ccs.obj (.text:Reset_Handler)
                  00003948    0000000c     rtsv7M4_T_le_v4SPD16_eabi.lib : copy_zero_init.obj (.text:decompress:ZI)
                  00003954    0000000a     Crystalfontz128x128_ST7735.obj (.text:Crystalfontz128x128_Flush)
                  0000395e    0000000a     grlib.lib : context.o (.text:Graphics_clearDisplay)
                  00003968    0000000a               : display.o (.text:Graphics_clearDisplayOnDisplay)
                  00003972    0000000a               : display.o (.text:Graphics_translateColorOnDisplay)
                  0000397c    00000006     msp432p4xx_driverlib.lib : i2c_MSP432P4XX.obj (.text:I2C_getInterruptStatus)
                  00003982    00000006                              : i2c_MSP432P4XX.obj (.text:I2C_masterReceiveMultiByteNext)
                  00003988    00000004     grlib.lib : context.o (.text:Graphics_setFont)
                  0000398c    00000004     msp432p4xx_driverlib.lib : i2c_MSP432P4XX.obj (.text:I2C_setSlaveAddress)
                  00003990    00000004     rtsv7M4_T_le_v4SPD16_eabi.lib : pre_init.obj (.text)

.const     0    00003994    00000594     
                  00003994    000002f8     fontfixed6x8.obj (.const:.string:g_pucFontFixed6x8Data)
                  00003c8c    00000101     rtsv7M4_T_le_v4SPD16_eabi.lib : ctype.obj (.const:.string:_ctypes_)
                  00003d8d    00000003     --HOLE-- [fill = 0]
                  00003d90    000000c8     fontfixed6x8.obj (.const:g_sFontFixed6x8)
                  00003e58    00000030     msp432p4xx_driverlib.lib : gpio_MSP432P4XX.obj (.const:GPIO_PORT_TO_BASE)
                  00003e88    00000020     Crystalfontz128x128_ST7735.obj (.const:g_sCrystalfontz128x128_funcs)
                  00003ea8    0000001c     HAL_MSP_EXP432P401R_Crystalfontz128x128_ST7735.obj (.const:$P$T0$1)
                  00003ec4    00000018     main.obj (.const:TA1upConfig)
                  00003edc    00000018     main.obj (.const:TA2upConfig)
                  00003ef4    00000018     main.obj (.const:upConfig)
                  00003f0c    00000014     HAL_I2C.obj (.const:i2cConfig)
                  00003f20    00000008     Crystalfontz128x128_ST7735.obj (.const:$P$T0$1)

.cinit     0    00003f28    00000058     
                  00003f28    00000032     (.cinit..data.load) [load image, compression = lzss]
                  00003f5a    00000002     --HOLE-- [fill = 0]
                  00003f5c    0000000c     (__TI_handler_table)
                  00003f68    00000008     (.cinit..bss.load) [load image, compression = zero_init]
                  00003f70    00000010     (__TI_cinit_table)

.init_array 
*          0    00000000    00000000     UNINITIALIZED

.binit     0    00000000    00000000     

.data      0    20000000    00000078     UNINITIALIZED
                  20000000    0000003c     main.obj (.data)
                  2000003c    00000010     main.obj (.data:compareConfig_PWM)
                  2000004c    00000010     Crystalfontz128x128_ST7735.obj (.data:g_sCrystalfontz128x128)
                  2000005c    0000000c     rtsv7M4_T_le_v4SPD16_eabi.lib : exit.obj (.data:$O1$$)
                  20000068    00000008                                   : _lock.obj (.data:$O1$$)
                  20000070    00000004                                   : errno.obj (.data)
                  20000074    00000004                                   : stkdepth_vars.obj (.data)

.bss       0    20000078    0000002a     UNINITIALIZED
                  20000078    0000001c     (.common:g_sContext)
                  20000094    00000004     (.common:lux)
                  20000098    00000002     (.common:Lcd_ScreenHeigth)
                  2000009a    00000002     (.common:Lcd_ScreenWidth)
                  2000009c    00000002     (.common:Lcd_TouchTrim)
                  2000009e    00000001     (.common:Lcd_FlagRead)
                  2000009f    00000001     (.common:Lcd_FontSolid)
                  200000a0    00000001     (.common:Lcd_Orientation)
                  200000a1    00000001     (.common:Lcd_PenSolid)

.stack     0    2000fe00    00000200     UNINITIALIZED
                  2000fe00    00000200     --HOLE--

MODULE SUMMARY

       Module                                               code    ro data   rw data
       ------                                               ----    -------   -------
    ./
       main.obj                                             2112    72        216    
       HAL_I2C.obj                                          296     20        0      
       HAL_OPT3001.obj                                      236     0         0      
       system_msp432p401r.obj                               120     0         0      
    +--+----------------------------------------------------+-------+---------+---------+
       Total:                                               2764    92        216    
                                                                                     
    ./LcdDriver/
       Crystalfontz128x128_ST7735.obj                       1670    40        52     
       HAL_MSP_EXP432P401R_Crystalfontz128x128_ST7735.obj   212     28        0      
    +--+----------------------------------------------------+-------+---------+---------+
       Total:                                               1882    68        52     
                                                                                     
    ./ccs/
       startup_msp432p401r_ccs.obj                          14      228       0      
    +--+----------------------------------------------------+-------+---------+---------+
       Total:                                               14      228       0      
                                                                                     
    ./fonts/
       fontfixed6x8.obj                                     0       960       0      
    +--+----------------------------------------------------+-------+---------+---------+
       Total:                                               0       960       0      
                                                                                     
    /Applications/ti/ccsv7/tools/compiler/ti-cgt-arm_16.9.3.LTS/lib/rtsv7M4_T_le_v4SPD16_eabi.lib
       _printfi.obj                                         4414    0         0      
       ull_div_t2.obj                                       500     0         0      
       fd_add_t2.obj                                        438     0         0      
       fd_div_t2.obj                                        310     0         0      
       fd_cmp_t2.obj                                        268     0         0      
       ctype.obj                                            0       257       0      
       fd_mul_t2.obj                                        252     0         0      
       s_scalbn.obj                                         252     0         0      
       memcpy_t2.obj                                        156     0         0      
       memset_t2.obj                                        122     0         0      
       autoinit.obj                                         112     0         0      
       exit.obj                                             84      0         24     
       copy_decompress_lzss.obj                             104     0         0      
       s_frexp.obj                                          100     0         0      
       sprintf.obj                                          96      0         0      
       boot.obj                                             84      0         0      
       ltoa.obj                                             84      0         0      
       atoi.obj                                             76      0         0      
       cpy_tbl.obj                                          76      0         0      
       fd_toi_t2.obj                                        72      0         0      
       fs_tod_t2.obj                                        56      0         0      
       i_tofd_t2.obj                                        46      0         0      
       _lock.obj                                            20      0         16     
       memccpy.obj                                          28      0         0      
       args_main.obj                                        24      0         0      
       strchr.obj                                           22      0         0      
       s_copysign.obj                                       20      0         0      
       strlen.obj                                           20      0         0      
       copy_decompress_none.obj                             14      0         0      
       copy_zero_init.obj                                   12      0         0      
       errno.obj                                            0       0         8      
       stkdepth_vars.obj                                    0       0         8      
       pre_init.obj                                         4       0         0      
       mpu_init.obj                                         2       0         0      
       startup.obj                                          2       0         0      
    +--+----------------------------------------------------+-------+---------+---------+
       Total:                                               7870    257       56     
                                                                                     
    /Users/franmolinaca/ti/simplelink_msp432p4_sdk_1_50_00_12/source/ti/devices/msp432p4xx/driverlib/ccs/msp432p4xx_driverlib.lib
       i2c_MSP432P4XX.obj                                   446     0         0      
       spi_MSP432P4XX.obj                                   222     0         0      
       gpio_MSP432P4XX.obj                                  156     48        0      
       timer_a_MSP432P4XX.obj                               38      0         0      
    +--+----------------------------------------------------+-------+---------+---------+
       Total:                                               862     48        0      
                                                                                     
    /Users/franmolinaca/ti/simplelink_msp432p4_sdk_1_50_00_12/source/ti/grlib/ccs/grlib.lib
       string.o                                             906     0         0      
       context.o                                            76      0         0      
       line.o                                               74      0         0      
       display.o                                            56      0         0      
    +--+----------------------------------------------------+-------+---------+---------+
       Total:                                               1112    0         0      
                                                                                     
       Stack:                                               0       0         1024   
       Linker Generated:                                    0       86        0      
    +--+----------------------------------------------------+-------+---------+---------+
       Grand Total:                                         14504   1739      1348   


LINKER GENERATED COPY TABLES

__TI_cinit_table @ 00003f70 records: 2, size/record: 8, table size: 16
	.data: load addr=00003f28, load size=00000032 bytes, run addr=20000000, run size=00000078 bytes, compression=lzss
	.bss: load addr=00003f68, load size=00000008 bytes, run addr=20000078, run size=0000002a bytes, compression=zero_init


LINKER GENERATED HANDLER TABLE

__TI_handler_table @ 00003f5c records: 3, size/record: 4, table size: 12
	index: 0, handler: __TI_decompress_lzss
	index: 1, handler: __TI_decompress_none
	index: 2, handler: __TI_zero_init


GLOBAL SYMBOLS: SORTED ALPHABETICALLY BY Name 

address   name                                       
-------   ----                                       
20000000  ADC14Result                                
00003711  ADC14_IRQHandler                           
00003711  ADC14_IRQHandler                           
00001223  AES256_IRQHandler                          
00001223  BusFault_Handler                           
00003055  C$$EXIT                                    
00001223  COMP_E0_IRQHandler                         
00001223  COMP_E1_IRQHandler                         
00001223  CS_IRQHandler                              
00002381  Crystalfontz128x128_Init                   
0000224d  Crystalfontz128x128_SetDrawFrame           
00002f59  Crystalfontz128x128_SetOrientation         
00001223  DMA_ERR_IRQHandler                         
00001223  DMA_INT0_IRQHandler                        
00001223  DMA_INT1_IRQHandler                        
00001223  DMA_INT2_IRQHandler                        
00001223  DMA_INT3_IRQHandler                        
00001223  DebugMon_Handler                           
00001223  Default_Handler                            
00001223  EUSCIA0_IRQHandler                         
00001223  EUSCIA1_IRQHandler                         
00001223  EUSCIA2_IRQHandler                         
00001223  EUSCIA3_IRQHandler                         
00001223  EUSCIB0_IRQHandler                         
00001223  EUSCIB1_IRQHandler                         
00001223  EUSCIB2_IRQHandler                         
00001223  EUSCIB3_IRQHandler                         
0000390d  EUSCI_A_SPI_enable                         
00003919  EUSCI_B_SPI_enable                         
00001223  FLCTL_IRQHandler                           
00001223  FPU_IRQHandler                             
000036a5  GPIO_setAsOutputPin                        
000030fd  GPIO_setAsPeripheralModuleFunctionOutputPin
00003831  GPIO_setOutputHighOnPin                    
000037bd  GPIO_setOutputLowOnPin                     
0000395f  Graphics_clearDisplay                      
00003969  Graphics_clearDisplayOnDisplay             
00003805  Graphics_drawHorizontalLineOnDisplay       
000031e1  Graphics_drawLineH                         
000038b9  Graphics_drawPixelOnDisplay                
000016b5  Graphics_drawString                        
00003403  Graphics_drawStringCentered                
00002c9d  Graphics_getStringWidth                    
000036ed  Graphics_initContext                       
000038c7  Graphics_setBackgroundColor                
00003989  Graphics_setFont                           
000038d5  Graphics_setForegroundColor                
00003973  Graphics_translateColorOnDisplay           
000034ad  HAL_LCD_PortInit                           
00003345  HAL_LCD_SpiInit                            
0000343d  HAL_LCD_writeCommand                       
00003629  HAL_LCD_writeData                          
00001223  HardFault_Handler                          
000038e3  I2C_clearInterruptFlag                     
00003925  I2C_disableModule                          
00003931  I2C_enableModule                           
0000397d  I2C_getInterruptStatus                     
00003731  I2C_init                                   
000033c5  I2C_initMaster                             
00003845  I2C_isBusBusy                              
000034dd  I2C_masterReceiveMultiByteFinish           
00003983  I2C_masterReceiveMultiByteNext             
000038a9  I2C_masterReceiveStart                     
00002fad  I2C_masterSendMultiByteFinish              
000036c9  I2C_masterSendMultiByteNext                
00003385  I2C_masterSendMultiByteStart               
0000350d  I2C_masterSendMultiByteStop                
000028b5  I2C_read16                                 
000038f1  I2C_setMode                                
0000398d  I2C_setSlaveAddress                        
00003751  I2C_setslave                               
0000322d  I2C_write16                                
000037d5  Init_I2C_GPIO                              
2000009e  Lcd_FlagRead                               
2000009f  Lcd_FontSolid                              
200000a0  Lcd_Orientation                            
200000a1  Lcd_PenSolid                               
20000098  Lcd_ScreenHeigth                           
2000009a  Lcd_ScreenWidth                            
2000009c  Lcd_TouchTrim                              
2000000c  LedInd                                     
20000010  LedSta                                     
00001223  MemManage_Handler                          
00001223  NMI_Handler                                
000026a5  OPT3001_getLux                             
00003859  OPT3001_init                               
00001223  PCM_IRQHandler                             
00001985  PORT1_IRQHandler                           
00001985  PORT1_IRQHandler                           
00001223  PORT2_IRQHandler                           
00001223  PORT3_IRQHandler                           
00001223  PORT4_IRQHandler                           
00001223  PORT5_IRQHandler                           
00001223  PORT6_IRQHandler                           
00001223  PSS_IRQHandler                             
00001223  PendSV_Handler                             
00001223  RTC_C_IRQHandler                           
0000393d  Reset_Handler                              
20000004  S1buttonDebounce                           
20000008  S2buttonDebounce                           
UNDEFED   SHT$$INIT_ARRAY$$Base                      
UNDEFED   SHT$$INIT_ARRAY$$Limit                     
000037a3  SPI_enableModule                           
00002a4d  SPI_initMaster                             
00001223  SVC_Handler                                
00001223  SysTick_Handler                            
00002b45  SystemInit                                 
0000353d  T32_INT1_IRQHandler                        
0000353d  T32_INT1_IRQHandler                        
00001223  T32_INT2_IRQHandler                        
00001223  T32_INTC_IRQHandler                        
00001223  TA0_0_IRQHandler                           
00001223  TA0_N_IRQHandler                           
00002bbd  TA1_0_IRQHandler                           
00002bbd  TA1_0_IRQHandler                           
00001223  TA1_N_IRQHandler                           
00002d05  TA2_0_IRQHandler                           
00002d05  TA2_0_IRQHandler                           
00001223  TA2_N_IRQHandler                           
00001223  TA3_0_IRQHandler                           
00001223  TA3_N_IRQHandler                           
0000367d  Timer_A_initCompare                        
00001223  UsageFault_Handler                         
4000480c  WDTCTL_SYM                                 
00001223  WDT_A_IRQHandler                           
20010000  __STACK_END                                
00000200  __STACK_SIZE                               
00003f70  __TI_CINIT_Base                            
00003f80  __TI_CINIT_Limit                           
00003f5c  __TI_Handler_Table_Base                    
00003f68  __TI_Handler_Table_Limit                   
00002c2d  __TI_auto_init                             
2000005c  __TI_cleanup_ptr                           
00002d6d  __TI_decompress_lzss                       
000038ff  __TI_decompress_none                       
20000060  __TI_dtors_ptr                             
20000064  __TI_enable_exit_profile_output            
ffffffff  __TI_pprof_out_hndl                        
00000929  __TI_printfi                               
ffffffff  __TI_prof_data_size                        
ffffffff  __TI_prof_data_start                       
00000000  __TI_static_base__                         
00003949  __TI_zero_init                             
00002941  __aeabi_cdcmpeq                            
00002941  __aeabi_cdcmple                            
000029c7  __aeabi_cdrcmple                           
000032bd  __aeabi_d2iz                               
00001f6b  __aeabi_dadd                               
00002117  __aeabi_ddiv                               
000024ad  __aeabi_dmul                               
00001f61  __aeabi_dsub                               
00003475  __aeabi_f2d                                
000035cd  __aeabi_i2d                                
00002ac9  __aeabi_memclr                             
00002ac9  __aeabi_memclr4                            
00002ac9  __aeabi_memclr8                            
00002819  __aeabi_memcpy                             
00002819  __aeabi_memcpy4                            
00002819  __aeabi_memcpy8                            
00002acb  __aeabi_memset                             
00002acb  __aeabi_memset4                            
00002acb  __aeabi_memset8                            
00001b95  __aeabi_uldivmod                           
ffffffff  __binit__                                  
ffffffff  __c_args__                                 
00002b43  __mpu_init                                 
2000fe00  __stack                                    
000037ed  _args_main                                 
00003001  _c_int00                                   
00003c8c  _ctypes_                                   
20000068  _lock                                      
0000387b  _nop                                       
00003873  _register_lock                             
0000386d  _register_unlock                           
0000322b  _system_post_cinit                         
00003991  _system_pre_init                           
2000006c  _unlock                                    
00003059  abort                                      
00003149  atoi                                       
ffffffff  binit                                      
2000003c  compareConfig_PWM                          
00003195  copy_in                                    
00003881  copysign                                   
00003881  copysignl                                  
20000024  count                                      
20000020  counting                                   
20000038  currentColor                               
20000070  errno                                      
00003061  exit                                       
00002dd5  frexp                                      
00002dd5  frexpl                                     
20000078  g_sContext                                 
2000004c  g_sCrystalfontz128x128                     
00003e88  g_sCrystalfontz128x128_funcs               
00003d90  g_sFontFixed6x8                            
00003f0c  i2cConfig                                  
00000000  interruptVectors                           
20000014  interval                                   
000025a9  ldexp                                      
000025a9  ldexpl                                     
20000030  lightIn                                    
000030a9  ltoa                                       
20000094  lux                                        
00001225  main                                       
20000074  main_func_sp                               
0000376d  memccpy                                    
00002819  memcpy                                     
00002ad1  memset                                     
2000001c  newTick                                    
20000018  oldTick                                    
000025a9  scalbn                                     
000025a9  scalbnl                                    
00002ef9  sprintf                                    
20000034  state                                      
0000381b  strchr                                     
00003895  strlen                                     
20000028  sysTickCount                               
2000002c  taps                                       


GLOBAL SYMBOLS: SORTED BY Symbol Address 

address   name                                       
-------   ----                                       
00000000  __TI_static_base__                         
00000000  interruptVectors                           
00000200  __STACK_SIZE                               
00000929  __TI_printfi                               
00001223  AES256_IRQHandler                          
00001223  BusFault_Handler                           
00001223  COMP_E0_IRQHandler                         
00001223  COMP_E1_IRQHandler                         
00001223  CS_IRQHandler                              
00001223  DMA_ERR_IRQHandler                         
00001223  DMA_INT0_IRQHandler                        
00001223  DMA_INT1_IRQHandler                        
00001223  DMA_INT2_IRQHandler                        
00001223  DMA_INT3_IRQHandler                        
00001223  DebugMon_Handler                           
00001223  Default_Handler                            
00001223  EUSCIA0_IRQHandler                         
00001223  EUSCIA1_IRQHandler                         
00001223  EUSCIA2_IRQHandler                         
00001223  EUSCIA3_IRQHandler                         
00001223  EUSCIB0_IRQHandler                         
00001223  EUSCIB1_IRQHandler                         
00001223  EUSCIB2_IRQHandler                         
00001223  EUSCIB3_IRQHandler                         
00001223  FLCTL_IRQHandler                           
00001223  FPU_IRQHandler                             
00001223  HardFault_Handler                          
00001223  MemManage_Handler                          
00001223  NMI_Handler                                
00001223  PCM_IRQHandler                             
00001223  PORT2_IRQHandler                           
00001223  PORT3_IRQHandler                           
00001223  PORT4_IRQHandler                           
00001223  PORT5_IRQHandler                           
00001223  PORT6_IRQHandler                           
00001223  PSS_IRQHandler                             
00001223  PendSV_Handler                             
00001223  RTC_C_IRQHandler                           
00001223  SVC_Handler                                
00001223  SysTick_Handler                            
00001223  T32_INT2_IRQHandler                        
00001223  T32_INTC_IRQHandler                        
00001223  TA0_0_IRQHandler                           
00001223  TA0_N_IRQHandler                           
00001223  TA1_N_IRQHandler                           
00001223  TA2_N_IRQHandler                           
00001223  TA3_0_IRQHandler                           
00001223  TA3_N_IRQHandler                           
00001223  UsageFault_Handler                         
00001223  WDT_A_IRQHandler                           
00001225  main                                       
000016b5  Graphics_drawString                        
00001985  PORT1_IRQHandler                           
00001985  PORT1_IRQHandler                           
00001b95  __aeabi_uldivmod                           
00001f61  __aeabi_dsub                               
00001f6b  __aeabi_dadd                               
00002117  __aeabi_ddiv                               
0000224d  Crystalfontz128x128_SetDrawFrame           
00002381  Crystalfontz128x128_Init                   
000024ad  __aeabi_dmul                               
000025a9  ldexp                                      
000025a9  ldexpl                                     
000025a9  scalbn                                     
000025a9  scalbnl                                    
000026a5  OPT3001_getLux                             
00002819  __aeabi_memcpy                             
00002819  __aeabi_memcpy4                            
00002819  __aeabi_memcpy8                            
00002819  memcpy                                     
000028b5  I2C_read16                                 
00002941  __aeabi_cdcmpeq                            
00002941  __aeabi_cdcmple                            
000029c7  __aeabi_cdrcmple                           
00002a4d  SPI_initMaster                             
00002ac9  __aeabi_memclr                             
00002ac9  __aeabi_memclr4                            
00002ac9  __aeabi_memclr8                            
00002acb  __aeabi_memset                             
00002acb  __aeabi_memset4                            
00002acb  __aeabi_memset8                            
00002ad1  memset                                     
00002b43  __mpu_init                                 
00002b45  SystemInit                                 
00002bbd  TA1_0_IRQHandler                           
00002bbd  TA1_0_IRQHandler                           
00002c2d  __TI_auto_init                             
00002c9d  Graphics_getStringWidth                    
00002d05  TA2_0_IRQHandler                           
00002d05  TA2_0_IRQHandler                           
00002d6d  __TI_decompress_lzss                       
00002dd5  frexp                                      
00002dd5  frexpl                                     
00002ef9  sprintf                                    
00002f59  Crystalfontz128x128_SetOrientation         
00002fad  I2C_masterSendMultiByteFinish              
00003001  _c_int00                                   
00003055  C$$EXIT                                    
00003059  abort                                      
00003061  exit                                       
000030a9  ltoa                                       
000030fd  GPIO_setAsPeripheralModuleFunctionOutputPin
00003149  atoi                                       
00003195  copy_in                                    
000031e1  Graphics_drawLineH                         
0000322b  _system_post_cinit                         
0000322d  I2C_write16                                
000032bd  __aeabi_d2iz                               
00003345  HAL_LCD_SpiInit                            
00003385  I2C_masterSendMultiByteStart               
000033c5  I2C_initMaster                             
00003403  Graphics_drawStringCentered                
0000343d  HAL_LCD_writeCommand                       
00003475  __aeabi_f2d                                
000034ad  HAL_LCD_PortInit                           
000034dd  I2C_masterReceiveMultiByteFinish           
0000350d  I2C_masterSendMultiByteStop                
0000353d  T32_INT1_IRQHandler                        
0000353d  T32_INT1_IRQHandler                        
000035cd  __aeabi_i2d                                
00003629  HAL_LCD_writeData                          
0000367d  Timer_A_initCompare                        
000036a5  GPIO_setAsOutputPin                        
000036c9  I2C_masterSendMultiByteNext                
000036ed  Graphics_initContext                       
00003711  ADC14_IRQHandler                           
00003711  ADC14_IRQHandler                           
00003731  I2C_init                                   
00003751  I2C_setslave                               
0000376d  memccpy                                    
000037a3  SPI_enableModule                           
000037bd  GPIO_setOutputLowOnPin                     
000037d5  Init_I2C_GPIO                              
000037ed  _args_main                                 
00003805  Graphics_drawHorizontalLineOnDisplay       
0000381b  strchr                                     
00003831  GPIO_setOutputHighOnPin                    
00003845  I2C_isBusBusy                              
00003859  OPT3001_init                               
0000386d  _register_unlock                           
00003873  _register_lock                             
0000387b  _nop                                       
00003881  copysign                                   
00003881  copysignl                                  
00003895  strlen                                     
000038a9  I2C_masterReceiveStart                     
000038b9  Graphics_drawPixelOnDisplay                
000038c7  Graphics_setBackgroundColor                
000038d5  Graphics_setForegroundColor                
000038e3  I2C_clearInterruptFlag                     
000038f1  I2C_setMode                                
000038ff  __TI_decompress_none                       
0000390d  EUSCI_A_SPI_enable                         
00003919  EUSCI_B_SPI_enable                         
00003925  I2C_disableModule                          
00003931  I2C_enableModule                           
0000393d  Reset_Handler                              
00003949  __TI_zero_init                             
0000395f  Graphics_clearDisplay                      
00003969  Graphics_clearDisplayOnDisplay             
00003973  Graphics_translateColorOnDisplay           
0000397d  I2C_getInterruptStatus                     
00003983  I2C_masterReceiveMultiByteNext             
00003989  Graphics_setFont                           
0000398d  I2C_setSlaveAddress                        
00003991  _system_pre_init                           
00003c8c  _ctypes_                                   
00003d90  g_sFontFixed6x8                            
00003e88  g_sCrystalfontz128x128_funcs               
00003f0c  i2cConfig                                  
00003f5c  __TI_Handler_Table_Base                    
00003f68  __TI_Handler_Table_Limit                   
00003f70  __TI_CINIT_Base                            
00003f80  __TI_CINIT_Limit                           
20000000  ADC14Result                                
20000004  S1buttonDebounce                           
20000008  S2buttonDebounce                           
2000000c  LedInd                                     
20000010  LedSta                                     
20000014  interval                                   
20000018  oldTick                                    
2000001c  newTick                                    
20000020  counting                                   
20000024  count                                      
20000028  sysTickCount                               
2000002c  taps                                       
20000030  lightIn                                    
20000034  state                                      
20000038  currentColor                               
2000003c  compareConfig_PWM                          
2000004c  g_sCrystalfontz128x128                     
2000005c  __TI_cleanup_ptr                           
20000060  __TI_dtors_ptr                             
20000064  __TI_enable_exit_profile_output            
20000068  _lock                                      
2000006c  _unlock                                    
20000070  errno                                      
20000074  main_func_sp                               
20000078  g_sContext                                 
20000094  lux                                        
20000098  Lcd_ScreenHeigth                           
2000009a  Lcd_ScreenWidth                            
2000009c  Lcd_TouchTrim                              
2000009e  Lcd_FlagRead                               
2000009f  Lcd_FontSolid                              
200000a0  Lcd_Orientation                            
200000a1  Lcd_PenSolid                               
2000fe00  __stack                                    
20010000  __STACK_END                                
4000480c  WDTCTL_SYM                                 
ffffffff  __TI_pprof_out_hndl                        
ffffffff  __TI_prof_data_size                        
ffffffff  __TI_prof_data_start                       
ffffffff  __binit__                                  
ffffffff  __c_args__                                 
ffffffff  binit                                      
UNDEFED   SHT$$INIT_ARRAY$$Base                      
UNDEFED   SHT$$INIT_ARRAY$$Limit                     

[218 symbols]
