<?xml version="1.0"?>
<link_info>
   <banner>TI ARM Linker Unix v16.9.3.LTS</banner>
   <copyright>Copyright (c) 1996-2017 Texas Instruments Incorporated</copyright>
   <link_time>0x59c1b041</link_time>
   <link_errors>0x0</link_errors>
   <output_file>boostxl_edumkii_lightsensor_msp432p401r_MSP_EXP432P401R_nortos_ccs.out</output_file>
   <entry_point>
      <name>_c_int00</name>
      <address>0x3001</address>
   </entry_point>
   <input_file_list>
      <input_file id="fl-2">
         <path>./</path>
         <kind>object</kind>
         <file>HAL_I2C.obj</file>
         <name>HAL_I2C.obj</name>
      </input_file>
      <input_file id="fl-3">
         <path>./</path>
         <kind>object</kind>
         <file>HAL_OPT3001.obj</file>
         <name>HAL_OPT3001.obj</name>
      </input_file>
      <input_file id="fl-4">
         <path>./</path>
         <kind>object</kind>
         <file>Task.obj</file>
         <name>Task.obj</name>
      </input_file>
      <input_file id="fl-5">
         <path>./</path>
         <kind>object</kind>
         <file>main.obj</file>
         <name>main.obj</name>
      </input_file>
      <input_file id="fl-6">
         <path>./</path>
         <kind>object</kind>
         <file>system_msp432p401r.obj</file>
         <name>system_msp432p401r.obj</name>
      </input_file>
      <input_file id="fl-7">
         <path>./LcdDriver/</path>
         <kind>object</kind>
         <file>Crystalfontz128x128_ST7735.obj</file>
         <name>Crystalfontz128x128_ST7735.obj</name>
      </input_file>
      <input_file id="fl-8">
         <path>./LcdDriver/</path>
         <kind>object</kind>
         <file>HAL_MSP_EXP432P401R_Crystalfontz128x128_ST7735.obj</file>
         <name>HAL_MSP_EXP432P401R_Crystalfontz128x128_ST7735.obj</name>
      </input_file>
      <input_file id="fl-9">
         <path>./ccs/</path>
         <kind>object</kind>
         <file>startup_msp432p401r_ccs.obj</file>
         <name>startup_msp432p401r_ccs.obj</name>
      </input_file>
      <input_file id="fl-a">
         <path>./fonts/</path>
         <kind>object</kind>
         <file>fontcm12.obj</file>
         <name>fontcm12.obj</name>
      </input_file>
      <input_file id="fl-b">
         <path>./fonts/</path>
         <kind>object</kind>
         <file>fontcm12b.obj</file>
         <name>fontcm12b.obj</name>
      </input_file>
      <input_file id="fl-c">
         <path>./fonts/</path>
         <kind>object</kind>
         <file>fontcm12i.obj</file>
         <name>fontcm12i.obj</name>
      </input_file>
      <input_file id="fl-d">
         <path>./fonts/</path>
         <kind>object</kind>
         <file>fontcm14.obj</file>
         <name>fontcm14.obj</name>
      </input_file>
      <input_file id="fl-e">
         <path>./fonts/</path>
         <kind>object</kind>
         <file>fontcm14b.obj</file>
         <name>fontcm14b.obj</name>
      </input_file>
      <input_file id="fl-f">
         <path>./fonts/</path>
         <kind>object</kind>
         <file>fontcm14i.obj</file>
         <name>fontcm14i.obj</name>
      </input_file>
      <input_file id="fl-10">
         <path>./fonts/</path>
         <kind>object</kind>
         <file>fontcm16.obj</file>
         <name>fontcm16.obj</name>
      </input_file>
      <input_file id="fl-11">
         <path>./fonts/</path>
         <kind>object</kind>
         <file>fontcm16b.obj</file>
         <name>fontcm16b.obj</name>
      </input_file>
      <input_file id="fl-12">
         <path>./fonts/</path>
         <kind>object</kind>
         <file>fontcm16i.obj</file>
         <name>fontcm16i.obj</name>
      </input_file>
      <input_file id="fl-13">
         <path>./fonts/</path>
         <kind>object</kind>
         <file>fontcm18.obj</file>
         <name>fontcm18.obj</name>
      </input_file>
      <input_file id="fl-14">
         <path>./fonts/</path>
         <kind>object</kind>
         <file>fontcm18b.obj</file>
         <name>fontcm18b.obj</name>
      </input_file>
      <input_file id="fl-15">
         <path>./fonts/</path>
         <kind>object</kind>
         <file>fontcm18i.obj</file>
         <name>fontcm18i.obj</name>
      </input_file>
      <input_file id="fl-16">
         <path>./fonts/</path>
         <kind>object</kind>
         <file>fontcm20.obj</file>
         <name>fontcm20.obj</name>
      </input_file>
      <input_file id="fl-17">
         <path>./fonts/</path>
         <kind>object</kind>
         <file>fontcm20b.obj</file>
         <name>fontcm20b.obj</name>
      </input_file>
      <input_file id="fl-18">
         <path>./fonts/</path>
         <kind>object</kind>
         <file>fontcm20i.obj</file>
         <name>fontcm20i.obj</name>
      </input_file>
      <input_file id="fl-19">
         <path>./fonts/</path>
         <kind>object</kind>
         <file>fontcm22.obj</file>
         <name>fontcm22.obj</name>
      </input_file>
      <input_file id="fl-1a">
         <path>./fonts/</path>
         <kind>object</kind>
         <file>fontcm22b.obj</file>
         <name>fontcm22b.obj</name>
      </input_file>
      <input_file id="fl-1b">
         <path>./fonts/</path>
         <kind>object</kind>
         <file>fontcm22i.obj</file>
         <name>fontcm22i.obj</name>
      </input_file>
      <input_file id="fl-1c">
         <path>./fonts/</path>
         <kind>object</kind>
         <file>fontcm24.obj</file>
         <name>fontcm24.obj</name>
      </input_file>
      <input_file id="fl-1d">
         <path>./fonts/</path>
         <kind>object</kind>
         <file>fontcm24b.obj</file>
         <name>fontcm24b.obj</name>
      </input_file>
      <input_file id="fl-1e">
         <path>./fonts/</path>
         <kind>object</kind>
         <file>fontcm24i.obj</file>
         <name>fontcm24i.obj</name>
      </input_file>
      <input_file id="fl-1f">
         <path>./fonts/</path>
         <kind>object</kind>
         <file>fontcm26.obj</file>
         <name>fontcm26.obj</name>
      </input_file>
      <input_file id="fl-20">
         <path>./fonts/</path>
         <kind>object</kind>
         <file>fontcm26b.obj</file>
         <name>fontcm26b.obj</name>
      </input_file>
      <input_file id="fl-21">
         <path>./fonts/</path>
         <kind>object</kind>
         <file>fontcm26i.obj</file>
         <name>fontcm26i.obj</name>
      </input_file>
      <input_file id="fl-22">
         <path>./fonts/</path>
         <kind>object</kind>
         <file>fontcm28.obj</file>
         <name>fontcm28.obj</name>
      </input_file>
      <input_file id="fl-23">
         <path>./fonts/</path>
         <kind>object</kind>
         <file>fontcm28b.obj</file>
         <name>fontcm28b.obj</name>
      </input_file>
      <input_file id="fl-24">
         <path>./fonts/</path>
         <kind>object</kind>
         <file>fontcm28i.obj</file>
         <name>fontcm28i.obj</name>
      </input_file>
      <input_file id="fl-25">
         <path>./fonts/</path>
         <kind>object</kind>
         <file>fontcm30.obj</file>
         <name>fontcm30.obj</name>
      </input_file>
      <input_file id="fl-26">
         <path>./fonts/</path>
         <kind>object</kind>
         <file>fontcm30b.obj</file>
         <name>fontcm30b.obj</name>
      </input_file>
      <input_file id="fl-27">
         <path>./fonts/</path>
         <kind>object</kind>
         <file>fontcm30i.obj</file>
         <name>fontcm30i.obj</name>
      </input_file>
      <input_file id="fl-28">
         <path>./fonts/</path>
         <kind>object</kind>
         <file>fontcm32.obj</file>
         <name>fontcm32.obj</name>
      </input_file>
      <input_file id="fl-29">
         <path>./fonts/</path>
         <kind>object</kind>
         <file>fontcm32b.obj</file>
         <name>fontcm32b.obj</name>
      </input_file>
      <input_file id="fl-2a">
         <path>./fonts/</path>
         <kind>object</kind>
         <file>fontcm32i.obj</file>
         <name>fontcm32i.obj</name>
      </input_file>
      <input_file id="fl-2b">
         <path>./fonts/</path>
         <kind>object</kind>
         <file>fontcm34.obj</file>
         <name>fontcm34.obj</name>
      </input_file>
      <input_file id="fl-2c">
         <path>./fonts/</path>
         <kind>object</kind>
         <file>fontcm34b.obj</file>
         <name>fontcm34b.obj</name>
      </input_file>
      <input_file id="fl-2d">
         <path>./fonts/</path>
         <kind>object</kind>
         <file>fontcm34i.obj</file>
         <name>fontcm34i.obj</name>
      </input_file>
      <input_file id="fl-2e">
         <path>./fonts/</path>
         <kind>object</kind>
         <file>fontcm36.obj</file>
         <name>fontcm36.obj</name>
      </input_file>
      <input_file id="fl-2f">
         <path>./fonts/</path>
         <kind>object</kind>
         <file>fontcm36b.obj</file>
         <name>fontcm36b.obj</name>
      </input_file>
      <input_file id="fl-30">
         <path>./fonts/</path>
         <kind>object</kind>
         <file>fontcm36i.obj</file>
         <name>fontcm36i.obj</name>
      </input_file>
      <input_file id="fl-31">
         <path>./fonts/</path>
         <kind>object</kind>
         <file>fontcm38.obj</file>
         <name>fontcm38.obj</name>
      </input_file>
      <input_file id="fl-32">
         <path>./fonts/</path>
         <kind>object</kind>
         <file>fontcm38b.obj</file>
         <name>fontcm38b.obj</name>
      </input_file>
      <input_file id="fl-33">
         <path>./fonts/</path>
         <kind>object</kind>
         <file>fontcm38i.obj</file>
         <name>fontcm38i.obj</name>
      </input_file>
      <input_file id="fl-34">
         <path>./fonts/</path>
         <kind>object</kind>
         <file>fontcm40.obj</file>
         <name>fontcm40.obj</name>
      </input_file>
      <input_file id="fl-35">
         <path>./fonts/</path>
         <kind>object</kind>
         <file>fontcm40b.obj</file>
         <name>fontcm40b.obj</name>
      </input_file>
      <input_file id="fl-36">
         <path>./fonts/</path>
         <kind>object</kind>
         <file>fontcm40i.obj</file>
         <name>fontcm40i.obj</name>
      </input_file>
      <input_file id="fl-37">
         <path>./fonts/</path>
         <kind>object</kind>
         <file>fontcm42.obj</file>
         <name>fontcm42.obj</name>
      </input_file>
      <input_file id="fl-38">
         <path>./fonts/</path>
         <kind>object</kind>
         <file>fontcm42b.obj</file>
         <name>fontcm42b.obj</name>
      </input_file>
      <input_file id="fl-39">
         <path>./fonts/</path>
         <kind>object</kind>
         <file>fontcm42i.obj</file>
         <name>fontcm42i.obj</name>
      </input_file>
      <input_file id="fl-3a">
         <path>./fonts/</path>
         <kind>object</kind>
         <file>fontcm44.obj</file>
         <name>fontcm44.obj</name>
      </input_file>
      <input_file id="fl-3b">
         <path>./fonts/</path>
         <kind>object</kind>
         <file>fontcm44b.obj</file>
         <name>fontcm44b.obj</name>
      </input_file>
      <input_file id="fl-3c">
         <path>./fonts/</path>
         <kind>object</kind>
         <file>fontcm44i.obj</file>
         <name>fontcm44i.obj</name>
      </input_file>
      <input_file id="fl-3d">
         <path>./fonts/</path>
         <kind>object</kind>
         <file>fontcm46.obj</file>
         <name>fontcm46.obj</name>
      </input_file>
      <input_file id="fl-3e">
         <path>./fonts/</path>
         <kind>object</kind>
         <file>fontcm46b.obj</file>
         <name>fontcm46b.obj</name>
      </input_file>
      <input_file id="fl-3f">
         <path>./fonts/</path>
         <kind>object</kind>
         <file>fontcm46i.obj</file>
         <name>fontcm46i.obj</name>
      </input_file>
      <input_file id="fl-40">
         <path>./fonts/</path>
         <kind>object</kind>
         <file>fontcm48.obj</file>
         <name>fontcm48.obj</name>
      </input_file>
      <input_file id="fl-41">
         <path>./fonts/</path>
         <kind>object</kind>
         <file>fontcm48b.obj</file>
         <name>fontcm48b.obj</name>
      </input_file>
      <input_file id="fl-42">
         <path>./fonts/</path>
         <kind>object</kind>
         <file>fontcm48i.obj</file>
         <name>fontcm48i.obj</name>
      </input_file>
      <input_file id="fl-43">
         <path>./fonts/</path>
         <kind>object</kind>
         <file>fontcmsc12.obj</file>
         <name>fontcmsc12.obj</name>
      </input_file>
      <input_file id="fl-44">
         <path>./fonts/</path>
         <kind>object</kind>
         <file>fontcmsc14.obj</file>
         <name>fontcmsc14.obj</name>
      </input_file>
      <input_file id="fl-45">
         <path>./fonts/</path>
         <kind>object</kind>
         <file>fontcmsc16.obj</file>
         <name>fontcmsc16.obj</name>
      </input_file>
      <input_file id="fl-46">
         <path>./fonts/</path>
         <kind>object</kind>
         <file>fontcmsc18.obj</file>
         <name>fontcmsc18.obj</name>
      </input_file>
      <input_file id="fl-47">
         <path>./fonts/</path>
         <kind>object</kind>
         <file>fontcmsc20.obj</file>
         <name>fontcmsc20.obj</name>
      </input_file>
      <input_file id="fl-48">
         <path>./fonts/</path>
         <kind>object</kind>
         <file>fontcmsc22.obj</file>
         <name>fontcmsc22.obj</name>
      </input_file>
      <input_file id="fl-49">
         <path>./fonts/</path>
         <kind>object</kind>
         <file>fontcmsc24.obj</file>
         <name>fontcmsc24.obj</name>
      </input_file>
      <input_file id="fl-4a">
         <path>./fonts/</path>
         <kind>object</kind>
         <file>fontcmsc26.obj</file>
         <name>fontcmsc26.obj</name>
      </input_file>
      <input_file id="fl-4b">
         <path>./fonts/</path>
         <kind>object</kind>
         <file>fontcmsc28.obj</file>
         <name>fontcmsc28.obj</name>
      </input_file>
      <input_file id="fl-4c">
         <path>./fonts/</path>
         <kind>object</kind>
         <file>fontcmsc30.obj</file>
         <name>fontcmsc30.obj</name>
      </input_file>
      <input_file id="fl-4d">
         <path>./fonts/</path>
         <kind>object</kind>
         <file>fontcmsc32.obj</file>
         <name>fontcmsc32.obj</name>
      </input_file>
      <input_file id="fl-4e">
         <path>./fonts/</path>
         <kind>object</kind>
         <file>fontcmsc34.obj</file>
         <name>fontcmsc34.obj</name>
      </input_file>
      <input_file id="fl-4f">
         <path>./fonts/</path>
         <kind>object</kind>
         <file>fontcmsc36.obj</file>
         <name>fontcmsc36.obj</name>
      </input_file>
      <input_file id="fl-50">
         <path>./fonts/</path>
         <kind>object</kind>
         <file>fontcmsc38.obj</file>
         <name>fontcmsc38.obj</name>
      </input_file>
      <input_file id="fl-51">
         <path>./fonts/</path>
         <kind>object</kind>
         <file>fontcmsc40.obj</file>
         <name>fontcmsc40.obj</name>
      </input_file>
      <input_file id="fl-52">
         <path>./fonts/</path>
         <kind>object</kind>
         <file>fontcmsc42.obj</file>
         <name>fontcmsc42.obj</name>
      </input_file>
      <input_file id="fl-53">
         <path>./fonts/</path>
         <kind>object</kind>
         <file>fontcmsc44.obj</file>
         <name>fontcmsc44.obj</name>
      </input_file>
      <input_file id="fl-54">
         <path>./fonts/</path>
         <kind>object</kind>
         <file>fontcmsc46.obj</file>
         <name>fontcmsc46.obj</name>
      </input_file>
      <input_file id="fl-55">
         <path>./fonts/</path>
         <kind>object</kind>
         <file>fontcmsc48.obj</file>
         <name>fontcmsc48.obj</name>
      </input_file>
      <input_file id="fl-56">
         <path>./fonts/</path>
         <kind>object</kind>
         <file>fontcmss12.obj</file>
         <name>fontcmss12.obj</name>
      </input_file>
      <input_file id="fl-57">
         <path>./fonts/</path>
         <kind>object</kind>
         <file>fontcmss12b.obj</file>
         <name>fontcmss12b.obj</name>
      </input_file>
      <input_file id="fl-58">
         <path>./fonts/</path>
         <kind>object</kind>
         <file>fontcmss12i.obj</file>
         <name>fontcmss12i.obj</name>
      </input_file>
      <input_file id="fl-59">
         <path>./fonts/</path>
         <kind>object</kind>
         <file>fontcmss14.obj</file>
         <name>fontcmss14.obj</name>
      </input_file>
      <input_file id="fl-5a">
         <path>./fonts/</path>
         <kind>object</kind>
         <file>fontcmss14b.obj</file>
         <name>fontcmss14b.obj</name>
      </input_file>
      <input_file id="fl-5b">
         <path>./fonts/</path>
         <kind>object</kind>
         <file>fontcmss14i.obj</file>
         <name>fontcmss14i.obj</name>
      </input_file>
      <input_file id="fl-5c">
         <path>./fonts/</path>
         <kind>object</kind>
         <file>fontcmss16.obj</file>
         <name>fontcmss16.obj</name>
      </input_file>
      <input_file id="fl-5d">
         <path>./fonts/</path>
         <kind>object</kind>
         <file>fontcmss16b.obj</file>
         <name>fontcmss16b.obj</name>
      </input_file>
      <input_file id="fl-5e">
         <path>./fonts/</path>
         <kind>object</kind>
         <file>fontcmss16i.obj</file>
         <name>fontcmss16i.obj</name>
      </input_file>
      <input_file id="fl-5f">
         <path>./fonts/</path>
         <kind>object</kind>
         <file>fontcmss18.obj</file>
         <name>fontcmss18.obj</name>
      </input_file>
      <input_file id="fl-60">
         <path>./fonts/</path>
         <kind>object</kind>
         <file>fontcmss18b.obj</file>
         <name>fontcmss18b.obj</name>
      </input_file>
      <input_file id="fl-61">
         <path>./fonts/</path>
         <kind>object</kind>
         <file>fontcmss18i.obj</file>
         <name>fontcmss18i.obj</name>
      </input_file>
      <input_file id="fl-62">
         <path>./fonts/</path>
         <kind>object</kind>
         <file>fontcmss20.obj</file>
         <name>fontcmss20.obj</name>
      </input_file>
      <input_file id="fl-63">
         <path>./fonts/</path>
         <kind>object</kind>
         <file>fontcmss20b.obj</file>
         <name>fontcmss20b.obj</name>
      </input_file>
      <input_file id="fl-64">
         <path>./fonts/</path>
         <kind>object</kind>
         <file>fontcmss20i.obj</file>
         <name>fontcmss20i.obj</name>
      </input_file>
      <input_file id="fl-65">
         <path>./fonts/</path>
         <kind>object</kind>
         <file>fontcmss22.obj</file>
         <name>fontcmss22.obj</name>
      </input_file>
      <input_file id="fl-66">
         <path>./fonts/</path>
         <kind>object</kind>
         <file>fontcmss22b.obj</file>
         <name>fontcmss22b.obj</name>
      </input_file>
      <input_file id="fl-67">
         <path>./fonts/</path>
         <kind>object</kind>
         <file>fontcmss22i.obj</file>
         <name>fontcmss22i.obj</name>
      </input_file>
      <input_file id="fl-68">
         <path>./fonts/</path>
         <kind>object</kind>
         <file>fontcmss24.obj</file>
         <name>fontcmss24.obj</name>
      </input_file>
      <input_file id="fl-69">
         <path>./fonts/</path>
         <kind>object</kind>
         <file>fontcmss24b.obj</file>
         <name>fontcmss24b.obj</name>
      </input_file>
      <input_file id="fl-6a">
         <path>./fonts/</path>
         <kind>object</kind>
         <file>fontcmss24i.obj</file>
         <name>fontcmss24i.obj</name>
      </input_file>
      <input_file id="fl-6b">
         <path>./fonts/</path>
         <kind>object</kind>
         <file>fontcmss26.obj</file>
         <name>fontcmss26.obj</name>
      </input_file>
      <input_file id="fl-6c">
         <path>./fonts/</path>
         <kind>object</kind>
         <file>fontcmss26b.obj</file>
         <name>fontcmss26b.obj</name>
      </input_file>
      <input_file id="fl-6d">
         <path>./fonts/</path>
         <kind>object</kind>
         <file>fontcmss26i.obj</file>
         <name>fontcmss26i.obj</name>
      </input_file>
      <input_file id="fl-6e">
         <path>./fonts/</path>
         <kind>object</kind>
         <file>fontcmss28.obj</file>
         <name>fontcmss28.obj</name>
      </input_file>
      <input_file id="fl-6f">
         <path>./fonts/</path>
         <kind>object</kind>
         <file>fontcmss28b.obj</file>
         <name>fontcmss28b.obj</name>
      </input_file>
      <input_file id="fl-70">
         <path>./fonts/</path>
         <kind>object</kind>
         <file>fontcmss28i.obj</file>
         <name>fontcmss28i.obj</name>
      </input_file>
      <input_file id="fl-71">
         <path>./fonts/</path>
         <kind>object</kind>
         <file>fontcmss30.obj</file>
         <name>fontcmss30.obj</name>
      </input_file>
      <input_file id="fl-72">
         <path>./fonts/</path>
         <kind>object</kind>
         <file>fontcmss30b.obj</file>
         <name>fontcmss30b.obj</name>
      </input_file>
      <input_file id="fl-73">
         <path>./fonts/</path>
         <kind>object</kind>
         <file>fontcmss30i.obj</file>
         <name>fontcmss30i.obj</name>
      </input_file>
      <input_file id="fl-74">
         <path>./fonts/</path>
         <kind>object</kind>
         <file>fontcmss32.obj</file>
         <name>fontcmss32.obj</name>
      </input_file>
      <input_file id="fl-75">
         <path>./fonts/</path>
         <kind>object</kind>
         <file>fontcmss32b.obj</file>
         <name>fontcmss32b.obj</name>
      </input_file>
      <input_file id="fl-76">
         <path>./fonts/</path>
         <kind>object</kind>
         <file>fontcmss32i.obj</file>
         <name>fontcmss32i.obj</name>
      </input_file>
      <input_file id="fl-77">
         <path>./fonts/</path>
         <kind>object</kind>
         <file>fontcmss34.obj</file>
         <name>fontcmss34.obj</name>
      </input_file>
      <input_file id="fl-78">
         <path>./fonts/</path>
         <kind>object</kind>
         <file>fontcmss34b.obj</file>
         <name>fontcmss34b.obj</name>
      </input_file>
      <input_file id="fl-79">
         <path>./fonts/</path>
         <kind>object</kind>
         <file>fontcmss34i.obj</file>
         <name>fontcmss34i.obj</name>
      </input_file>
      <input_file id="fl-7a">
         <path>./fonts/</path>
         <kind>object</kind>
         <file>fontcmss36.obj</file>
         <name>fontcmss36.obj</name>
      </input_file>
      <input_file id="fl-7b">
         <path>./fonts/</path>
         <kind>object</kind>
         <file>fontcmss36b.obj</file>
         <name>fontcmss36b.obj</name>
      </input_file>
      <input_file id="fl-7c">
         <path>./fonts/</path>
         <kind>object</kind>
         <file>fontcmss36i.obj</file>
         <name>fontcmss36i.obj</name>
      </input_file>
      <input_file id="fl-7d">
         <path>./fonts/</path>
         <kind>object</kind>
         <file>fontcmss38.obj</file>
         <name>fontcmss38.obj</name>
      </input_file>
      <input_file id="fl-7e">
         <path>./fonts/</path>
         <kind>object</kind>
         <file>fontcmss38b.obj</file>
         <name>fontcmss38b.obj</name>
      </input_file>
      <input_file id="fl-7f">
         <path>./fonts/</path>
         <kind>object</kind>
         <file>fontcmss38i.obj</file>
         <name>fontcmss38i.obj</name>
      </input_file>
      <input_file id="fl-80">
         <path>./fonts/</path>
         <kind>object</kind>
         <file>fontcmss40.obj</file>
         <name>fontcmss40.obj</name>
      </input_file>
      <input_file id="fl-81">
         <path>./fonts/</path>
         <kind>object</kind>
         <file>fontcmss40b.obj</file>
         <name>fontcmss40b.obj</name>
      </input_file>
      <input_file id="fl-82">
         <path>./fonts/</path>
         <kind>object</kind>
         <file>fontcmss40i.obj</file>
         <name>fontcmss40i.obj</name>
      </input_file>
      <input_file id="fl-83">
         <path>./fonts/</path>
         <kind>object</kind>
         <file>fontcmss42.obj</file>
         <name>fontcmss42.obj</name>
      </input_file>
      <input_file id="fl-84">
         <path>./fonts/</path>
         <kind>object</kind>
         <file>fontcmss42b.obj</file>
         <name>fontcmss42b.obj</name>
      </input_file>
      <input_file id="fl-85">
         <path>./fonts/</path>
         <kind>object</kind>
         <file>fontcmss42i.obj</file>
         <name>fontcmss42i.obj</name>
      </input_file>
      <input_file id="fl-86">
         <path>./fonts/</path>
         <kind>object</kind>
         <file>fontcmss44.obj</file>
         <name>fontcmss44.obj</name>
      </input_file>
      <input_file id="fl-87">
         <path>./fonts/</path>
         <kind>object</kind>
         <file>fontcmss44b.obj</file>
         <name>fontcmss44b.obj</name>
      </input_file>
      <input_file id="fl-88">
         <path>./fonts/</path>
         <kind>object</kind>
         <file>fontcmss44i.obj</file>
         <name>fontcmss44i.obj</name>
      </input_file>
      <input_file id="fl-89">
         <path>./fonts/</path>
         <kind>object</kind>
         <file>fontcmss46.obj</file>
         <name>fontcmss46.obj</name>
      </input_file>
      <input_file id="fl-8a">
         <path>./fonts/</path>
         <kind>object</kind>
         <file>fontcmss46b.obj</file>
         <name>fontcmss46b.obj</name>
      </input_file>
      <input_file id="fl-8b">
         <path>./fonts/</path>
         <kind>object</kind>
         <file>fontcmss46i.obj</file>
         <name>fontcmss46i.obj</name>
      </input_file>
      <input_file id="fl-8c">
         <path>./fonts/</path>
         <kind>object</kind>
         <file>fontcmss48.obj</file>
         <name>fontcmss48.obj</name>
      </input_file>
      <input_file id="fl-8d">
         <path>./fonts/</path>
         <kind>object</kind>
         <file>fontcmss48b.obj</file>
         <name>fontcmss48b.obj</name>
      </input_file>
      <input_file id="fl-8e">
         <path>./fonts/</path>
         <kind>object</kind>
         <file>fontcmss48i.obj</file>
         <name>fontcmss48i.obj</name>
      </input_file>
      <input_file id="fl-8f">
         <path>./fonts/</path>
         <kind>object</kind>
         <file>fontcmtt12.obj</file>
         <name>fontcmtt12.obj</name>
      </input_file>
      <input_file id="fl-90">
         <path>./fonts/</path>
         <kind>object</kind>
         <file>fontcmtt14.obj</file>
         <name>fontcmtt14.obj</name>
      </input_file>
      <input_file id="fl-91">
         <path>./fonts/</path>
         <kind>object</kind>
         <file>fontcmtt16.obj</file>
         <name>fontcmtt16.obj</name>
      </input_file>
      <input_file id="fl-92">
         <path>./fonts/</path>
         <kind>object</kind>
         <file>fontcmtt18.obj</file>
         <name>fontcmtt18.obj</name>
      </input_file>
      <input_file id="fl-93">
         <path>./fonts/</path>
         <kind>object</kind>
         <file>fontcmtt20.obj</file>
         <name>fontcmtt20.obj</name>
      </input_file>
      <input_file id="fl-94">
         <path>./fonts/</path>
         <kind>object</kind>
         <file>fontcmtt22.obj</file>
         <name>fontcmtt22.obj</name>
      </input_file>
      <input_file id="fl-95">
         <path>./fonts/</path>
         <kind>object</kind>
         <file>fontcmtt24.obj</file>
         <name>fontcmtt24.obj</name>
      </input_file>
      <input_file id="fl-96">
         <path>./fonts/</path>
         <kind>object</kind>
         <file>fontcmtt26.obj</file>
         <name>fontcmtt26.obj</name>
      </input_file>
      <input_file id="fl-97">
         <path>./fonts/</path>
         <kind>object</kind>
         <file>fontcmtt28.obj</file>
         <name>fontcmtt28.obj</name>
      </input_file>
      <input_file id="fl-98">
         <path>./fonts/</path>
         <kind>object</kind>
         <file>fontcmtt30.obj</file>
         <name>fontcmtt30.obj</name>
      </input_file>
      <input_file id="fl-99">
         <path>./fonts/</path>
         <kind>object</kind>
         <file>fontcmtt32.obj</file>
         <name>fontcmtt32.obj</name>
      </input_file>
      <input_file id="fl-9a">
         <path>./fonts/</path>
         <kind>object</kind>
         <file>fontcmtt34.obj</file>
         <name>fontcmtt34.obj</name>
      </input_file>
      <input_file id="fl-9b">
         <path>./fonts/</path>
         <kind>object</kind>
         <file>fontcmtt36.obj</file>
         <name>fontcmtt36.obj</name>
      </input_file>
      <input_file id="fl-9c">
         <path>./fonts/</path>
         <kind>object</kind>
         <file>fontcmtt38.obj</file>
         <name>fontcmtt38.obj</name>
      </input_file>
      <input_file id="fl-9d">
         <path>./fonts/</path>
         <kind>object</kind>
         <file>fontcmtt40.obj</file>
         <name>fontcmtt40.obj</name>
      </input_file>
      <input_file id="fl-9e">
         <path>./fonts/</path>
         <kind>object</kind>
         <file>fontcmtt42.obj</file>
         <name>fontcmtt42.obj</name>
      </input_file>
      <input_file id="fl-9f">
         <path>./fonts/</path>
         <kind>object</kind>
         <file>fontcmtt44.obj</file>
         <name>fontcmtt44.obj</name>
      </input_file>
      <input_file id="fl-a0">
         <path>./fonts/</path>
         <kind>object</kind>
         <file>fontcmtt46.obj</file>
         <name>fontcmtt46.obj</name>
      </input_file>
      <input_file id="fl-a1">
         <path>./fonts/</path>
         <kind>object</kind>
         <file>fontcmtt48.obj</file>
         <name>fontcmtt48.obj</name>
      </input_file>
      <input_file id="fl-a2">
         <path>./fonts/</path>
         <kind>object</kind>
         <file>fontfixed6x8.obj</file>
         <name>fontfixed6x8.obj</name>
      </input_file>
      <input_file id="fl-ab">
         <kind>object</kind>
         <file>&lt;internal&gt;</file>
         <name>&lt;internal&gt;</name>
      </input_file>
      <input_file id="fl-ac">
         <path>/Users/franmolinaca/ti/simplelink_msp432p4_sdk_1_50_00_12/source/ti/grlib/ccs/</path>
         <kind>archive</kind>
         <file>grlib.lib</file>
         <name>context.o</name>
      </input_file>
      <input_file id="fl-ad">
         <path>/Users/franmolinaca/ti/simplelink_msp432p4_sdk_1_50_00_12/source/ti/grlib/ccs/</path>
         <kind>archive</kind>
         <file>grlib.lib</file>
         <name>display.o</name>
      </input_file>
      <input_file id="fl-ae">
         <path>/Users/franmolinaca/ti/simplelink_msp432p4_sdk_1_50_00_12/source/ti/grlib/ccs/</path>
         <kind>archive</kind>
         <file>grlib.lib</file>
         <name>string.o</name>
      </input_file>
      <input_file id="fl-af">
         <path>/Users/franmolinaca/ti/simplelink_msp432p4_sdk_1_50_00_12/source/ti/grlib/ccs/</path>
         <kind>archive</kind>
         <file>grlib.lib</file>
         <name>line.o</name>
      </input_file>
      <input_file id="fl-b0">
         <path>/Users/franmolinaca/ti/simplelink_msp432p4_sdk_1_50_00_12/source/ti/devices/msp432p4xx/driverlib/ccs/</path>
         <kind>archive</kind>
         <file>msp432p4xx_driverlib.lib</file>
         <name>gpio_MSP432P4XX.obj</name>
      </input_file>
      <input_file id="fl-b1">
         <path>/Users/franmolinaca/ti/simplelink_msp432p4_sdk_1_50_00_12/source/ti/devices/msp432p4xx/driverlib/ccs/</path>
         <kind>archive</kind>
         <file>msp432p4xx_driverlib.lib</file>
         <name>i2c_MSP432P4XX.obj</name>
      </input_file>
      <input_file id="fl-b2">
         <path>/Users/franmolinaca/ti/simplelink_msp432p4_sdk_1_50_00_12/source/ti/devices/msp432p4xx/driverlib/ccs/</path>
         <kind>archive</kind>
         <file>msp432p4xx_driverlib.lib</file>
         <name>interrupt_MSP432P4XX.obj</name>
      </input_file>
      <input_file id="fl-b3">
         <path>/Users/franmolinaca/ti/simplelink_msp432p4_sdk_1_50_00_12/source/ti/devices/msp432p4xx/driverlib/ccs/</path>
         <kind>archive</kind>
         <file>msp432p4xx_driverlib.lib</file>
         <name>spi_MSP432P4XX.obj</name>
      </input_file>
      <input_file id="fl-b4">
         <path>/Users/franmolinaca/ti/simplelink_msp432p4_sdk_1_50_00_12/source/ti/devices/msp432p4xx/driverlib/ccs/</path>
         <kind>archive</kind>
         <file>msp432p4xx_driverlib.lib</file>
         <name>timer_a_MSP432P4XX.obj</name>
      </input_file>
      <input_file id="fl-b5">
         <path>/Users/franmolinaca/ti/simplelink_msp432p4_sdk_1_50_00_12/source/ti/devices/msp432p4xx/driverlib/ccs/</path>
         <kind>archive</kind>
         <file>msp432p4xx_driverlib.lib</file>
         <name>cpu_MSP432P4XX.obj</name>
      </input_file>
      <input_file id="fl-16b">
         <path>/Applications/ti/ccsv7/tools/compiler/ti-cgt-arm_16.9.3.LTS/lib/</path>
         <kind>archive</kind>
         <file>rtsv7M4_T_le_v4SPD16_eabi.lib</file>
         <name>boot.obj</name>
      </input_file>
      <input_file id="fl-16c">
         <path>/Applications/ti/ccsv7/tools/compiler/ti-cgt-arm_16.9.3.LTS/lib/</path>
         <kind>archive</kind>
         <file>rtsv7M4_T_le_v4SPD16_eabi.lib</file>
         <name>copy_decompress_lzss.obj</name>
      </input_file>
      <input_file id="fl-16d">
         <path>/Applications/ti/ccsv7/tools/compiler/ti-cgt-arm_16.9.3.LTS/lib/</path>
         <kind>archive</kind>
         <file>rtsv7M4_T_le_v4SPD16_eabi.lib</file>
         <name>copy_decompress_none.obj</name>
      </input_file>
      <input_file id="fl-16e">
         <path>/Applications/ti/ccsv7/tools/compiler/ti-cgt-arm_16.9.3.LTS/lib/</path>
         <kind>archive</kind>
         <file>rtsv7M4_T_le_v4SPD16_eabi.lib</file>
         <name>copy_zero_init.obj</name>
      </input_file>
      <input_file id="fl-16f">
         <path>/Applications/ti/ccsv7/tools/compiler/ti-cgt-arm_16.9.3.LTS/lib/</path>
         <kind>archive</kind>
         <file>rtsv7M4_T_le_v4SPD16_eabi.lib</file>
         <name>exit.obj</name>
      </input_file>
      <input_file id="fl-170">
         <path>/Applications/ti/ccsv7/tools/compiler/ti-cgt-arm_16.9.3.LTS/lib/</path>
         <kind>archive</kind>
         <file>rtsv7M4_T_le_v4SPD16_eabi.lib</file>
         <name>fs_tod_t2.obj</name>
      </input_file>
      <input_file id="fl-171">
         <path>/Applications/ti/ccsv7/tools/compiler/ti-cgt-arm_16.9.3.LTS/lib/</path>
         <kind>archive</kind>
         <file>rtsv7M4_T_le_v4SPD16_eabi.lib</file>
         <name>memcpy_t2.obj</name>
      </input_file>
      <input_file id="fl-172">
         <path>/Applications/ti/ccsv7/tools/compiler/ti-cgt-arm_16.9.3.LTS/lib/</path>
         <kind>archive</kind>
         <file>rtsv7M4_T_le_v4SPD16_eabi.lib</file>
         <name>memset_t2.obj</name>
      </input_file>
      <input_file id="fl-173">
         <path>/Applications/ti/ccsv7/tools/compiler/ti-cgt-arm_16.9.3.LTS/lib/</path>
         <kind>archive</kind>
         <file>rtsv7M4_T_le_v4SPD16_eabi.lib</file>
         <name>mpu_init.obj</name>
      </input_file>
      <input_file id="fl-174">
         <path>/Applications/ti/ccsv7/tools/compiler/ti-cgt-arm_16.9.3.LTS/lib/</path>
         <kind>archive</kind>
         <file>rtsv7M4_T_le_v4SPD16_eabi.lib</file>
         <name>pre_init.obj</name>
      </input_file>
      <input_file id="fl-175">
         <path>/Applications/ti/ccsv7/tools/compiler/ti-cgt-arm_16.9.3.LTS/lib/</path>
         <kind>archive</kind>
         <file>rtsv7M4_T_le_v4SPD16_eabi.lib</file>
         <name>sprintf.obj</name>
      </input_file>
      <input_file id="fl-176">
         <path>/Applications/ti/ccsv7/tools/compiler/ti-cgt-arm_16.9.3.LTS/lib/</path>
         <kind>archive</kind>
         <file>rtsv7M4_T_le_v4SPD16_eabi.lib</file>
         <name>stkdepth_vars.obj</name>
      </input_file>
      <input_file id="fl-177">
         <path>/Applications/ti/ccsv7/tools/compiler/ti-cgt-arm_16.9.3.LTS/lib/</path>
         <kind>archive</kind>
         <file>rtsv7M4_T_le_v4SPD16_eabi.lib</file>
         <name>_lock.obj</name>
      </input_file>
      <input_file id="fl-178">
         <path>/Applications/ti/ccsv7/tools/compiler/ti-cgt-arm_16.9.3.LTS/lib/</path>
         <kind>archive</kind>
         <file>rtsv7M4_T_le_v4SPD16_eabi.lib</file>
         <name>_printfi.obj</name>
      </input_file>
      <input_file id="fl-179">
         <path>/Applications/ti/ccsv7/tools/compiler/ti-cgt-arm_16.9.3.LTS/lib/</path>
         <kind>archive</kind>
         <file>rtsv7M4_T_le_v4SPD16_eabi.lib</file>
         <name>args_main.obj</name>
      </input_file>
      <input_file id="fl-17a">
         <path>/Applications/ti/ccsv7/tools/compiler/ti-cgt-arm_16.9.3.LTS/lib/</path>
         <kind>archive</kind>
         <file>rtsv7M4_T_le_v4SPD16_eabi.lib</file>
         <name>atoi.obj</name>
      </input_file>
      <input_file id="fl-17b">
         <path>/Applications/ti/ccsv7/tools/compiler/ti-cgt-arm_16.9.3.LTS/lib/</path>
         <kind>archive</kind>
         <file>rtsv7M4_T_le_v4SPD16_eabi.lib</file>
         <name>autoinit.obj</name>
      </input_file>
      <input_file id="fl-17c">
         <path>/Applications/ti/ccsv7/tools/compiler/ti-cgt-arm_16.9.3.LTS/lib/</path>
         <kind>archive</kind>
         <file>rtsv7M4_T_le_v4SPD16_eabi.lib</file>
         <name>cpy_tbl.obj</name>
      </input_file>
      <input_file id="fl-17d">
         <path>/Applications/ti/ccsv7/tools/compiler/ti-cgt-arm_16.9.3.LTS/lib/</path>
         <kind>archive</kind>
         <file>rtsv7M4_T_le_v4SPD16_eabi.lib</file>
         <name>ctype.obj</name>
      </input_file>
      <input_file id="fl-17e">
         <path>/Applications/ti/ccsv7/tools/compiler/ti-cgt-arm_16.9.3.LTS/lib/</path>
         <kind>archive</kind>
         <file>rtsv7M4_T_le_v4SPD16_eabi.lib</file>
         <name>fd_add_t2.obj</name>
      </input_file>
      <input_file id="fl-17f">
         <path>/Applications/ti/ccsv7/tools/compiler/ti-cgt-arm_16.9.3.LTS/lib/</path>
         <kind>archive</kind>
         <file>rtsv7M4_T_le_v4SPD16_eabi.lib</file>
         <name>fd_cmp_t2.obj</name>
      </input_file>
      <input_file id="fl-180">
         <path>/Applications/ti/ccsv7/tools/compiler/ti-cgt-arm_16.9.3.LTS/lib/</path>
         <kind>archive</kind>
         <file>rtsv7M4_T_le_v4SPD16_eabi.lib</file>
         <name>fd_div_t2.obj</name>
      </input_file>
      <input_file id="fl-181">
         <path>/Applications/ti/ccsv7/tools/compiler/ti-cgt-arm_16.9.3.LTS/lib/</path>
         <kind>archive</kind>
         <file>rtsv7M4_T_le_v4SPD16_eabi.lib</file>
         <name>fd_mul_t2.obj</name>
      </input_file>
      <input_file id="fl-182">
         <path>/Applications/ti/ccsv7/tools/compiler/ti-cgt-arm_16.9.3.LTS/lib/</path>
         <kind>archive</kind>
         <file>rtsv7M4_T_le_v4SPD16_eabi.lib</file>
         <name>fd_toi_t2.obj</name>
      </input_file>
      <input_file id="fl-183">
         <path>/Applications/ti/ccsv7/tools/compiler/ti-cgt-arm_16.9.3.LTS/lib/</path>
         <kind>archive</kind>
         <file>rtsv7M4_T_le_v4SPD16_eabi.lib</file>
         <name>i_tofd_t2.obj</name>
      </input_file>
      <input_file id="fl-184">
         <path>/Applications/ti/ccsv7/tools/compiler/ti-cgt-arm_16.9.3.LTS/lib/</path>
         <kind>archive</kind>
         <file>rtsv7M4_T_le_v4SPD16_eabi.lib</file>
         <name>ltoa.obj</name>
      </input_file>
      <input_file id="fl-185">
         <path>/Applications/ti/ccsv7/tools/compiler/ti-cgt-arm_16.9.3.LTS/lib/</path>
         <kind>archive</kind>
         <file>rtsv7M4_T_le_v4SPD16_eabi.lib</file>
         <name>memccpy.obj</name>
      </input_file>
      <input_file id="fl-186">
         <path>/Applications/ti/ccsv7/tools/compiler/ti-cgt-arm_16.9.3.LTS/lib/</path>
         <kind>archive</kind>
         <file>rtsv7M4_T_le_v4SPD16_eabi.lib</file>
         <name>s_frexp.obj</name>
      </input_file>
      <input_file id="fl-187">
         <path>/Applications/ti/ccsv7/tools/compiler/ti-cgt-arm_16.9.3.LTS/lib/</path>
         <kind>archive</kind>
         <file>rtsv7M4_T_le_v4SPD16_eabi.lib</file>
         <name>s_scalbn.obj</name>
      </input_file>
      <input_file id="fl-188">
         <path>/Applications/ti/ccsv7/tools/compiler/ti-cgt-arm_16.9.3.LTS/lib/</path>
         <kind>archive</kind>
         <file>rtsv7M4_T_le_v4SPD16_eabi.lib</file>
         <name>startup.obj</name>
      </input_file>
      <input_file id="fl-189">
         <path>/Applications/ti/ccsv7/tools/compiler/ti-cgt-arm_16.9.3.LTS/lib/</path>
         <kind>archive</kind>
         <file>rtsv7M4_T_le_v4SPD16_eabi.lib</file>
         <name>strchr.obj</name>
      </input_file>
      <input_file id="fl-18a">
         <path>/Applications/ti/ccsv7/tools/compiler/ti-cgt-arm_16.9.3.LTS/lib/</path>
         <kind>archive</kind>
         <file>rtsv7M4_T_le_v4SPD16_eabi.lib</file>
         <name>strlen.obj</name>
      </input_file>
      <input_file id="fl-18b">
         <path>/Applications/ti/ccsv7/tools/compiler/ti-cgt-arm_16.9.3.LTS/lib/</path>
         <kind>archive</kind>
         <file>rtsv7M4_T_le_v4SPD16_eabi.lib</file>
         <name>ull_div_t2.obj</name>
      </input_file>
      <input_file id="fl-18c">
         <path>/Applications/ti/ccsv7/tools/compiler/ti-cgt-arm_16.9.3.LTS/lib/</path>
         <kind>archive</kind>
         <file>rtsv7M4_T_le_v4SPD16_eabi.lib</file>
         <name>errno.obj</name>
      </input_file>
      <input_file id="fl-18d">
         <path>/Applications/ti/ccsv7/tools/compiler/ti-cgt-arm_16.9.3.LTS/lib/</path>
         <kind>archive</kind>
         <file>rtsv7M4_T_le_v4SPD16_eabi.lib</file>
         <name>s_copysign.obj</name>
      </input_file>
   </input_file_list>
   <object_component_list>
      <object_component id="oc-2c">
         <name>.intvecs:retain</name>
         <load_address>0x0</load_address>
         <run_address>0x0</run_address>
         <size>0xe4</size>
         <input_file_ref idref="fl-9"/>
      </object_component>
      <object_component id="oc-23f">
         <name>.text</name>
         <load_address>0xe4</load_address>
         <run_address>0xe4</run_address>
         <size>0x113e</size>
         <input_file_ref idref="fl-178"/>
      </object_component>
      <object_component id="oc-7b">
         <name>.text:Default_Handler</name>
         <load_address>0x1222</load_address>
         <run_address>0x1222</run_address>
         <size>0x2</size>
         <input_file_ref idref="fl-9"/>
      </object_component>
      <object_component id="oc-c8">
         <name>.text:main</name>
         <load_address>0x1224</load_address>
         <run_address>0x1224</run_address>
         <size>0x490</size>
         <input_file_ref idref="fl-5"/>
      </object_component>
      <object_component id="oc-236">
         <name>.text:Graphics_drawString</name>
         <load_address>0x16b4</load_address>
         <run_address>0x16b4</run_address>
         <size>0x2d0</size>
         <input_file_ref idref="fl-ae"/>
      </object_component>
      <object_component id="oc-99">
         <name>.text:PORT1_IRQHandler</name>
         <load_address>0x1984</load_address>
         <run_address>0x1984</run_address>
         <size>0x210</size>
         <input_file_ref idref="fl-5"/>
      </object_component>
      <object_component id="oc-384">
         <name>.text</name>
         <load_address>0x1b94</load_address>
         <run_address>0x1b94</run_address>
         <size>0x1f4</size>
         <input_file_ref idref="fl-18b"/>
      </object_component>
      <object_component id="oc-2a3">
         <name>.text:Crystalfontz128x128_PixelDrawMultiple</name>
         <load_address>0x1d88</load_address>
         <run_address>0x1d88</run_address>
         <size>0x1d8</size>
         <input_file_ref idref="fl-7"/>
      </object_component>
      <object_component id="oc-3b3">
         <name>.text</name>
         <load_address>0x1f60</load_address>
         <run_address>0x1f60</run_address>
         <size>0x1b6</size>
         <input_file_ref idref="fl-17e"/>
      </object_component>
      <object_component id="oc-399">
         <name>.text</name>
         <load_address>0x2116</load_address>
         <run_address>0x2116</run_address>
         <size>0x136</size>
         <input_file_ref idref="fl-180"/>
      </object_component>
      <object_component id="oc-1d0">
         <name>.text:Crystalfontz128x128_SetDrawFrame</name>
         <load_address>0x224c</load_address>
         <run_address>0x224c</run_address>
         <size>0x134</size>
         <input_file_ref idref="fl-7"/>
      </object_component>
      <object_component id="oc-103">
         <name>.text:Crystalfontz128x128_Init</name>
         <load_address>0x2380</load_address>
         <run_address>0x2380</run_address>
         <size>0x12c</size>
         <input_file_ref idref="fl-7"/>
      </object_component>
      <object_component id="oc-394">
         <name>.text</name>
         <load_address>0x24ac</load_address>
         <run_address>0x24ac</run_address>
         <size>0xfc</size>
         <input_file_ref idref="fl-181"/>
      </object_component>
      <object_component id="oc-3be">
         <name>.text</name>
         <load_address>0x25a8</load_address>
         <run_address>0x25a8</run_address>
         <size>0xfc</size>
         <input_file_ref idref="fl-187"/>
      </object_component>
      <object_component id="oc-14b">
         <name>.text:OPT3001_getLux</name>
         <load_address>0x26a4</load_address>
         <run_address>0x26a4</run_address>
         <size>0xd8</size>
         <input_file_ref idref="fl-3"/>
      </object_component>
      <object_component id="oc-2b5">
         <name>.text:Crystalfontz128x128_RectFill</name>
         <load_address>0x277c</load_address>
         <run_address>0x277c</run_address>
         <size>0x9c</size>
         <input_file_ref idref="fl-7"/>
      </object_component>
      <object_component id="oc-3b">
         <name>.text</name>
         <load_address>0x2818</load_address>
         <run_address>0x2818</run_address>
         <size>0x9c</size>
         <input_file_ref idref="fl-171"/>
      </object_component>
      <object_component id="oc-229">
         <name>.text:I2C_read16</name>
         <load_address>0x28b4</load_address>
         <run_address>0x28b4</run_address>
         <size>0x8c</size>
         <input_file_ref idref="fl-2"/>
      </object_component>
      <object_component id="oc-38f">
         <name>.text:__aeabi_cdcmple</name>
         <load_address>0x2940</load_address>
         <run_address>0x2940</run_address>
         <size>0x86</size>
         <input_file_ref idref="fl-17f"/>
      </object_component>
      <object_component id="oc-39e">
         <name>.text:__aeabi_cdrcmple</name>
         <load_address>0x29c6</load_address>
         <run_address>0x29c6</run_address>
         <size>0x86</size>
         <input_file_ref idref="fl-17f"/>
      </object_component>
      <object_component id="oc-2e7">
         <name>.text:SPI_initMaster</name>
         <load_address>0x2a4c</load_address>
         <run_address>0x2a4c</run_address>
         <size>0x7c</size>
         <input_file_ref idref="fl-b3"/>
      </object_component>
      <object_component id="oc-47">
         <name>.text</name>
         <load_address>0x2ac8</load_address>
         <run_address>0x2ac8</run_address>
         <size>0x7a</size>
         <input_file_ref idref="fl-172"/>
      </object_component>
      <object_component id="oc-53">
         <name>.text</name>
         <load_address>0x2b42</load_address>
         <run_address>0x2b42</run_address>
         <size>0x2</size>
         <input_file_ref idref="fl-173"/>
      </object_component>
      <object_component id="oc-db">
         <name>.text:SystemInit</name>
         <load_address>0x2b44</load_address>
         <run_address>0x2b44</run_address>
         <size>0x78</size>
         <input_file_ref idref="fl-6"/>
      </object_component>
      <object_component id="oc-81">
         <name>.text:TA1_0_IRQHandler</name>
         <load_address>0x2bbc</load_address>
         <run_address>0x2bbc</run_address>
         <size>0x70</size>
         <input_file_ref idref="fl-5"/>
      </object_component>
      <object_component id="oc-5f">
         <name>.text</name>
         <load_address>0x2c2c</load_address>
         <run_address>0x2c2c</run_address>
         <size>0x70</size>
         <input_file_ref idref="fl-17b"/>
      </object_component>
      <object_component id="oc-230">
         <name>.text:Graphics_getStringWidth</name>
         <load_address>0x2c9c</load_address>
         <run_address>0x2c9c</run_address>
         <size>0x68</size>
         <input_file_ref idref="fl-ae"/>
      </object_component>
      <object_component id="oc-87">
         <name>.text:TA2_0_IRQHandler</name>
         <load_address>0x2d04</load_address>
         <run_address>0x2d04</run_address>
         <size>0x68</size>
         <input_file_ref idref="fl-5"/>
      </object_component>
      <object_component id="oc-14">
         <name>.text:decompress:lzss</name>
         <load_address>0x2d6c</load_address>
         <run_address>0x2d6c</run_address>
         <size>0x68</size>
         <input_file_ref idref="fl-16c"/>
      </object_component>
      <object_component id="oc-3b8">
         <name>.text</name>
         <load_address>0x2dd4</load_address>
         <run_address>0x2dd4</run_address>
         <size>0x64</size>
         <input_file_ref idref="fl-186"/>
      </object_component>
      <object_component id="oc-2a9">
         <name>.text:Crystalfontz128x128_LineDrawH</name>
         <load_address>0x2e38</load_address>
         <run_address>0x2e38</run_address>
         <size>0x60</size>
         <input_file_ref idref="fl-7"/>
      </object_component>
      <object_component id="oc-2af">
         <name>.text:Crystalfontz128x128_LineDrawV</name>
         <load_address>0x2e98</load_address>
         <run_address>0x2e98</run_address>
         <size>0x60</size>
         <input_file_ref idref="fl-7"/>
      </object_component>
      <object_component id="oc-15c">
         <name>.text</name>
         <load_address>0x2ef8</load_address>
         <run_address>0x2ef8</run_address>
         <size>0x60</size>
         <input_file_ref idref="fl-175"/>
      </object_component>
      <object_component id="oc-109">
         <name>.text:Crystalfontz128x128_SetOrientation</name>
         <load_address>0x2f58</load_address>
         <run_address>0x2f58</run_address>
         <size>0x54</size>
         <input_file_ref idref="fl-7"/>
      </object_component>
      <object_component id="oc-348">
         <name>.text:I2C_masterSendMultiByteFinish</name>
         <load_address>0x2fac</load_address>
         <run_address>0x2fac</run_address>
         <size>0x54</size>
         <input_file_ref idref="fl-b1"/>
      </object_component>
      <object_component id="oc-26">
         <name>.text</name>
         <load_address>0x3000</load_address>
         <run_address>0x3000</run_address>
         <size>0x54</size>
         <input_file_ref idref="fl-16b"/>
      </object_component>
      <object_component id="oc-6b">
         <name>.text</name>
         <load_address>0x3054</load_address>
         <run_address>0x3054</run_address>
         <size>0x54</size>
         <input_file_ref idref="fl-16f"/>
      </object_component>
      <object_component id="oc-3a8">
         <name>.text</name>
         <load_address>0x30a8</load_address>
         <run_address>0x30a8</run_address>
         <size>0x54</size>
         <input_file_ref idref="fl-184"/>
      </object_component>
      <object_component id="oc-1f8">
         <name>.text:GPIO_setAsPeripheralModuleFunctionOutputPin</name>
         <load_address>0x30fc</load_address>
         <run_address>0x30fc</run_address>
         <size>0x4c</size>
         <input_file_ref idref="fl-b0"/>
      </object_component>
      <object_component id="oc-3ca">
         <name>.text</name>
         <load_address>0x3148</load_address>
         <run_address>0x3148</run_address>
         <size>0x4c</size>
         <input_file_ref idref="fl-17a"/>
      </object_component>
      <object_component id="oc-ba">
         <name>.text</name>
         <load_address>0x3194</load_address>
         <run_address>0x3194</run_address>
         <size>0x4c</size>
         <input_file_ref idref="fl-17c"/>
      </object_component>
      <object_component id="oc-375">
         <name>.text:Graphics_drawLineH</name>
         <load_address>0x31e0</load_address>
         <run_address>0x31e0</run_address>
         <size>0x4a</size>
         <input_file_ref idref="fl-af"/>
      </object_component>
      <object_component id="oc-c0">
         <name>.text</name>
         <load_address>0x322a</load_address>
         <run_address>0x322a</run_address>
         <size>0x2</size>
         <input_file_ref idref="fl-188"/>
      </object_component>
      <object_component id="oc-21b">
         <name>.text:I2C_write16</name>
         <load_address>0x322c</load_address>
         <run_address>0x322c</run_address>
         <size>0x48</size>
         <input_file_ref idref="fl-2"/>
      </object_component>
      <object_component id="oc-13f">
         <name>.text:_Z18__NVIC_SetPriority4IRQnj</name>
         <load_address>0x3274</load_address>
         <run_address>0x3274</run_address>
         <size>0x48</size>
         <input_file_ref idref="fl-5"/>
      </object_component>
      <object_component id="oc-3a3">
         <name>.text</name>
         <load_address>0x32bc</load_address>
         <run_address>0x32bc</run_address>
         <size>0x48</size>
         <input_file_ref idref="fl-182"/>
      </object_component>
      <object_component id="oc-29d">
         <name>.text:Crystalfontz128x128_PixelDraw</name>
         <load_address>0x3304</load_address>
         <run_address>0x3304</run_address>
         <size>0x40</size>
         <input_file_ref idref="fl-7"/>
      </object_component>
      <object_component id="oc-1b2">
         <name>.text:HAL_LCD_SpiInit</name>
         <load_address>0x3344</load_address>
         <run_address>0x3344</run_address>
         <size>0x40</size>
         <input_file_ref idref="fl-8"/>
      </object_component>
      <object_component id="oc-33c">
         <name>.text:I2C_masterSendMultiByteStart</name>
         <load_address>0x3384</load_address>
         <run_address>0x3384</run_address>
         <size>0x40</size>
         <input_file_ref idref="fl-b1"/>
      </object_component>
      <object_component id="oc-1ff">
         <name>.text:I2C_initMaster</name>
         <load_address>0x33c4</load_address>
         <run_address>0x33c4</run_address>
         <size>0x3e</size>
         <input_file_ref idref="fl-b1"/>
      </object_component>
      <object_component id="oc-151">
         <name>.text:Graphics_drawStringCentered</name>
         <load_address>0x3402</load_address>
         <run_address>0x3402</run_address>
         <size>0x38</size>
         <input_file_ref idref="fl-ae"/>
      </object_component>
      <object_component id="oc-1c4">
         <name>.text:HAL_LCD_writeCommand</name>
         <load_address>0x343c</load_address>
         <run_address>0x343c</run_address>
         <size>0x38</size>
         <input_file_ref idref="fl-8"/>
      </object_component>
      <object_component id="oc-157">
         <name>.text</name>
         <load_address>0x3474</load_address>
         <run_address>0x3474</run_address>
         <size>0x38</size>
         <input_file_ref idref="fl-170"/>
      </object_component>
      <object_component id="oc-1ac">
         <name>.text:HAL_LCD_PortInit</name>
         <load_address>0x34ac</load_address>
         <run_address>0x34ac</run_address>
         <size>0x30</size>
         <input_file_ref idref="fl-8"/>
      </object_component>
      <object_component id="oc-367">
         <name>.text:I2C_masterReceiveMultiByteFinish</name>
         <load_address>0x34dc</load_address>
         <run_address>0x34dc</run_address>
         <size>0x30</size>
         <input_file_ref idref="fl-b1"/>
      </object_component>
      <object_component id="oc-355">
         <name>.text:I2C_masterSendMultiByteStop</name>
         <load_address>0x350c</load_address>
         <run_address>0x350c</run_address>
         <size>0x30</size>
         <input_file_ref idref="fl-b1"/>
      </object_component>
      <object_component id="oc-93">
         <name>.text:T32_INT1_IRQHandler</name>
         <load_address>0x353c</load_address>
         <run_address>0x353c</run_address>
         <size>0x30</size>
         <input_file_ref idref="fl-5"/>
      </object_component>
      <object_component id="oc-145">
         <name>.text:_Z16__NVIC_EnableIRQ4IRQn</name>
         <load_address>0x356c</load_address>
         <run_address>0x356c</run_address>
         <size>0x30</size>
         <input_file_ref idref="fl-5"/>
      </object_component>
      <object_component id="oc-407">
         <name>.text:is_A_Module</name>
         <load_address>0x359c</load_address>
         <run_address>0x359c</run_address>
         <size>0x30</size>
         <input_file_ref idref="fl-b3"/>
      </object_component>
      <object_component id="oc-3ae">
         <name>.text</name>
         <load_address>0x35cc</load_address>
         <run_address>0x35cc</run_address>
         <size>0x2e</size>
         <input_file_ref idref="fl-183"/>
      </object_component>
      <object_component id="oc-2c7">
         <name>.text:Crystalfontz128x128_ClearScreen</name>
         <load_address>0x35fc</load_address>
         <run_address>0x35fc</run_address>
         <size>0x2c</size>
         <input_file_ref idref="fl-7"/>
      </object_component>
      <object_component id="oc-1ca">
         <name>.text:HAL_LCD_writeData</name>
         <load_address>0x3628</load_address>
         <run_address>0x3628</run_address>
         <size>0x2c</size>
         <input_file_ref idref="fl-8"/>
      </object_component>
      <object_component id="oc-2bb">
         <name>.text:Crystalfontz128x128_ColorTranslate</name>
         <load_address>0x3654</load_address>
         <run_address>0x3654</run_address>
         <size>0x28</size>
         <input_file_ref idref="fl-7"/>
      </object_component>
      <object_component id="oc-162">
         <name>.text:Timer_A_initCompare</name>
         <load_address>0x367c</load_address>
         <run_address>0x367c</run_address>
         <size>0x26</size>
         <input_file_ref idref="fl-b4"/>
      </object_component>
      <object_component id="oc-2e0">
         <name>.text:GPIO_setAsOutputPin</name>
         <load_address>0x36a4</load_address>
         <run_address>0x36a4</run_address>
         <size>0x24</size>
         <input_file_ref idref="fl-b0"/>
      </object_component>
      <object_component id="oc-342">
         <name>.text:I2C_masterSendMultiByteNext</name>
         <load_address>0x36c8</load_address>
         <run_address>0x36c8</run_address>
         <size>0x24</size>
         <input_file_ref idref="fl-b1"/>
      </object_component>
      <object_component id="oc-10f">
         <name>.text:Graphics_initContext</name>
         <load_address>0x36ec</load_address>
         <run_address>0x36ec</run_address>
         <size>0x22</size>
         <input_file_ref idref="fl-ac"/>
      </object_component>
      <object_component id="oc-8d">
         <name>.text:ADC14_IRQHandler</name>
         <load_address>0x3710</load_address>
         <run_address>0x3710</run_address>
         <size>0x20</size>
         <input_file_ref idref="fl-5"/>
      </object_component>
      <object_component id="oc-133">
         <name>.text:I2C_init</name>
         <load_address>0x3730</load_address>
         <run_address>0x3730</run_address>
         <size>0x20</size>
         <input_file_ref idref="fl-2"/>
      </object_component>
      <object_component id="oc-215">
         <name>.text:I2C_setslave</name>
         <load_address>0x3750</load_address>
         <run_address>0x3750</run_address>
         <size>0x1c</size>
         <input_file_ref idref="fl-2"/>
      </object_component>
      <object_component id="oc-3d0">
         <name>.text</name>
         <load_address>0x376c</load_address>
         <run_address>0x376c</run_address>
         <size>0x1c</size>
         <input_file_ref idref="fl-185"/>
      </object_component>
      <object_component id="oc-36f">
         <name>.text:Graphics_getNumberOfLeadingZeros</name>
         <load_address>0x3788</load_address>
         <run_address>0x3788</run_address>
         <size>0x1a</size>
         <input_file_ref idref="fl-ae"/>
      </object_component>
      <object_component id="oc-2ed">
         <name>.text:SPI_enableModule</name>
         <load_address>0x37a2</load_address>
         <run_address>0x37a2</run_address>
         <size>0x1a</size>
         <input_file_ref idref="fl-b3"/>
      </object_component>
      <object_component id="oc-1b8">
         <name>.text:GPIO_setOutputLowOnPin</name>
         <load_address>0x37bc</load_address>
         <run_address>0x37bc</run_address>
         <size>0x18</size>
         <input_file_ref idref="fl-b0"/>
      </object_component>
      <object_component id="oc-12d">
         <name>.text:Init_I2C_GPIO</name>
         <load_address>0x37d4</load_address>
         <run_address>0x37d4</run_address>
         <size>0x18</size>
         <input_file_ref idref="fl-2"/>
      </object_component>
      <object_component id="oc-65">
         <name>.text</name>
         <load_address>0x37ec</load_address>
         <run_address>0x37ec</run_address>
         <size>0x18</size>
         <input_file_ref idref="fl-179"/>
      </object_component>
      <object_component id="oc-440">
         <name>.text:Graphics_drawHorizontalLineOnDisplay</name>
         <load_address>0x3804</load_address>
         <run_address>0x3804</run_address>
         <size>0x16</size>
         <input_file_ref idref="fl-ad"/>
      </object_component>
      <object_component id="oc-3c4">
         <name>.text</name>
         <load_address>0x381a</load_address>
         <run_address>0x381a</run_address>
         <size>0x16</size>
         <input_file_ref idref="fl-189"/>
      </object_component>
      <object_component id="oc-1be">
         <name>.text:GPIO_setOutputHighOnPin</name>
         <load_address>0x3830</load_address>
         <run_address>0x3830</run_address>
         <size>0x14</size>
         <input_file_ref idref="fl-b0"/>
      </object_component>
      <object_component id="oc-336">
         <name>.text:I2C_isBusBusy</name>
         <load_address>0x3844</load_address>
         <run_address>0x3844</run_address>
         <size>0x14</size>
         <input_file_ref idref="fl-b1"/>
      </object_component>
      <object_component id="oc-139">
         <name>.text:OPT3001_init</name>
         <load_address>0x3858</load_address>
         <run_address>0x3858</run_address>
         <size>0x14</size>
         <input_file_ref idref="fl-3"/>
      </object_component>
      <object_component id="oc-191">
         <name>.text</name>
         <load_address>0x386c</load_address>
         <run_address>0x386c</run_address>
         <size>0x14</size>
         <input_file_ref idref="fl-177"/>
      </object_component>
      <object_component id="oc-45c">
         <name>.text</name>
         <load_address>0x3880</load_address>
         <run_address>0x3880</run_address>
         <size>0x14</size>
         <input_file_ref idref="fl-18d"/>
      </object_component>
      <object_component id="oc-389">
         <name>.text</name>
         <load_address>0x3894</load_address>
         <run_address>0x3894</run_address>
         <size>0x14</size>
         <input_file_ref idref="fl-18a"/>
      </object_component>
      <object_component id="oc-35b">
         <name>.text:I2C_masterReceiveStart</name>
         <load_address>0x38a8</load_address>
         <run_address>0x38a8</run_address>
         <size>0x10</size>
         <input_file_ref idref="fl-b1"/>
      </object_component>
      <object_component id="oc-37b">
         <name>.text:Graphics_drawPixelOnDisplay</name>
         <load_address>0x38b8</load_address>
         <run_address>0x38b8</run_address>
         <size>0xe</size>
         <input_file_ref idref="fl-ad"/>
      </object_component>
      <object_component id="oc-11b">
         <name>.text:Graphics_setBackgroundColor</name>
         <load_address>0x38c6</load_address>
         <run_address>0x38c6</run_address>
         <size>0xe</size>
         <input_file_ref idref="fl-ac"/>
      </object_component>
      <object_component id="oc-115">
         <name>.text:Graphics_setForegroundColor</name>
         <load_address>0x38d4</load_address>
         <run_address>0x38d4</run_address>
         <size>0xe</size>
         <input_file_ref idref="fl-ac"/>
      </object_component>
      <object_component id="oc-329">
         <name>.text:I2C_clearInterruptFlag</name>
         <load_address>0x38e2</load_address>
         <run_address>0x38e2</run_address>
         <size>0xe</size>
         <input_file_ref idref="fl-b1"/>
      </object_component>
      <object_component id="oc-330">
         <name>.text:I2C_setMode</name>
         <load_address>0x38f0</load_address>
         <run_address>0x38f0</run_address>
         <size>0xe</size>
         <input_file_ref idref="fl-b1"/>
      </object_component>
      <object_component id="oc-1a">
         <name>.text:decompress:none</name>
         <load_address>0x38fe</load_address>
         <run_address>0x38fe</run_address>
         <size>0xe</size>
         <input_file_ref idref="fl-16d"/>
      </object_component>
      <object_component id="oc-415">
         <name>.text:EUSCI_A_SPI_enable</name>
         <load_address>0x390c</load_address>
         <run_address>0x390c</run_address>
         <size>0xc</size>
         <input_file_ref idref="fl-b3"/>
      </object_component>
      <object_component id="oc-40f">
         <name>.text:EUSCI_B_SPI_enable</name>
         <load_address>0x3918</load_address>
         <run_address>0x3918</run_address>
         <size>0xc</size>
         <input_file_ref idref="fl-b3"/>
      </object_component>
      <object_component id="oc-205">
         <name>.text:I2C_disableModule</name>
         <load_address>0x3924</load_address>
         <run_address>0x3924</run_address>
         <size>0xc</size>
         <input_file_ref idref="fl-b1"/>
      </object_component>
      <object_component id="oc-20b">
         <name>.text:I2C_enableModule</name>
         <load_address>0x3930</load_address>
         <run_address>0x3930</run_address>
         <size>0xc</size>
         <input_file_ref idref="fl-b1"/>
      </object_component>
      <object_component id="oc-75">
         <name>.text:Reset_Handler</name>
         <load_address>0x393c</load_address>
         <run_address>0x393c</run_address>
         <size>0xc</size>
         <input_file_ref idref="fl-9"/>
      </object_component>
      <object_component id="oc-20">
         <name>.text:decompress:ZI</name>
         <load_address>0x3948</load_address>
         <run_address>0x3948</run_address>
         <size>0xc</size>
         <input_file_ref idref="fl-16e"/>
      </object_component>
      <object_component id="oc-2c1">
         <name>.text:Crystalfontz128x128_Flush</name>
         <load_address>0x3954</load_address>
         <run_address>0x3954</run_address>
         <size>0xa</size>
         <input_file_ref idref="fl-7"/>
      </object_component>
      <object_component id="oc-127">
         <name>.text:Graphics_clearDisplay</name>
         <load_address>0x395e</load_address>
         <run_address>0x395e</run_address>
         <size>0xa</size>
         <input_file_ref idref="fl-ac"/>
      </object_component>
      <object_component id="oc-1f1">
         <name>.text:Graphics_clearDisplayOnDisplay</name>
         <load_address>0x3968</load_address>
         <run_address>0x3968</run_address>
         <size>0xa</size>
         <input_file_ref idref="fl-ad"/>
      </object_component>
      <object_component id="oc-1e8">
         <name>.text:Graphics_translateColorOnDisplay</name>
         <load_address>0x3972</load_address>
         <run_address>0x3972</run_address>
         <size>0xa</size>
         <input_file_ref idref="fl-ad"/>
      </object_component>
      <object_component id="oc-34f">
         <name>.text:I2C_getInterruptStatus</name>
         <load_address>0x397c</load_address>
         <run_address>0x397c</run_address>
         <size>0x6</size>
         <input_file_ref idref="fl-b1"/>
      </object_component>
      <object_component id="oc-361">
         <name>.text:I2C_masterReceiveMultiByteNext</name>
         <load_address>0x3982</load_address>
         <run_address>0x3982</run_address>
         <size>0x6</size>
         <input_file_ref idref="fl-b1"/>
      </object_component>
      <object_component id="oc-121">
         <name>.text:Graphics_setFont</name>
         <load_address>0x3988</load_address>
         <run_address>0x3988</run_address>
         <size>0x4</size>
         <input_file_ref idref="fl-ac"/>
      </object_component>
      <object_component id="oc-323">
         <name>.text:I2C_setSlaveAddress</name>
         <load_address>0x398c</load_address>
         <run_address>0x398c</run_address>
         <size>0x4</size>
         <input_file_ref idref="fl-b1"/>
      </object_component>
      <object_component id="oc-59">
         <name>.text</name>
         <load_address>0x3990</load_address>
         <run_address>0x3990</run_address>
         <size>0x4</size>
         <input_file_ref idref="fl-174"/>
      </object_component>
      <object_component id="oc-2cf">
         <name>.const:.string:g_pucFontFixed6x8Data</name>
         <load_address>0x3994</load_address>
         <run_address>0x3994</run_address>
         <size>0x2f8</size>
         <input_file_ref idref="fl-a2"/>
      </object_component>
      <object_component id="oc-469">
         <name>.const:.string:_ctypes_</name>
         <load_address>0x3c8c</load_address>
         <run_address>0x3c8c</run_address>
         <size>0x101</size>
         <input_file_ref idref="fl-17d"/>
      </object_component>
      <object_component id="oc-172">
         <name>.const:g_sFontFixed6x8</name>
         <load_address>0x3d90</load_address>
         <run_address>0x3d90</run_address>
         <size>0xc8</size>
         <input_file_ref idref="fl-a2"/>
      </object_component>
      <object_component id="oc-2fc">
         <name>.const:GPIO_PORT_TO_BASE</name>
         <load_address>0x3e58</load_address>
         <run_address>0x3e58</run_address>
         <size>0x30</size>
         <input_file_ref idref="fl-b0"/>
      </object_component>
      <object_component id="oc-16f">
         <name>.const:g_sCrystalfontz128x128_funcs</name>
         <load_address>0x3e88</load_address>
         <run_address>0x3e88</run_address>
         <size>0x20</size>
         <input_file_ref idref="fl-7"/>
      </object_component>
      <object_component id="oc-2f3">
         <name>.const:$P$T0$1</name>
         <load_address>0x3ea8</load_address>
         <run_address>0x3ea8</run_address>
         <size>0x1c</size>
         <input_file_ref idref="fl-8"/>
      </object_component>
      <object_component id="oc-178">
         <name>.const:TA1upConfig</name>
         <load_address>0x3ec4</load_address>
         <run_address>0x3ec4</run_address>
         <size>0x18</size>
         <input_file_ref idref="fl-5"/>
      </object_component>
      <object_component id="oc-17b">
         <name>.const:TA2upConfig</name>
         <load_address>0x3edc</load_address>
         <run_address>0x3edc</run_address>
         <size>0x18</size>
         <input_file_ref idref="fl-5"/>
      </object_component>
      <object_component id="oc-175">
         <name>.const:upConfig</name>
         <load_address>0x3ef4</load_address>
         <run_address>0x3ef4</run_address>
         <size>0x18</size>
         <input_file_ref idref="fl-5"/>
      </object_component>
      <object_component id="oc-211">
         <name>.const:i2cConfig</name>
         <load_address>0x3f0c</load_address>
         <run_address>0x3f0c</run_address>
         <size>0x14</size>
         <input_file_ref idref="fl-2"/>
      </object_component>
      <object_component id="oc-3fe">
         <name>.const:$P$T0$1</name>
         <load_address>0x3f20</load_address>
         <run_address>0x3f20</run_address>
         <size>0x8</size>
         <input_file_ref idref="fl-7"/>
      </object_component>
      <object_component id="oc-4c2">
         <name>.cinit..data.load</name>
         <load_address>0x3f28</load_address>
         <run_address>0x3f28</run_address>
         <size>0x32</size>
      </object_component>
      <object_component id="oc-4c0">
         <name>__TI_handler_table</name>
         <load_address>0x3f5c</load_address>
         <run_address>0x3f5c</run_address>
         <size>0xc</size>
      </object_component>
      <object_component id="oc-4c3">
         <name>.cinit..bss.load</name>
         <load_address>0x3f68</load_address>
         <run_address>0x3f68</run_address>
         <size>0x8</size>
      </object_component>
      <object_component id="oc-4c1">
         <name>__TI_cinit_table</name>
         <load_address>0x3f70</load_address>
         <run_address>0x3f70</run_address>
         <size>0x10</size>
      </object_component>
      <object_component id="oc-49d">
         <name>.binit</name>
         <load_address>0x0</load_address>
         <run_address>0x0</run_address>
         <size>0x0</size>
      </object_component>
      <object_component id="oc-e3">
         <name>.data</name>
         <load_address>0x20000000</load_address>
         <run_address>0x20000000</run_address>
         <size>0x3c</size>
         <input_file_ref idref="fl-5"/>
      </object_component>
      <object_component id="oc-17e">
         <name>.data:compareConfig_PWM</name>
         <load_address>0x2000003c</load_address>
         <run_address>0x2000003c</run_address>
         <size>0x10</size>
         <input_file_ref idref="fl-5"/>
      </object_component>
      <object_component id="oc-16c">
         <name>.data:g_sCrystalfontz128x128</name>
         <load_address>0x2000004c</load_address>
         <run_address>0x2000004c</run_address>
         <size>0x10</size>
         <input_file_ref idref="fl-7"/>
      </object_component>
      <object_component id="oc-d0">
         <name>.data:$O1$$</name>
         <load_address>0x2000005c</load_address>
         <run_address>0x2000005c</run_address>
         <size>0xc</size>
         <input_file_ref idref="fl-16f"/>
      </object_component>
      <object_component id="oc-71">
         <name>.data</name>
         <load_address>0x20000074</load_address>
         <run_address>0x20000074</run_address>
         <size>0x4</size>
         <input_file_ref idref="fl-176"/>
      </object_component>
      <object_component id="oc-d3">
         <name>.data:$O1$$</name>
         <load_address>0x20000068</load_address>
         <run_address>0x20000068</run_address>
         <size>0x8</size>
         <input_file_ref idref="fl-177"/>
      </object_component>
      <object_component id="oc-462">
         <name>.data</name>
         <load_address>0x20000070</load_address>
         <run_address>0x20000070</run_address>
         <size>0x4</size>
         <input_file_ref idref="fl-18c"/>
      </object_component>
      <object_component id="oc-168">
         <name>.common:g_sContext</name>
         <uninitialized>true</uninitialized>
         <run_address>0x20000078</run_address>
         <size>0x1c</size>
      </object_component>
      <object_component id="oc-181">
         <name>.common:lux</name>
         <uninitialized>true</uninitialized>
         <run_address>0x20000094</run_address>
         <size>0x4</size>
      </object_component>
      <object_component id="oc-1df">
         <name>.common:Lcd_Orientation</name>
         <uninitialized>true</uninitialized>
         <run_address>0x200000a0</run_address>
         <size>0x1</size>
      </object_component>
      <object_component id="oc-1d6">
         <name>.common:Lcd_ScreenWidth</name>
         <uninitialized>true</uninitialized>
         <run_address>0x2000009a</run_address>
         <size>0x2</size>
      </object_component>
      <object_component id="oc-1d9">
         <name>.common:Lcd_ScreenHeigth</name>
         <uninitialized>true</uninitialized>
         <run_address>0x20000098</run_address>
         <size>0x2</size>
      </object_component>
      <object_component id="oc-1da">
         <name>.common:Lcd_PenSolid</name>
         <uninitialized>true</uninitialized>
         <run_address>0x200000a1</run_address>
         <size>0x1</size>
      </object_component>
      <object_component id="oc-1db">
         <name>.common:Lcd_FontSolid</name>
         <uninitialized>true</uninitialized>
         <run_address>0x2000009f</run_address>
         <size>0x1</size>
      </object_component>
      <object_component id="oc-1dc">
         <name>.common:Lcd_FlagRead</name>
         <uninitialized>true</uninitialized>
         <run_address>0x2000009e</run_address>
         <size>0x1</size>
      </object_component>
      <object_component id="oc-1dd">
         <name>.common:Lcd_TouchTrim</name>
         <uninitialized>true</uninitialized>
         <run_address>0x2000009c</run_address>
         <size>0x2</size>
      </object_component>
      <object_component id="oc-2f">
         <name>.stack</name>
         <uninitialized>true</uninitialized>
         <run_address>0x2000fe00</run_address>
         <size>0x0</size>
         <input_file_ref idref="fl-16b"/>
      </object_component>
      <object_component id="oc-4c4">
         <name>.stack</name>
         <uninitialized>true</uninitialized>
         <run_address>0x2000fe00</run_address>
         <size>0x0</size>
      </object_component>
      <object_component id="oc-322">
         <name>.debug_info</name>
         <load_address>0x0</load_address>
         <run_address>0x0</run_address>
         <size>0x997</size>
         <input_file_ref idref="fl-2"/>
      </object_component>
      <object_component id="oc-212">
         <name>.debug_info</name>
         <load_address>0x997</load_address>
         <run_address>0x997</run_address>
         <size>0xdd</size>
         <input_file_ref idref="fl-2"/>
      </object_component>
      <object_component id="oc-12e">
         <name>.debug_info</name>
         <load_address>0xa74</load_address>
         <run_address>0xa74</run_address>
         <size>0x179</size>
         <input_file_ref idref="fl-2"/>
      </object_component>
      <object_component id="oc-134">
         <name>.debug_info</name>
         <load_address>0xbed</load_address>
         <run_address>0xbed</run_address>
         <size>0x14f</size>
         <input_file_ref idref="fl-2"/>
      </object_component>
      <object_component id="oc-22a">
         <name>.debug_info</name>
         <load_address>0xd3c</load_address>
         <run_address>0xd3c</run_address>
         <size>0x2c0</size>
         <input_file_ref idref="fl-2"/>
      </object_component>
      <object_component id="oc-21c">
         <name>.debug_info</name>
         <load_address>0xffc</load_address>
         <run_address>0xffc</run_address>
         <size>0x223</size>
         <input_file_ref idref="fl-2"/>
      </object_component>
      <object_component id="oc-216">
         <name>.debug_info</name>
         <load_address>0x121f</load_address>
         <run_address>0x121f</run_address>
         <size>0x17d</size>
         <input_file_ref idref="fl-2"/>
      </object_component>
      <object_component id="oc-427">
         <name>.debug_info</name>
         <load_address>0x139c</load_address>
         <run_address>0x139c</run_address>
[...]
         <object_component_ref idref="oc-230"/>
      </symbol>
      <symbol id="sm-4b6">
         <name>Graphics_drawLineH</name>
         <value>0x31e1</value>
         <object_component_ref idref="oc-375"/>
      </symbol>
      <symbol id="sm-4f4">
         <name>GPIO_setOutputHighOnPin</name>
         <value>0x3831</value>
         <object_component_ref idref="oc-1be"/>
      </symbol>
      <symbol id="sm-4f5">
         <name>GPIO_setAsOutputPin</name>
         <value>0x36a5</value>
         <object_component_ref idref="oc-2e0"/>
      </symbol>
      <symbol id="sm-4f6">
         <name>GPIO_setOutputLowOnPin</name>
         <value>0x37bd</value>
         <object_component_ref idref="oc-1b8"/>
      </symbol>
      <symbol id="sm-4f7">
         <name>GPIO_setAsPeripheralModuleFunctionOutputPin</name>
         <value>0x30fd</value>
         <object_component_ref idref="oc-1f8"/>
      </symbol>
      <symbol id="sm-58f">
         <name>I2C_masterSendMultiByteStop</name>
         <value>0x350d</value>
         <object_component_ref idref="oc-355"/>
      </symbol>
      <symbol id="sm-590">
         <name>I2C_masterSendMultiByteFinish</name>
         <value>0x2fad</value>
         <object_component_ref idref="oc-348"/>
      </symbol>
      <symbol id="sm-591">
         <name>I2C_masterSendMultiByteNext</name>
         <value>0x36c9</value>
         <object_component_ref idref="oc-342"/>
      </symbol>
      <symbol id="sm-592">
         <name>I2C_masterSendMultiByteStart</name>
         <value>0x3385</value>
         <object_component_ref idref="oc-33c"/>
      </symbol>
      <symbol id="sm-593">
         <name>I2C_masterReceiveMultiByteNext</name>
         <value>0x3983</value>
         <object_component_ref idref="oc-361"/>
      </symbol>
      <symbol id="sm-594">
         <name>I2C_getInterruptStatus</name>
         <value>0x397d</value>
         <object_component_ref idref="oc-34f"/>
      </symbol>
      <symbol id="sm-595">
         <name>I2C_setMode</name>
         <value>0x38f1</value>
         <object_component_ref idref="oc-330"/>
      </symbol>
      <symbol id="sm-596">
         <name>I2C_isBusBusy</name>
         <value>0x3845</value>
         <object_component_ref idref="oc-336"/>
      </symbol>
      <symbol id="sm-597">
         <name>I2C_masterReceiveMultiByteFinish</name>
         <value>0x34dd</value>
         <object_component_ref idref="oc-367"/>
      </symbol>
      <symbol id="sm-598">
         <name>I2C_enableModule</name>
         <value>0x3931</value>
         <object_component_ref idref="oc-20b"/>
      </symbol>
      <symbol id="sm-599">
         <name>I2C_masterReceiveStart</name>
         <value>0x38a9</value>
         <object_component_ref idref="oc-35b"/>
      </symbol>
      <symbol id="sm-59a">
         <name>I2C_clearInterruptFlag</name>
         <value>0x38e3</value>
         <object_component_ref idref="oc-329"/>
      </symbol>
      <symbol id="sm-59b">
         <name>I2C_setSlaveAddress</name>
         <value>0x398d</value>
         <object_component_ref idref="oc-323"/>
      </symbol>
      <symbol id="sm-59c">
         <name>I2C_initMaster</name>
         <value>0x33c5</value>
         <object_component_ref idref="oc-1ff"/>
      </symbol>
      <symbol id="sm-59d">
         <name>I2C_disableModule</name>
         <value>0x3925</value>
         <object_component_ref idref="oc-205"/>
      </symbol>
      <symbol id="sm-5d4">
         <name>EUSCI_B_SPI_enable</name>
         <value>0x3919</value>
         <object_component_ref idref="oc-40f"/>
      </symbol>
      <symbol id="sm-5d5">
         <name>SPI_enableModule</name>
         <value>0x37a3</value>
         <object_component_ref idref="oc-2ed"/>
      </symbol>
      <symbol id="sm-5d6">
         <name>EUSCI_A_SPI_enable</name>
         <value>0x390d</value>
         <object_component_ref idref="oc-415"/>
      </symbol>
      <symbol id="sm-5d7">
         <name>SPI_initMaster</name>
         <value>0x2a4d</value>
         <object_component_ref idref="oc-2e7"/>
      </symbol>
      <symbol id="sm-5e4">
         <name>Timer_A_initCompare</name>
         <value>0x367d</value>
         <object_component_ref idref="oc-162"/>
      </symbol>
      <symbol id="sm-5f6">
         <name>_c_int00</name>
         <value>0x3001</value>
         <object_component_ref idref="oc-26"/>
      </symbol>
      <symbol id="sm-5f7">
         <name>__stack</name>
         <value>0x2000fe00</value>
         <object_component_ref idref="oc-2f"/>
      </symbol>
      <symbol id="sm-615">
         <name>__TI_decompress_lzss</name>
         <value>0x2d6d</value>
         <object_component_ref idref="oc-14"/>
      </symbol>
      <symbol id="sm-62c">
         <name>__TI_decompress_none</name>
         <value>0x38ff</value>
         <object_component_ref idref="oc-1a"/>
      </symbol>
      <symbol id="sm-643">
         <name>__TI_zero_init</name>
         <value>0x3949</value>
         <object_component_ref idref="oc-20"/>
      </symbol>
      <symbol id="sm-664">
         <name>C$$EXIT</name>
         <value>0x3055</value>
         <object_component_ref idref="oc-6b"/>
      </symbol>
      <symbol id="sm-665">
         <name>abort</name>
         <value>0x3059</value>
         <object_component_ref idref="oc-6b"/>
      </symbol>
      <symbol id="sm-666">
         <name>exit</name>
         <value>0x3061</value>
         <object_component_ref idref="oc-6b"/>
      </symbol>
      <symbol id="sm-667">
         <name>__TI_dtors_ptr</name>
         <value>0x20000060</value>
         <object_component_ref idref="oc-d0"/>
      </symbol>
      <symbol id="sm-668">
         <name>__TI_cleanup_ptr</name>
         <value>0x2000005c</value>
         <object_component_ref idref="oc-d0"/>
      </symbol>
      <symbol id="sm-669">
         <name>__TI_enable_exit_profile_output</name>
         <value>0x20000064</value>
         <object_component_ref idref="oc-d0"/>
      </symbol>
      <symbol id="sm-674">
         <name>__aeabi_f2d</name>
         <value>0x3475</value>
         <object_component_ref idref="oc-157"/>
      </symbol>
      <symbol id="sm-68f">
         <name>memcpy</name>
         <value>0x2819</value>
         <object_component_ref idref="oc-3b"/>
      </symbol>
      <symbol id="sm-690">
         <name>__aeabi_memcpy</name>
         <value>0x2819</value>
         <object_component_ref idref="oc-3b"/>
      </symbol>
      <symbol id="sm-691">
         <name>__aeabi_memcpy8</name>
         <value>0x2819</value>
         <object_component_ref idref="oc-3b"/>
      </symbol>
      <symbol id="sm-692">
         <name>__aeabi_memcpy4</name>
         <value>0x2819</value>
         <object_component_ref idref="oc-3b"/>
      </symbol>
      <symbol id="sm-6a1">
         <name>__aeabi_memset</name>
         <value>0x2acb</value>
         <object_component_ref idref="oc-47"/>
      </symbol>
      <symbol id="sm-6a2">
         <name>memset</name>
         <value>0x2ad1</value>
         <object_component_ref idref="oc-47"/>
      </symbol>
      <symbol id="sm-6a3">
         <name>__aeabi_memset8</name>
         <value>0x2acb</value>
         <object_component_ref idref="oc-47"/>
      </symbol>
      <symbol id="sm-6a4">
         <name>__aeabi_memset4</name>
         <value>0x2acb</value>
         <object_component_ref idref="oc-47"/>
      </symbol>
      <symbol id="sm-6a5">
         <name>__aeabi_memclr8</name>
         <value>0x2ac9</value>
         <object_component_ref idref="oc-47"/>
      </symbol>
      <symbol id="sm-6a6">
         <name>__aeabi_memclr4</name>
         <value>0x2ac9</value>
         <object_component_ref idref="oc-47"/>
      </symbol>
      <symbol id="sm-6a7">
         <name>__aeabi_memclr</name>
         <value>0x2ac9</value>
         <object_component_ref idref="oc-47"/>
      </symbol>
      <symbol id="sm-6b1">
         <name>__mpu_init</name>
         <value>0x2b43</value>
         <object_component_ref idref="oc-53"/>
      </symbol>
      <symbol id="sm-6bb">
         <name>_system_pre_init</name>
         <value>0x3991</value>
         <object_component_ref idref="oc-59"/>
      </symbol>
      <symbol id="sm-6d9">
         <name>sprintf</name>
         <value>0x2ef9</value>
         <object_component_ref idref="oc-15c"/>
      </symbol>
      <symbol id="sm-6e1">
         <name>main_func_sp</name>
         <value>0x20000074</value>
         <object_component_ref idref="oc-71"/>
      </symbol>
      <symbol id="sm-6fa">
         <name>_nop</name>
         <value>0x387b</value>
         <object_component_ref idref="oc-191"/>
      </symbol>
      <symbol id="sm-6fb">
         <name>_lock</name>
         <value>0x20000068</value>
         <object_component_ref idref="oc-d3"/>
      </symbol>
      <symbol id="sm-6fc">
         <name>_unlock</name>
         <value>0x2000006c</value>
         <object_component_ref idref="oc-d3"/>
      </symbol>
      <symbol id="sm-6fd">
         <name>_register_lock</name>
         <value>0x3873</value>
         <object_component_ref idref="oc-191"/>
      </symbol>
      <symbol id="sm-6fe">
         <name>_register_unlock</name>
         <value>0x386d</value>
         <object_component_ref idref="oc-191"/>
      </symbol>
      <symbol id="sm-7ff">
         <name>__TI_printfi</name>
         <value>0x929</value>
         <object_component_ref idref="oc-23f"/>
      </symbol>
      <symbol id="sm-813">
         <name>_args_main</name>
         <value>0x37ed</value>
         <object_component_ref idref="oc-65"/>
      </symbol>
      <symbol id="sm-829">
         <name>atoi</name>
         <value>0x3149</value>
         <object_component_ref idref="oc-3ca"/>
      </symbol>
      <symbol id="sm-853">
         <name>__TI_auto_init</name>
         <value>0x2c2d</value>
         <object_component_ref idref="oc-5f"/>
      </symbol>
      <symbol id="sm-86d">
         <name>copy_in</name>
         <value>0x3195</value>
         <object_component_ref idref="oc-ba"/>
      </symbol>
      <symbol id="sm-878">
         <name>_ctypes_</name>
         <value>0x3c8c</value>
         <object_component_ref idref="oc-469"/>
      </symbol>
      <symbol id="sm-88f">
         <name>__aeabi_dsub</name>
         <value>0x1f61</value>
         <object_component_ref idref="oc-3b3"/>
      </symbol>
      <symbol id="sm-890">
         <name>__aeabi_dadd</name>
         <value>0x1f6b</value>
         <object_component_ref idref="oc-3b3"/>
      </symbol>
      <symbol id="sm-8b2">
         <name>__aeabi_cdcmpeq</name>
         <value>0x2941</value>
         <object_component_ref idref="oc-38f"/>
      </symbol>
      <symbol id="sm-8b3">
         <name>__aeabi_cdcmple</name>
         <value>0x2941</value>
         <object_component_ref idref="oc-38f"/>
      </symbol>
      <symbol id="sm-8b4">
         <name>__aeabi_cdrcmple</name>
         <value>0x29c7</value>
         <object_component_ref idref="oc-39e"/>
      </symbol>
      <symbol id="sm-8c8">
         <name>__aeabi_ddiv</name>
         <value>0x2117</value>
         <object_component_ref idref="oc-399"/>
      </symbol>
      <symbol id="sm-8d3">
         <name>__aeabi_dmul</name>
         <value>0x24ad</value>
         <object_component_ref idref="oc-394"/>
      </symbol>
      <symbol id="sm-8dd">
         <name>__aeabi_d2iz</name>
         <value>0x32bd</value>
         <object_component_ref idref="oc-3a3"/>
      </symbol>
      <symbol id="sm-8e7">
         <name>__aeabi_i2d</name>
         <value>0x35cd</value>
         <object_component_ref idref="oc-3ae"/>
      </symbol>
      <symbol id="sm-8f6">
         <name>ltoa</name>
         <value>0x30a9</value>
         <object_component_ref idref="oc-3a8"/>
      </symbol>
      <symbol id="sm-906">
         <name>memccpy</name>
         <value>0x376d</value>
         <object_component_ref idref="oc-3d0"/>
      </symbol>
      <symbol id="sm-921">
         <name>frexpl</name>
         <value>0x2dd5</value>
         <object_component_ref idref="oc-3b8"/>
      </symbol>
      <symbol id="sm-922">
         <name>frexp</name>
         <value>0x2dd5</value>
         <object_component_ref idref="oc-3b8"/>
      </symbol>
      <symbol id="sm-93f">
         <name>scalbn</name>
         <value>0x25a9</value>
         <object_component_ref idref="oc-3be"/>
      </symbol>
      <symbol id="sm-940">
         <name>scalbnl</name>
         <value>0x25a9</value>
         <object_component_ref idref="oc-3be"/>
      </symbol>
      <symbol id="sm-941">
         <name>ldexpl</name>
         <value>0x25a9</value>
         <object_component_ref idref="oc-3be"/>
      </symbol>
      <symbol id="sm-942">
         <name>ldexp</name>
         <value>0x25a9</value>
         <object_component_ref idref="oc-3be"/>
      </symbol>
      <symbol id="sm-94c">
         <name>_system_post_cinit</name>
         <value>0x322b</value>
         <object_component_ref idref="oc-c0"/>
      </symbol>
      <symbol id="sm-95c">
         <name>strchr</name>
         <value>0x381b</value>
         <object_component_ref idref="oc-3c4"/>
      </symbol>
      <symbol id="sm-96a">
         <name>strlen</name>
         <value>0x3895</value>
         <object_component_ref idref="oc-389"/>
      </symbol>
      <symbol id="sm-986">
         <name>__aeabi_uldivmod</name>
         <value>0x1b95</value>
         <object_component_ref idref="oc-384"/>
      </symbol>
      <symbol id="sm-98e">
         <name>errno</name>
         <value>0x20000070</value>
         <object_component_ref idref="oc-462"/>
      </symbol>
      <symbol id="sm-998">
         <name>copysign</name>
         <value>0x3881</value>
         <object_component_ref idref="oc-45c"/>
      </symbol>
      <symbol id="sm-999">
         <name>copysignl</name>
         <value>0x3881</value>
         <object_component_ref idref="oc-45c"/>
      </symbol>
      <symbol id="sm-99a">
         <name>__TI_static_base__</name>
         <value>0x0</value>
      </symbol>
      <symbol id="sm-99d">
         <name>SHT$$INIT_ARRAY$$Limit</name>
         <value>0x0</value>
      </symbol>
      <symbol id="sm-99e">
         <name>SHT$$INIT_ARRAY$$Base</name>
         <value>0x0</value>
      </symbol>
      <symbol id="sm-99f">
         <name>NMI_Handler</name>
         <value>0x1223</value>
      </symbol>
      <symbol id="sm-9a0">
         <name>HardFault_Handler</name>
         <value>0x1223</value>
      </symbol>
      <symbol id="sm-9a1">
         <name>MemManage_Handler</name>
         <value>0x1223</value>
      </symbol>
      <symbol id="sm-9a2">
         <name>BusFault_Handler</name>
         <value>0x1223</value>
      </symbol>
      <symbol id="sm-9a3">
         <name>UsageFault_Handler</name>
         <value>0x1223</value>
      </symbol>
      <symbol id="sm-9a4">
         <name>SVC_Handler</name>
         <value>0x1223</value>
      </symbol>
      <symbol id="sm-9a5">
         <name>DebugMon_Handler</name>
         <value>0x1223</value>
      </symbol>
      <symbol id="sm-9a6">
         <name>PendSV_Handler</name>
         <value>0x1223</value>
      </symbol>
      <symbol id="sm-9a7">
         <name>SysTick_Handler</name>
         <value>0x1223</value>
      </symbol>
      <symbol id="sm-9a8">
         <name>PSS_IRQHandler</name>
         <value>0x1223</value>
      </symbol>
      <symbol id="sm-9a9">
         <name>CS_IRQHandler</name>
         <value>0x1223</value>
      </symbol>
      <symbol id="sm-9aa">
         <name>PCM_IRQHandler</name>
         <value>0x1223</value>
      </symbol>
      <symbol id="sm-9ab">
         <name>WDT_A_IRQHandler</name>
         <value>0x1223</value>
      </symbol>
      <symbol id="sm-9ac">
         <name>FPU_IRQHandler</name>
         <value>0x1223</value>
      </symbol>
      <symbol id="sm-9ad">
         <name>FLCTL_IRQHandler</name>
         <value>0x1223</value>
      </symbol>
      <symbol id="sm-9ae">
         <name>COMP_E0_IRQHandler</name>
         <value>0x1223</value>
      </symbol>
      <symbol id="sm-9af">
         <name>COMP_E1_IRQHandler</name>
         <value>0x1223</value>
      </symbol>
      <symbol id="sm-9b0">
         <name>TA0_0_IRQHandler</name>
         <value>0x1223</value>
      </symbol>
      <symbol id="sm-9b1">
         <name>TA0_N_IRQHandler</name>
         <value>0x1223</value>
      </symbol>
      <symbol id="sm-9b2">
         <name>TA1_0_IRQHandler</name>
         <value>0x2bbd</value>
      </symbol>
      <symbol id="sm-9b3">
         <name>TA1_N_IRQHandler</name>
         <value>0x1223</value>
      </symbol>
      <symbol id="sm-9b4">
         <name>TA2_0_IRQHandler</name>
         <value>0x2d05</value>
      </symbol>
      <symbol id="sm-9b5">
         <name>TA2_N_IRQHandler</name>
         <value>0x1223</value>
      </symbol>
      <symbol id="sm-9b6">
         <name>TA3_0_IRQHandler</name>
         <value>0x1223</value>
      </symbol>
      <symbol id="sm-9b7">
         <name>TA3_N_IRQHandler</name>
         <value>0x1223</value>
      </symbol>
      <symbol id="sm-9b8">
         <name>EUSCIA0_IRQHandler</name>
         <value>0x1223</value>
      </symbol>
      <symbol id="sm-9b9">
         <name>EUSCIA1_IRQHandler</name>
         <value>0x1223</value>
      </symbol>
      <symbol id="sm-9ba">
         <name>EUSCIA2_IRQHandler</name>
         <value>0x1223</value>
      </symbol>
      <symbol id="sm-9bb">
         <name>EUSCIA3_IRQHandler</name>
         <value>0x1223</value>
      </symbol>
      <symbol id="sm-9bc">
         <name>EUSCIB0_IRQHandler</name>
         <value>0x1223</value>
      </symbol>
      <symbol id="sm-9bd">
         <name>EUSCIB1_IRQHandler</name>
         <value>0x1223</value>
      </symbol>
      <symbol id="sm-9be">
         <name>EUSCIB2_IRQHandler</name>
         <value>0x1223</value>
      </symbol>
      <symbol id="sm-9bf">
         <name>EUSCIB3_IRQHandler</name>
         <value>0x1223</value>
      </symbol>
      <symbol id="sm-9c0">
         <name>ADC14_IRQHandler</name>
         <value>0x3711</value>
      </symbol>
      <symbol id="sm-9c1">
         <name>T32_INT1_IRQHandler</name>
         <value>0x353d</value>
      </symbol>
      <symbol id="sm-9c2">
         <name>T32_INT2_IRQHandler</name>
         <value>0x1223</value>
      </symbol>
      <symbol id="sm-9c3">
         <name>T32_INTC_IRQHandler</name>
         <value>0x1223</value>
      </symbol>
      <symbol id="sm-9c4">
         <name>AES256_IRQHandler</name>
         <value>0x1223</value>
      </symbol>
      <symbol id="sm-9c5">
         <name>RTC_C_IRQHandler</name>
         <value>0x1223</value>
      </symbol>
      <symbol id="sm-9c6">
         <name>DMA_ERR_IRQHandler</name>
         <value>0x1223</value>
      </symbol>
      <symbol id="sm-9c7">
         <name>DMA_INT3_IRQHandler</name>
         <value>0x1223</value>
      </symbol>
      <symbol id="sm-9c8">
         <name>DMA_INT2_IRQHandler</name>
         <value>0x1223</value>
      </symbol>
      <symbol id="sm-9c9">
         <name>DMA_INT1_IRQHandler</name>
         <value>0x1223</value>
      </symbol>
      <symbol id="sm-9ca">
         <name>DMA_INT0_IRQHandler</name>
         <value>0x1223</value>
      </symbol>
      <symbol id="sm-9cb">
         <name>PORT1_IRQHandler</name>
         <value>0x1985</value>
      </symbol>
      <symbol id="sm-9cc">
         <name>PORT2_IRQHandler</name>
         <value>0x1223</value>
      </symbol>
      <symbol id="sm-9cd">
         <name>PORT3_IRQHandler</name>
         <value>0x1223</value>
      </symbol>
      <symbol id="sm-9ce">
         <name>PORT4_IRQHandler</name>
         <value>0x1223</value>
      </symbol>
      <symbol id="sm-9cf">
         <name>PORT5_IRQHandler</name>
         <value>0x1223</value>
      </symbol>
      <symbol id="sm-9d0">
         <name>PORT6_IRQHandler</name>
         <value>0x1223</value>
      </symbol>
   </symbol_table>
   <title>Link successful</title>
</link_info>
