******************************************************************************
                  TI ARM Linker Unix v16.9.3                   
******************************************************************************
>> Linked Wed Sep 20 20:16:19 2017

OUTPUT FILE NAME:   <boostxl_edumkii_lightsensor_msp432p401r_MSP_EXP432P401R_nortos_ccs.out>
ENTRY POINT SYMBOL: "_c_int00"  address: 00003339


MEMORY CONFIGURATION

         name            origin    length      used     unused   attr    fill
----------------------  --------  ---------  --------  --------  ----  --------
  MAIN                  00000000   00040000  000042b0  0003bd50  R  X
  INFO                  00200000   00004000  00000000  00004000  R  X
  SRAM_CODE             01000000   00010000  000003ca  0000fc36  RW X
  SRAM_DATA             20000000   00010000  000003ca  0000fc36  RW  


SEGMENT ALLOCATION MAP

run origin  load origin   length   init length attrs members
----------  ----------- ---------- ----------- ----- -------
00000000    00000000    000042b0   000042b0    r-x
  00000000    00000000    000000e4   000000e4    r-- .intvecs
  000000e4    000000e4    00003bd4   00003bd4    r-x .text
  00003cb8    00003cb8    00000594   00000594    r-- .const
  0000424c    0000424c    00000004   00000004    r-- .init_array
  00004250    00004250    00000060   00000060    r-- .cinit
20000000    20000000    000001ca   00000000    rw-
  20000000    20000000    00000188   00000000    rw- .data
  20000188    20000188    00000042   00000000    rw- .bss
2000fe00    2000fe00    00000200   00000000    rw-
  2000fe00    2000fe00    00000200   00000000    rw- .stack


SECTION ALLOCATION MAP

 output                                  attributes/
section   page    origin      length       input sections
--------  ----  ----------  ----------   ----------------
.intvecs   0    00000000    000000e4     
                  00000000    000000e4     startup_msp432p401r_ccs.obj (.intvecs:retain)

.binit     0    00000000    00000000     

.text      0    000000e4    00003bd4     
                  000000e4    0000113e     rtsv7M4_T_le_v4SPD16_eabi.lib : _printfi.obj (.text)
                  00001222    000002d0     grlib.lib : string.o (.text:Graphics_drawString)
                  000014f2    00000002     startup_msp432p401r_ccs.obj (.text:Default_Handler)
                  000014f4    00000278     main.obj (.text:_Z16configEverythingv)
                  0000176c    000001f4     rtsv7M4_T_le_v4SPD16_eabi.lib : ull_div_t2.obj (.text)
                  00001960    000001e4     main.obj (.text:main)
                  00001b44    000001d8     Crystalfontz128x128_ST7735.obj (.text:Crystalfontz128x128_PixelDrawMultiple)
                  00001d1c    000001b6     rtsv7M4_T_le_v4SPD16_eabi.lib : fd_add_t2.obj (.text)
                  00001ed2    00000002                                   : mpu_init.obj (.text)
                  00001ed4    00000170     main.obj (.text:TA2_0_IRQHandler)
                  00002044    00000150     main.obj (.text:PORT1_IRQHandler)
                  00002194    00000148     main.obj (.text:_Z7printONv)
                  000022dc    00000136     rtsv7M4_T_le_v4SPD16_eabi.lib : fd_div_t2.obj (.text)
                  00002412    00000002                                   : startup.obj (.text)
                  00002414    00000134     Crystalfontz128x128_ST7735.obj (.text:Crystalfontz128x128_SetDrawFrame)
                  00002548    0000012c     Crystalfontz128x128_ST7735.obj (.text:Crystalfontz128x128_Init)
                  00002674    000000fc     main.obj (.text:_Z8printOFFv)
                  00002770    000000fc     rtsv7M4_T_le_v4SPD16_eabi.lib : fd_mul_t2.obj (.text)
                  0000286c    000000fc                                   : s_scalbn.obj (.text)
                  00002968    000000dc     main.obj (.text:_Z7blinkssv)
                  00002a44    000000d8     HAL_OPT3001.obj (.text:OPT3001_getLux)
                  00002b1c    0000009c     Crystalfontz128x128_ST7735.obj (.text:Crystalfontz128x128_RectFill)
                  00002bb8    0000009c     rtsv7M4_T_le_v4SPD16_eabi.lib : memcpy_t2.obj (.text)
                  00002c54    0000008c     HAL_I2C.obj (.text:I2C_read16)
                  00002ce0    00000086     rtsv7M4_T_le_v4SPD16_eabi.lib : fd_cmp_t2.obj (.text:__aeabi_cdcmple)
                  00002d66    00000086                                   : fd_cmp_t2.obj (.text:__aeabi_cdrcmple)
                  00002dec    0000007c     msp432p4xx_driverlib.lib : spi_MSP432P4XX.obj (.text:SPI_initMaster)
                  00002e68    0000007a     rtsv7M4_T_le_v4SPD16_eabi.lib : memset_t2.obj (.text)
                  00002ee2    00000002     --HOLE-- [fill = 0]
                  00002ee4    00000078     system_msp432p401r.obj (.text:SystemInit)
                  00002f5c    00000070     main.obj (.text:TA1_0_IRQHandler)
                  00002fcc    00000070     rtsv7M4_T_le_v4SPD16_eabi.lib : autoinit.obj (.text)
                  0000303c    00000068     grlib.lib : string.o (.text:Graphics_getStringWidth)
                  000030a4    00000068     rtsv7M4_T_le_v4SPD16_eabi.lib : copy_decompress_lzss.obj (.text:decompress:lzss)
                  0000310c    00000064                                   : s_frexp.obj (.text)
                  00003170    00000060     Crystalfontz128x128_ST7735.obj (.text:Crystalfontz128x128_LineDrawH)
                  000031d0    00000060     Crystalfontz128x128_ST7735.obj (.text:Crystalfontz128x128_LineDrawV)
                  00003230    00000060     rtsv7M4_T_le_v4SPD16_eabi.lib : sprintf.obj (.text)
                  00003290    00000054     Crystalfontz128x128_ST7735.obj (.text:Crystalfontz128x128_SetOrientation)
                  000032e4    00000054     msp432p4xx_driverlib.lib : i2c_MSP432P4XX.obj (.text:I2C_masterSendMultiByteFinish)
                  00003338    00000054     rtsv7M4_T_le_v4SPD16_eabi.lib : boot.obj (.text)
                  0000338c    00000054                                   : exit.obj (.text)
                  000033e0    00000054                                   : ltoa.obj (.text)
                  00003434    0000004c     msp432p4xx_driverlib.lib : gpio_MSP432P4XX.obj (.text:GPIO_setAsPeripheralModuleFunctionOutputPin)
                  00003480    0000004c     rtsv7M4_T_le_v4SPD16_eabi.lib : atoi.obj (.text)
                  000034cc    0000004c                                   : cpy_tbl.obj (.text)
                  00003518    0000004a     grlib.lib : line.o (.text:Graphics_drawLineH)
                  00003562    00000002     --HOLE-- [fill = 0]
                  00003564    00000048     HAL_I2C.obj (.text:I2C_write16)
                  000035ac    00000048     main.obj (.text:_Z18__NVIC_SetPriority4IRQnj)
                  000035f4    00000048     rtsv7M4_T_le_v4SPD16_eabi.lib : fd_toi_t2.obj (.text)
                  0000363c    00000040     Crystalfontz128x128_ST7735.obj (.text:Crystalfontz128x128_PixelDraw)
                  0000367c    00000040     HAL_MSP_EXP432P401R_Crystalfontz128x128_ST7735.obj (.text:HAL_LCD_SpiInit)
                  000036bc    00000040     msp432p4xx_driverlib.lib : i2c_MSP432P4XX.obj (.text:I2C_masterSendMultiByteStart)
                  000036fc    0000003e                              : i2c_MSP432P4XX.obj (.text:I2C_initMaster)
                  0000373a    00000038     grlib.lib : string.o (.text:Graphics_drawStringCentered)
                  00003772    00000002     --HOLE-- [fill = 0]
                  00003774    00000038     HAL_MSP_EXP432P401R_Crystalfontz128x128_ST7735.obj (.text:HAL_LCD_writeCommand)
                  000037ac    00000038     rtsv7M4_T_le_v4SPD16_eabi.lib : fs_tod_t2.obj (.text)
                  000037e4    00000030     HAL_MSP_EXP432P401R_Crystalfontz128x128_ST7735.obj (.text:HAL_LCD_PortInit)
                  00003814    00000030     msp432p4xx_driverlib.lib : i2c_MSP432P4XX.obj (.text:I2C_masterReceiveMultiByteFinish)
                  00003844    00000030                              : i2c_MSP432P4XX.obj (.text:I2C_masterSendMultiByteStop)
                  00003874    00000030     main.obj (.text:T32_INT1_IRQHandler)
                  000038a4    00000030     main.obj (.text:_Z16__NVIC_EnableIRQ4IRQn)
                  000038d4    00000030     msp432p4xx_driverlib.lib : spi_MSP432P4XX.obj (.text:is_A_Module)
                  00003904    0000002e     rtsv7M4_T_le_v4SPD16_eabi.lib : i_tofd_t2.obj (.text)
                  00003932    00000002     --HOLE-- [fill = 0]
                  00003934    0000002c     Crystalfontz128x128_ST7735.obj (.text:Crystalfontz128x128_ClearScreen)
                  00003960    0000002c     HAL_MSP_EXP432P401R_Crystalfontz128x128_ST7735.obj (.text:HAL_LCD_writeData)
                  0000398c    00000028     Crystalfontz128x128_ST7735.obj (.text:Crystalfontz128x128_ColorTranslate)
                  000039b4    00000024     msp432p4xx_driverlib.lib : gpio_MSP432P4XX.obj (.text:GPIO_setAsOutputPin)
                  000039d8    00000024                              : i2c_MSP432P4XX.obj (.text:I2C_masterSendMultiByteNext)
                  000039fc    00000022     grlib.lib : context.o (.text:Graphics_initContext)
                  00003a1e    00000002     --HOLE-- [fill = 0]
                  00003a20    00000020     main.obj (.text:ADC14_IRQHandler)
                  00003a40    00000020     HAL_I2C.obj (.text:I2C_init)
                  00003a60    0000001c     HAL_I2C.obj (.text:I2C_setslave)
                  00003a7c    0000001c     rtsv7M4_T_le_v4SPD16_eabi.lib : memccpy.obj (.text)
                  00003a98    0000001a     grlib.lib : string.o (.text:Graphics_getNumberOfLeadingZeros)
                  00003ab2    0000001a     msp432p4xx_driverlib.lib : spi_MSP432P4XX.obj (.text:SPI_enableModule)
                  00003acc    00000018                              : gpio_MSP432P4XX.obj (.text:GPIO_setOutputLowOnPin)
                  00003ae4    00000018     HAL_I2C.obj (.text:Init_I2C_GPIO)
                  00003afc    00000018     rtsv7M4_T_le_v4SPD16_eabi.lib : args_main.obj (.text)
                  00003b14    00000016     grlib.lib : display.o (.text:Graphics_drawHorizontalLineOnDisplay)
                  00003b2a    00000016     rtsv7M4_T_le_v4SPD16_eabi.lib : strchr.obj (.text)
                  00003b40    00000014     msp432p4xx_driverlib.lib : gpio_MSP432P4XX.obj (.text:GPIO_setOutputHighOnPin)
                  00003b54    00000014                              : i2c_MSP432P4XX.obj (.text:I2C_isBusBusy)
                  00003b68    00000014     HAL_OPT3001.obj (.text:OPT3001_init)
                  00003b7c    00000014     main.obj (.text:__sti___8_main_cpp_bc4058ff)
                  00003b90    00000014     rtsv7M4_T_le_v4SPD16_eabi.lib : _lock.obj (.text)
                  00003ba4    00000014                                   : s_copysign.obj (.text)
                  00003bb8    00000014                                   : strlen.obj (.text)
                  00003bcc    00000010     msp432p4xx_driverlib.lib : i2c_MSP432P4XX.obj (.text:I2C_masterReceiveStart)
                  00003bdc    0000000e     grlib.lib : display.o (.text:Graphics_drawPixelOnDisplay)
                  00003bea    0000000e               : context.o (.text:Graphics_setBackgroundColor)
                  00003bf8    0000000e               : context.o (.text:Graphics_setForegroundColor)
                  00003c06    0000000e     msp432p4xx_driverlib.lib : i2c_MSP432P4XX.obj (.text:I2C_clearInterruptFlag)
                  00003c14    0000000e                              : i2c_MSP432P4XX.obj (.text:I2C_setMode)
                  00003c22    0000000e     rtsv7M4_T_le_v4SPD16_eabi.lib : copy_decompress_none.obj (.text:decompress:none)
                  00003c30    0000000c     msp432p4xx_driverlib.lib : spi_MSP432P4XX.obj (.text:EUSCI_A_SPI_enable)
                  00003c3c    0000000c                              : spi_MSP432P4XX.obj (.text:EUSCI_B_SPI_enable)
                  00003c48    0000000c                              : i2c_MSP432P4XX.obj (.text:I2C_disableModule)
                  00003c54    0000000c                              : i2c_MSP432P4XX.obj (.text:I2C_enableModule)
                  00003c60    0000000c     startup_msp432p401r_ccs.obj (.text:Reset_Handler)
                  00003c6c    0000000c     rtsv7M4_T_le_v4SPD16_eabi.lib : copy_zero_init.obj (.text:decompress:ZI)
                  00003c78    0000000a     Crystalfontz128x128_ST7735.obj (.text:Crystalfontz128x128_Flush)
                  00003c82    0000000a     grlib.lib : context.o (.text:Graphics_clearDisplay)
                  00003c8c    0000000a               : display.o (.text:Graphics_clearDisplayOnDisplay)
                  00003c96    0000000a               : display.o (.text:Graphics_translateColorOnDisplay)
                  00003ca0    00000006     msp432p4xx_driverlib.lib : i2c_MSP432P4XX.obj (.text:I2C_getInterruptStatus)
                  00003ca6    00000006                              : i2c_MSP432P4XX.obj (.text:I2C_masterReceiveMultiByteNext)
                  00003cac    00000004     grlib.lib : context.o (.text:Graphics_setFont)
                  00003cb0    00000004     msp432p4xx_driverlib.lib : i2c_MSP432P4XX.obj (.text:I2C_setSlaveAddress)
                  00003cb4    00000004     rtsv7M4_T_le_v4SPD16_eabi.lib : pre_init.obj (.text)

.const     0    00003cb8    00000594     
                  00003cb8    000002f8     fontfixed6x8.obj (.const:.string:g_pucFontFixed6x8Data)
                  00003fb0    00000101     rtsv7M4_T_le_v4SPD16_eabi.lib : ctype.obj (.const:.string:_ctypes_)
                  000040b1    00000003     --HOLE-- [fill = 0]
                  000040b4    000000c8     fontfixed6x8.obj (.const:g_sFontFixed6x8)
                  0000417c    00000030     msp432p4xx_driverlib.lib : gpio_MSP432P4XX.obj (.const:GPIO_PORT_TO_BASE)
                  000041ac    00000020     Crystalfontz128x128_ST7735.obj (.const:g_sCrystalfontz128x128_funcs)
                  000041cc    0000001c     HAL_MSP_EXP432P401R_Crystalfontz128x128_ST7735.obj (.const:$P$T0$1)
                  000041e8    00000018     main.obj (.const:TA1upConfig)
                  00004200    00000018     main.obj (.const:TA2upConfig)
                  00004218    00000018     main.obj (.const:upConfig)
                  00004230    00000014     HAL_I2C.obj (.const:i2cConfig)
                  00004244    00000008     Crystalfontz128x128_ST7735.obj (.const:$P$T0$1)

.cinit     0    00004250    00000060     
                  00004250    00000035     (.cinit..data.load) [load image, compression = lzss]
                  00004285    00000003     --HOLE-- [fill = 0]
                  00004288    0000000c     (__TI_handler_table)
                  00004294    00000004     --HOLE-- [fill = 0]
                  00004298    00000008     (.cinit..bss.load) [load image, compression = zero_init]
                  000042a0    00000010     (__TI_cinit_table)

.init_array 
*          0    0000424c    00000004     
                  0000424c    00000004     main.obj (.init_array)

.data      0    20000000    00000188     UNINITIALIZED
                  20000000    000000c8     main.obj (.data:oldsound)
                  200000c8    0000005c     main.obj (.data)
                  20000124    00000028     main.obj (.data:actualsound)
                  2000014c    00000010     main.obj (.data:compareConfig_PWM)
                  2000015c    00000010     Crystalfontz128x128_ST7735.obj (.data:g_sCrystalfontz128x128)
                  2000016c    0000000c     rtsv7M4_T_le_v4SPD16_eabi.lib : exit.obj (.data:$O1$$)
                  20000178    00000008                                   : _lock.obj (.data:$O1$$)
                  20000180    00000004                                   : errno.obj (.data)
                  20000184    00000004                                   : stkdepth_vars.obj (.data)

.bss       0    20000188    00000042     UNINITIALIZED
                  20000188    0000001c     (.common:g_sContext)
                  200001a4    00000014     (.common:string)
                  200001b8    00000004     main.obj (.bss)
                  200001bc    00000004     (.common:lux)
                  200001c0    00000002     (.common:Lcd_ScreenHeigth)
                  200001c2    00000002     (.common:Lcd_ScreenWidth)
                  200001c4    00000002     (.common:Lcd_TouchTrim)
                  200001c6    00000001     (.common:Lcd_FlagRead)
                  200001c7    00000001     (.common:Lcd_FontSolid)
                  200001c8    00000001     (.common:Lcd_Orientation)
                  200001c9    00000001     (.common:Lcd_PenSolid)

.stack     0    2000fe00    00000200     UNINITIALIZED
                  2000fe00    00000200     --HOLE--

MODULE SUMMARY

       Module                                               code    ro data   rw data
       ------                                               ----    -------   -------
    ./
       main.obj                                             2952    76        808    
       HAL_I2C.obj                                          296     20        0      
       HAL_OPT3001.obj                                      236     0         0      
       system_msp432p401r.obj                               120     0         0      
    +--+----------------------------------------------------+-------+---------+---------+
       Total:                                               3604    96        808    
                                                                                     
    ./LcdDriver/
       Crystalfontz128x128_ST7735.obj                       1670    40        52     
       HAL_MSP_EXP432P401R_Crystalfontz128x128_ST7735.obj   212     28        0      
    +--+----------------------------------------------------+-------+---------+---------+
       Total:                                               1882    68        52     
                                                                                     
    ./ccs/
       startup_msp432p401r_ccs.obj                          14      228       0      
    +--+----------------------------------------------------+-------+---------+---------+
       Total:                                               14      228       0      
                                                                                     
    ./fonts/
       fontfixed6x8.obj                                     0       960       0      
    +--+----------------------------------------------------+-------+---------+---------+
       Total:                                               0       960       0      
                                                                                     
    /Applications/ti/ccsv7/tools/compiler/ti-cgt-arm_16.9.3.LTS/lib/rtsv7M4_T_le_v4SPD16_eabi.lib
       _printfi.obj                                         4414    0         0      
       ull_div_t2.obj                                       500     0         0      
       fd_add_t2.obj                                        438     0         0      
       fd_div_t2.obj                                        310     0         0      
       fd_cmp_t2.obj                                        268     0         0      
       ctype.obj                                            0       257       0      
       fd_mul_t2.obj                                        252     0         0      
       s_scalbn.obj                                         252     0         0      
       memcpy_t2.obj                                        156     0         0      
       memset_t2.obj                                        122     0         0      
       autoinit.obj                                         112     0         0      
       exit.obj                                             84      0         24     
       copy_decompress_lzss.obj                             104     0         0      
       s_frexp.obj                                          100     0         0      
       sprintf.obj                                          96      0         0      
       boot.obj                                             84      0         0      
       ltoa.obj                                             84      0         0      
       atoi.obj                                             76      0         0      
       cpy_tbl.obj                                          76      0         0      
       fd_toi_t2.obj                                        72      0         0      
       fs_tod_t2.obj                                        56      0         0      
       i_tofd_t2.obj                                        46      0         0      
       _lock.obj                                            20      0         16     
       memccpy.obj                                          28      0         0      
       args_main.obj                                        24      0         0      
       strchr.obj                                           22      0         0      
       s_copysign.obj                                       20      0         0      
       strlen.obj                                           20      0         0      
       copy_decompress_none.obj                             14      0         0      
       copy_zero_init.obj                                   12      0         0      
       errno.obj                                            0       0         8      
       stkdepth_vars.obj                                    0       0         8      
       pre_init.obj                                         4       0         0      
       mpu_init.obj                                         2       0         0      
       startup.obj                                          2       0         0      
    +--+----------------------------------------------------+-------+---------+---------+
       Total:                                               7870    257       56     
                                                                                     
    /Users/franmolinaca/ti/simplelink_msp432p4_sdk_1_50_00_12/source/ti/devices/msp432p4xx/driverlib/ccs/msp432p4xx_driverlib.lib
       i2c_MSP432P4XX.obj                                   446     0         0      
       spi_MSP432P4XX.obj                                   222     0         0      
       gpio_MSP432P4XX.obj                                  156     48        0      
    +--+----------------------------------------------------+-------+---------+---------+
       Total:                                               824     48        0      
                                                                                     
    /Users/franmolinaca/ti/simplelink_msp432p4_sdk_1_50_00_12/source/ti/grlib/ccs/grlib.lib
       string.o                                             906     0         0      
       context.o                                            76      0         0      
       line.o                                               74      0         0      
       display.o                                            56      0         0      
    +--+----------------------------------------------------+-------+---------+---------+
       Total:                                               1112    0         0      
                                                                                     
       Stack:                                               0       0         1024   
       Linker Generated:                                    0       89        0      
    +--+----------------------------------------------------+-------+---------+---------+
       Grand Total:                                         15306   1746      1940   


LINKER GENERATED COPY TABLES

__TI_cinit_table @ 000042a0 records: 2, size/record: 8, table size: 16
	.data: load addr=00004250, load size=00000035 bytes, run addr=20000000, run size=00000188 bytes, compression=lzss
	.bss: load addr=00004298, load size=00000008 bytes, run addr=20000188, run size=00000042 bytes, compression=zero_init


LINKER GENERATED HANDLER TABLE

__TI_handler_table @ 00004288 records: 3, size/record: 4, table size: 12
	index: 0, handler: __TI_decompress_lzss
	index: 1, handler: __TI_decompress_none
	index: 2, handler: __TI_zero_init


GLOBAL SYMBOLS: SORTED ALPHABETICALLY BY Name 

address   name                                       
-------   ----                                       
200000c8  ADC14Result                                
00003a21  ADC14_IRQHandler                           
00003a21  ADC14_IRQHandler                           
000014f3  AES256_IRQHandler                          
000014f3  BusFault_Handler                           
0000338d  C$$EXIT                                    
000014f3  COMP_E0_IRQHandler                         
000014f3  COMP_E1_IRQHandler                         
000014f3  CS_IRQHandler                              
200001b8  Counter1                                   
20000108  Counter2                                   
2000010c  Counter3                                   
00002549  Crystalfontz128x128_Init                   
00002415  Crystalfontz128x128_SetDrawFrame           
00003291  Crystalfontz128x128_SetOrientation         
000014f3  DMA_ERR_IRQHandler                         
000014f3  DMA_INT0_IRQHandler                        
000014f3  DMA_INT1_IRQHandler                        
000014f3  DMA_INT2_IRQHandler                        
000014f3  DMA_INT3_IRQHandler                        
000014f3  DebugMon_Handler                           
000014f3  Default_Handler                            
000014f3  EUSCIA0_IRQHandler                         
000014f3  EUSCIA1_IRQHandler                         
000014f3  EUSCIA2_IRQHandler                         
000014f3  EUSCIA3_IRQHandler                         
000014f3  EUSCIB0_IRQHandler                         
000014f3  EUSCIB1_IRQHandler                         
000014f3  EUSCIB2_IRQHandler                         
000014f3  EUSCIB3_IRQHandler                         
00003c31  EUSCI_A_SPI_enable                         
00003c3d  EUSCI_B_SPI_enable                         
000014f3  FLCTL_IRQHandler                           
000014f3  FPU_IRQHandler                             
000039b5  GPIO_setAsOutputPin                        
00003435  GPIO_setAsPeripheralModuleFunctionOutputPin
00003b41  GPIO_setOutputHighOnPin                    
00003acd  GPIO_setOutputLowOnPin                     
00003c83  Graphics_clearDisplay                      
00003c8d  Graphics_clearDisplayOnDisplay             
00003b15  Graphics_drawHorizontalLineOnDisplay       
00003519  Graphics_drawLineH                         
00003bdd  Graphics_drawPixelOnDisplay                
00001223  Graphics_drawString                        
0000373b  Graphics_drawStringCentered                
0000303d  Graphics_getStringWidth                    
000039fd  Graphics_initContext                       
00003beb  Graphics_setBackgroundColor                
00003cad  Graphics_setFont                           
00003bf9  Graphics_setForegroundColor                
00003c97  Graphics_translateColorOnDisplay           
000037e5  HAL_LCD_PortInit                           
0000367d  HAL_LCD_SpiInit                            
00003775  HAL_LCD_writeCommand                       
00003961  HAL_LCD_writeData                          
000014f3  HardFault_Handler                          
00003c07  I2C_clearInterruptFlag                     
00003c49  I2C_disableModule                          
00003c55  I2C_enableModule                           
00003ca1  I2C_getInterruptStatus                     
00003a41  I2C_init                                   
000036fd  I2C_initMaster                             
00003b55  I2C_isBusBusy                              
00003815  I2C_masterReceiveMultiByteFinish           
00003ca7  I2C_masterReceiveMultiByteNext             
00003bcd  I2C_masterReceiveStart                     
000032e5  I2C_masterSendMultiByteFinish              
000039d9  I2C_masterSendMultiByteNext                
000036bd  I2C_masterSendMultiByteStart               
00003845  I2C_masterSendMultiByteStop                
00002c55  I2C_read16                                 
00003c15  I2C_setMode                                
00003cb1  I2C_setSlaveAddress                        
00003a61  I2C_setslave                               
00003565  I2C_write16                                
00003ae5  Init_I2C_GPIO                              
200001c6  Lcd_FlagRead                               
200001c7  Lcd_FontSolid                              
200001c8  Lcd_Orientation                            
200001c9  Lcd_PenSolid                               
200001c0  Lcd_ScreenHeigth                           
200001c2  Lcd_ScreenWidth                            
200001c4  Lcd_TouchTrim                              
200000d4  LedInd                                     
200000d8  LedSta                                     
000014f3  MemManage_Handler                          
000014f3  NMI_Handler                                
00002a45  OPT3001_getLux                             
00003b69  OPT3001_init                               
000014f3  PCM_IRQHandler                             
00002045  PORT1_IRQHandler                           
00002045  PORT1_IRQHandler                           
000014f3  PORT2_IRQHandler                           
000014f3  PORT3_IRQHandler                           
000014f3  PORT4_IRQHandler                           
000014f3  PORT5_IRQHandler                           
000014f3  PORT6_IRQHandler                           
000014f3  PSS_IRQHandler                             
000014f3  PendSV_Handler                             
000014f3  RTC_C_IRQHandler                           
00003c61  Reset_Handler                              
200000cc  S1buttonDebounce                           
200000d0  S2buttonDebounce                           
0000424c  SHT$$INIT_ARRAY$$Base                      
00004250  SHT$$INIT_ARRAY$$Limit                     
00003ab3  SPI_enableModule                           
00002ded  SPI_initMaster                             
000014f3  SVC_Handler                                
000014f3  SysTick_Handler                            
00002ee5  SystemInit                                 
00003875  T32_INT1_IRQHandler                        
00003875  T32_INT1_IRQHandler                        
000014f3  T32_INT2_IRQHandler                        
000014f3  T32_INTC_IRQHandler                        
000014f3  TA0_0_IRQHandler                           
000014f3  TA0_N_IRQHandler                           
00002f5d  TA1_0_IRQHandler                           
00002f5d  TA1_0_IRQHandler                           
000014f3  TA1_N_IRQHandler                           
00001ed5  TA2_0_IRQHandler                           
00001ed5  TA2_0_IRQHandler                           
000014f3  TA2_N_IRQHandler                           
000014f3  TA3_0_IRQHandler                           
000014f3  TA3_N_IRQHandler                           
20000104  Tiemp1                                     
000014f3  UsageFault_Handler                         
4000480c  WDTCTL_SYM                                 
000014f3  WDT_A_IRQHandler                           
000014f5  _Z16configEverythingv                      
00002969  _Z7blinkssv                                
00002195  _Z7printONv                                
00002675  _Z8printOFFv                               
20010000  __STACK_END                                
00000200  __STACK_SIZE                               
000042a0  __TI_CINIT_Base                            
000042b0  __TI_CINIT_Limit                           
00004288  __TI_Handler_Table_Base                    
00004294  __TI_Handler_Table_Limit                   
00002fcd  __TI_auto_init                             
2000016c  __TI_cleanup_ptr                           
000030a5  __TI_decompress_lzss                       
00003c23  __TI_decompress_none                       
20000170  __TI_dtors_ptr                             
20000174  __TI_enable_exit_profile_output            
ffffffff  __TI_pprof_out_hndl                        
00000929  __TI_printfi                               
ffffffff  __TI_prof_data_size                        
ffffffff  __TI_prof_data_start                       
00000000  __TI_static_base__                         
00003c6d  __TI_zero_init                             
00002ce1  __aeabi_cdcmpeq                            
00002ce1  __aeabi_cdcmple                            
00002d67  __aeabi_cdrcmple                           
000035f5  __aeabi_d2iz                               
00001d27  __aeabi_dadd                               
000022dd  __aeabi_ddiv                               
00002771  __aeabi_dmul                               
00001d1d  __aeabi_dsub                               
000037ad  __aeabi_f2d                                
00003905  __aeabi_i2d                                
00002e69  __aeabi_memclr                             
00002e69  __aeabi_memclr4                            
00002e69  __aeabi_memclr8                            
00002bb9  __aeabi_memcpy                             
00002bb9  __aeabi_memcpy4                            
00002bb9  __aeabi_memcpy8                            
00002e6b  __aeabi_memset                             
00002e6b  __aeabi_memset4                            
00002e6b  __aeabi_memset8                            
0000176d  __aeabi_uldivmod                           
ffffffff  __binit__                                  
ffffffff  __c_args__                                 
00001ed3  __mpu_init                                 
2000fe00  __stack                                    
00003b7d  __sti___8_main_cpp_bc4058ff                
00003afd  _args_main                                 
00003339  _c_int00                                   
00003fb0  _ctypes_                                   
20000178  _lock                                      
00003b9f  _nop                                       
00003b97  _register_lock                             
00003b91  _register_unlock                           
00002413  _system_post_cinit                         
00003cb5  _system_pre_init                           
2000017c  _unlock                                    
00003391  abort                                      
20000124  actualsound                                
00003481  atoi                                       
ffffffff  binit                                      
20000100  cEn                                        
2000014c  compareConfig_PWM                          
000034cd  copy_in                                    
00003ba5  copysign                                   
00003ba5  copysignl                                  
200000ec  count                                      
200000e8  counting                                   
20000120  currentColor                               
20000180  errno                                      
00003399  exit                                       
0000310d  frexp                                      
0000310d  frexpl                                     
20000188  g_sContext                                 
2000015c  g_sCrystalfontz128x128                     
000041ac  g_sCrystalfontz128x128_funcs               
000040b4  g_sFontFixed6x8                            
00004230  i2cConfig                                  
00000000  interruptVectors                           
200000dc  interval                                   
0000286d  ldexp                                      
0000286d  ldexpl                                     
200000f8  lightIn                                    
000033e1  ltoa                                       
200001bc  lux                                        
00001961  main                                       
20000184  main_func_sp                               
00003a7d  memccpy                                    
00002bb9  memcpy                                     
00002e71  memset                                     
200000e4  newTick                                    
200000e0  oldTick                                    
20000000  oldsound                                   
0000286d  scalbn                                     
0000286d  scalbnl                                    
00003231  sprintf                                    
200000fc  state                                      
00003b2b  strchr                                     
200001a4  string                                     
00003bb9  strlen                                     
20000110  sumact                                     
20000114  sumdiez                                    
2000011c  sumdiff                                    
20000118  sumold                                     
200000f0  sysTickCount                               
200000f4  taps                                       


GLOBAL SYMBOLS: SORTED BY Symbol Address 

address   name                                       
-------   ----                                       
00000000  __TI_static_base__                         
00000000  interruptVectors                           
00000200  __STACK_SIZE                               
00000929  __TI_printfi                               
00001223  Graphics_drawString                        
000014f3  AES256_IRQHandler                          
000014f3  BusFault_Handler                           
000014f3  COMP_E0_IRQHandler                         
000014f3  COMP_E1_IRQHandler                         
000014f3  CS_IRQHandler                              
000014f3  DMA_ERR_IRQHandler                         
000014f3  DMA_INT0_IRQHandler                        
000014f3  DMA_INT1_IRQHandler                        
000014f3  DMA_INT2_IRQHandler                        
000014f3  DMA_INT3_IRQHandler                        
000014f3  DebugMon_Handler                           
000014f3  Default_Handler                            
000014f3  EUSCIA0_IRQHandler                         
000014f3  EUSCIA1_IRQHandler                         
000014f3  EUSCIA2_IRQHandler                         
000014f3  EUSCIA3_IRQHandler                         
000014f3  EUSCIB0_IRQHandler                         
000014f3  EUSCIB1_IRQHandler                         
000014f3  EUSCIB2_IRQHandler                         
000014f3  EUSCIB3_IRQHandler                         
000014f3  FLCTL_IRQHandler                           
000014f3  FPU_IRQHandler                             
000014f3  HardFault_Handler                          
000014f3  MemManage_Handler                          
000014f3  NMI_Handler                                
000014f3  PCM_IRQHandler                             
000014f3  PORT2_IRQHandler                           
000014f3  PORT3_IRQHandler                           
000014f3  PORT4_IRQHandler                           
000014f3  PORT5_IRQHandler                           
000014f3  PORT6_IRQHandler                           
000014f3  PSS_IRQHandler                             
000014f3  PendSV_Handler                             
000014f3  RTC_C_IRQHandler                           
000014f3  SVC_Handler                                
000014f3  SysTick_Handler                            
000014f3  T32_INT2_IRQHandler                        
000014f3  T32_INTC_IRQHandler                        
000014f3  TA0_0_IRQHandler                           
000014f3  TA0_N_IRQHandler                           
000014f3  TA1_N_IRQHandler                           
000014f3  TA2_N_IRQHandler                           
000014f3  TA3_0_IRQHandler                           
000014f3  TA3_N_IRQHandler                           
000014f3  UsageFault_Handler                         
000014f3  WDT_A_IRQHandler                           
000014f5  _Z16configEverythingv                      
0000176d  __aeabi_uldivmod                           
00001961  main                                       
00001d1d  __aeabi_dsub                               
00001d27  __aeabi_dadd                               
00001ed3  __mpu_init                                 
00001ed5  TA2_0_IRQHandler                           
00001ed5  TA2_0_IRQHandler                           
00002045  PORT1_IRQHandler                           
00002045  PORT1_IRQHandler                           
00002195  _Z7printONv                                
000022dd  __aeabi_ddiv                               
00002413  _system_post_cinit                         
00002415  Crystalfontz128x128_SetDrawFrame           
00002549  Crystalfontz128x128_Init                   
00002675  _Z8printOFFv                               
00002771  __aeabi_dmul                               
0000286d  ldexp                                      
0000286d  ldexpl                                     
0000286d  scalbn                                     
0000286d  scalbnl                                    
00002969  _Z7blinkssv                                
00002a45  OPT3001_getLux                             
00002bb9  __aeabi_memcpy                             
00002bb9  __aeabi_memcpy4                            
00002bb9  __aeabi_memcpy8                            
00002bb9  memcpy                                     
00002c55  I2C_read16                                 
00002ce1  __aeabi_cdcmpeq                            
00002ce1  __aeabi_cdcmple                            
00002d67  __aeabi_cdrcmple                           
00002ded  SPI_initMaster                             
00002e69  __aeabi_memclr                             
00002e69  __aeabi_memclr4                            
00002e69  __aeabi_memclr8                            
00002e6b  __aeabi_memset                             
00002e6b  __aeabi_memset4                            
00002e6b  __aeabi_memset8                            
00002e71  memset                                     
00002ee5  SystemInit                                 
00002f5d  TA1_0_IRQHandler                           
00002f5d  TA1_0_IRQHandler                           
00002fcd  __TI_auto_init                             
0000303d  Graphics_getStringWidth                    
000030a5  __TI_decompress_lzss                       
0000310d  frexp                                      
0000310d  frexpl                                     
00003231  sprintf                                    
00003291  Crystalfontz128x128_SetOrientation         
000032e5  I2C_masterSendMultiByteFinish              
00003339  _c_int00                                   
0000338d  C$$EXIT                                    
00003391  abort                                      
00003399  exit                                       
000033e1  ltoa                                       
00003435  GPIO_setAsPeripheralModuleFunctionOutputPin
00003481  atoi                                       
000034cd  copy_in                                    
00003519  Graphics_drawLineH                         
00003565  I2C_write16                                
000035f5  __aeabi_d2iz                               
0000367d  HAL_LCD_SpiInit                            
000036bd  I2C_masterSendMultiByteStart               
000036fd  I2C_initMaster                             
0000373b  Graphics_drawStringCentered                
00003775  HAL_LCD_writeCommand                       
000037ad  __aeabi_f2d                                
000037e5  HAL_LCD_PortInit                           
00003815  I2C_masterReceiveMultiByteFinish           
00003845  I2C_masterSendMultiByteStop                
00003875  T32_INT1_IRQHandler                        
00003875  T32_INT1_IRQHandler                        
00003905  __aeabi_i2d                                
00003961  HAL_LCD_writeData                          
000039b5  GPIO_setAsOutputPin                        
000039d9  I2C_masterSendMultiByteNext                
000039fd  Graphics_initContext                       
00003a21  ADC14_IRQHandler                           
00003a21  ADC14_IRQHandler                           
00003a41  I2C_init                                   
00003a61  I2C_setslave                               
00003a7d  memccpy                                    
00003ab3  SPI_enableModule                           
00003acd  GPIO_setOutputLowOnPin                     
00003ae5  Init_I2C_GPIO                              
00003afd  _args_main                                 
00003b15  Graphics_drawHorizontalLineOnDisplay       
00003b2b  strchr                                     
00003b41  GPIO_setOutputHighOnPin                    
00003b55  I2C_isBusBusy                              
00003b69  OPT3001_init                               
00003b7d  __sti___8_main_cpp_bc4058ff                
00003b91  _register_unlock                           
00003b97  _register_lock                             
00003b9f  _nop                                       
00003ba5  copysign                                   
00003ba5  copysignl                                  
00003bb9  strlen                                     
00003bcd  I2C_masterReceiveStart                     
00003bdd  Graphics_drawPixelOnDisplay                
00003beb  Graphics_setBackgroundColor                
00003bf9  Graphics_setForegroundColor                
00003c07  I2C_clearInterruptFlag                     
00003c15  I2C_setMode                                
00003c23  __TI_decompress_none                       
00003c31  EUSCI_A_SPI_enable                         
00003c3d  EUSCI_B_SPI_enable                         
00003c49  I2C_disableModule                          
00003c55  I2C_enableModule                           
00003c61  Reset_Handler                              
00003c6d  __TI_zero_init                             
00003c83  Graphics_clearDisplay                      
00003c8d  Graphics_clearDisplayOnDisplay             
00003c97  Graphics_translateColorOnDisplay           
00003ca1  I2C_getInterruptStatus                     
00003ca7  I2C_masterReceiveMultiByteNext             
00003cad  Graphics_setFont                           
00003cb1  I2C_setSlaveAddress                        
00003cb5  _system_pre_init                           
00003fb0  _ctypes_                                   
000040b4  g_sFontFixed6x8                            
000041ac  g_sCrystalfontz128x128_funcs               
00004230  i2cConfig                                  
0000424c  SHT$$INIT_ARRAY$$Base                      
00004250  SHT$$INIT_ARRAY$$Limit                     
00004288  __TI_Handler_Table_Base                    
00004294  __TI_Handler_Table_Limit                   
000042a0  __TI_CINIT_Base                            
000042b0  __TI_CINIT_Limit                           
20000000  oldsound                                   
200000c8  ADC14Result                                
200000cc  S1buttonDebounce                           
200000d0  S2buttonDebounce                           
200000d4  LedInd                                     
200000d8  LedSta                                     
200000dc  interval                                   
200000e0  oldTick                                    
200000e4  newTick                                    
200000e8  counting                                   
200000ec  count                                      
200000f0  sysTickCount                               
200000f4  taps                                       
200000f8  lightIn                                    
200000fc  state                                      
20000100  cEn                                        
20000104  Tiemp1                                     
20000108  Counter2                                   
2000010c  Counter3                                   
20000110  sumact                                     
20000114  sumdiez                                    
20000118  sumold                                     
2000011c  sumdiff                                    
20000120  currentColor                               
20000124  actualsound                                
2000014c  compareConfig_PWM                          
2000015c  g_sCrystalfontz128x128                     
2000016c  __TI_cleanup_ptr                           
20000170  __TI_dtors_ptr                             
20000174  __TI_enable_exit_profile_output            
20000178  _lock                                      
2000017c  _unlock                                    
20000180  errno                                      
20000184  main_func_sp                               
20000188  g_sContext                                 
200001a4  string                                     
200001b8  Counter1                                   
200001bc  lux                                        
200001c0  Lcd_ScreenHeigth                           
200001c2  Lcd_ScreenWidth                            
200001c4  Lcd_TouchTrim                              
200001c6  Lcd_FlagRead                               
200001c7  Lcd_FontSolid                              
200001c8  Lcd_Orientation                            
200001c9  Lcd_PenSolid                               
2000fe00  __stack                                    
20010000  __STACK_END                                
4000480c  WDTCTL_SYM                                 
ffffffff  __TI_pprof_out_hndl                        
ffffffff  __TI_prof_data_size                        
ffffffff  __TI_prof_data_start                       
ffffffff  __binit__                                  
ffffffff  __c_args__                                 
ffffffff  binit                                      

[234 symbols]
