******************************************************************************
                  TI ARM Linker Unix v16.9.3                   
******************************************************************************
>> Linked Thu Sep 14 07:23:18 2017

OUTPUT FILE NAME:   <boostxl_edumkii_lightsensor_msp432p401r_MSP_EXP432P401R_nortos_ccs.out>
ENTRY POINT SYMBOL: "_c_int00"  address: 00002b19


MEMORY CONFIGURATION

         name            origin    length      used     unused   attr    fill
----------------------  --------  ---------  --------  --------  ----  --------
  MAIN                  00000000   00040000  000039d4  0003c62c  R  X
  INFO                  00200000   00004000  00000000  00004000  R  X
  SRAM_CODE             01000000   00010000  00000266  0000fd9a  RW X
  SRAM_DATA             20000000   00010000  00000266  0000fd9a  RW  


SEGMENT ALLOCATION MAP

run origin  load origin   length   init length attrs members
----------  ----------- ---------- ----------- ----- -------
00000000    00000000    000039d8   000039d8    r-x
  00000000    00000000    000000e4   000000e4    r-- .intvecs
  000000e4    000000e4    00003344   00003344    r-x .text
  00003428    00003428    00000564   00000564    r-- .const
  00003990    00003990    00000048   00000048    r-- .cinit
20000000    20000000    00000066   00000000    rw-
  20000000    20000000    0000003c   00000000    rw- .data
  2000003c    2000003c    0000002a   00000000    rw- .bss
2000fe00    2000fe00    00000200   00000000    rw-
  2000fe00    2000fe00    00000200   00000000    rw- .stack


SECTION ALLOCATION MAP

 output                                  attributes/
section   page    origin      length       input sections
--------  ----  ----------  ----------   ----------------
.intvecs   0    00000000    000000e4     
                  00000000    000000e4     startup_msp432p401r_ccs.obj (.intvecs:retain)

.text      0    000000e4    00003344     
                  000000e4    0000113e     rtsv7M4_T_le_v4SPD16_eabi.lib : _printfi.obj (.text)
                  00001222    000002d0     grlib.lib : string.o (.text:Graphics_drawString)
                  000014f2    00000002     startup_msp432p401r_ccs.obj (.text:Default_Handler)
                  000014f4    00000290     main.obj (.text:main)
                  00001784    000001f4     rtsv7M4_T_le_v4SPD16_eabi.lib : ull_div_t2.obj (.text)
                  00001978    000001d8     Crystalfontz128x128_ST7735.obj (.text:Crystalfontz128x128_PixelDrawMultiple)
                  00001b50    000001b6     rtsv7M4_T_le_v4SPD16_eabi.lib : fd_add_t2.obj (.text)
                  00001d06    00000136                                   : fd_div_t2.obj (.text)
                  00001e3c    00000134     Crystalfontz128x128_ST7735.obj (.text:Crystalfontz128x128_SetDrawFrame)
                  00001f70    0000012c     Crystalfontz128x128_ST7735.obj (.text:Crystalfontz128x128_Init)
                  0000209c    000000fc     rtsv7M4_T_le_v4SPD16_eabi.lib : fd_mul_t2.obj (.text)
                  00002198    000000fc                                   : s_scalbn.obj (.text)
                  00002294    000000d8     HAL_OPT3001.obj (.text:OPT3001_getLux)
                  0000236c    0000009c     Crystalfontz128x128_ST7735.obj (.text:Crystalfontz128x128_RectFill)
                  00002408    0000009c     rtsv7M4_T_le_v4SPD16_eabi.lib : memcpy_t2.obj (.text)
                  000024a4    0000008c     HAL_I2C.obj (.text:I2C_read16)
                  00002530    00000086     rtsv7M4_T_le_v4SPD16_eabi.lib : fd_cmp_t2.obj (.text:__aeabi_cdcmple)
                  000025b6    00000086                                   : fd_cmp_t2.obj (.text:__aeabi_cdrcmple)
                  0000263c    0000007c     msp432p4xx_driverlib.lib : spi_MSP432P4XX.obj (.text:SPI_initMaster)
                  000026b8    0000007a     rtsv7M4_T_le_v4SPD16_eabi.lib : memset_t2.obj (.text)
                  00002732    00000002                                   : mpu_init.obj (.text)
                  00002734    00000078     system_msp432p401r.obj (.text:SystemInit)
                  000027ac    00000070     rtsv7M4_T_le_v4SPD16_eabi.lib : autoinit.obj (.text)
                  0000281c    00000068     grlib.lib : string.o (.text:Graphics_getStringWidth)
                  00002884    00000068     rtsv7M4_T_le_v4SPD16_eabi.lib : copy_decompress_lzss.obj (.text:decompress:lzss)
                  000028ec    00000064                                   : s_frexp.obj (.text)
                  00002950    00000060     Crystalfontz128x128_ST7735.obj (.text:Crystalfontz128x128_LineDrawH)
                  000029b0    00000060     Crystalfontz128x128_ST7735.obj (.text:Crystalfontz128x128_LineDrawV)
                  00002a10    00000060     rtsv7M4_T_le_v4SPD16_eabi.lib : sprintf.obj (.text)
                  00002a70    00000054     Crystalfontz128x128_ST7735.obj (.text:Crystalfontz128x128_SetOrientation)
                  00002ac4    00000054     msp432p4xx_driverlib.lib : i2c_MSP432P4XX.obj (.text:I2C_masterSendMultiByteFinish)
                  00002b18    00000054     rtsv7M4_T_le_v4SPD16_eabi.lib : boot.obj (.text)
                  00002b6c    00000054                                   : exit.obj (.text)
                  00002bc0    00000054                                   : ltoa.obj (.text)
                  00002c14    0000004c     msp432p4xx_driverlib.lib : gpio_MSP432P4XX.obj (.text:GPIO_setAsPeripheralModuleFunctionOutputPin)
                  00002c60    0000004c     rtsv7M4_T_le_v4SPD16_eabi.lib : atoi.obj (.text)
                  00002cac    0000004c                                   : cpy_tbl.obj (.text)
                  00002cf8    0000004a     grlib.lib : line.o (.text:Graphics_drawLineH)
                  00002d42    00000002     rtsv7M4_T_le_v4SPD16_eabi.lib : startup.obj (.text)
                  00002d44    00000048     HAL_I2C.obj (.text:I2C_write16)
                  00002d8c    00000048     rtsv7M4_T_le_v4SPD16_eabi.lib : fd_toi_t2.obj (.text)
                  00002dd4    00000044                                   : fd_tou_t2.obj (.text)
                  00002e18    00000040     Crystalfontz128x128_ST7735.obj (.text:Crystalfontz128x128_PixelDraw)
                  00002e58    00000040     HAL_MSP_EXP432P401R_Crystalfontz128x128_ST7735.obj (.text:HAL_LCD_SpiInit)
                  00002e98    00000040     msp432p4xx_driverlib.lib : i2c_MSP432P4XX.obj (.text:I2C_masterSendMultiByteStart)
                  00002ed8    0000003e                              : i2c_MSP432P4XX.obj (.text:I2C_initMaster)
                  00002f16    00000038     grlib.lib : string.o (.text:Graphics_drawStringCentered)
                  00002f4e    00000002     --HOLE-- [fill = 0]
                  00002f50    00000038     HAL_MSP_EXP432P401R_Crystalfontz128x128_ST7735.obj (.text:HAL_LCD_writeCommand)
                  00002f88    00000038     rtsv7M4_T_le_v4SPD16_eabi.lib : fs_tod_t2.obj (.text)
                  00002fc0    00000030     HAL_MSP_EXP432P401R_Crystalfontz128x128_ST7735.obj (.text:HAL_LCD_PortInit)
                  00002ff0    00000030     msp432p4xx_driverlib.lib : i2c_MSP432P4XX.obj (.text:I2C_masterReceiveMultiByteFinish)
                  00003020    00000030                              : i2c_MSP432P4XX.obj (.text:I2C_masterSendMultiByteStop)
                  00003050    00000030                              : spi_MSP432P4XX.obj (.text:is_A_Module)
                  00003080    0000002e     rtsv7M4_T_le_v4SPD16_eabi.lib : i_tofd_t2.obj (.text)
                  000030ae    00000002     --HOLE-- [fill = 0]
                  000030b0    0000002c     Crystalfontz128x128_ST7735.obj (.text:Crystalfontz128x128_ClearScreen)
                  000030dc    0000002c     HAL_MSP_EXP432P401R_Crystalfontz128x128_ST7735.obj (.text:HAL_LCD_writeData)
                  00003108    00000028     Crystalfontz128x128_ST7735.obj (.text:Crystalfontz128x128_ColorTranslate)
                  00003130    00000026     msp432p4xx_driverlib.lib : timer_a_MSP432P4XX.obj (.text:Timer_A_initCompare)
                  00003156    00000002     --HOLE-- [fill = 0]
                  00003158    00000024                              : gpio_MSP432P4XX.obj (.text:GPIO_setAsOutputPin)
                  0000317c    00000024                              : i2c_MSP432P4XX.obj (.text:I2C_masterSendMultiByteNext)
                  000031a0    00000022     grlib.lib : context.o (.text:Graphics_initContext)
                  000031c2    00000002     --HOLE-- [fill = 0]
                  000031c4    00000020     HAL_I2C.obj (.text:I2C_init)
                  000031e4    0000001c     HAL_I2C.obj (.text:I2C_setslave)
                  00003200    0000001c     rtsv7M4_T_le_v4SPD16_eabi.lib : memccpy.obj (.text)
                  0000321c    0000001a     grlib.lib : string.o (.text:Graphics_getNumberOfLeadingZeros)
                  00003236    0000001a     msp432p4xx_driverlib.lib : spi_MSP432P4XX.obj (.text:SPI_enableModule)
                  00003250    00000018                              : gpio_MSP432P4XX.obj (.text:GPIO_setOutputLowOnPin)
                  00003268    00000018     HAL_I2C.obj (.text:Init_I2C_GPIO)
                  00003280    00000018     rtsv7M4_T_le_v4SPD16_eabi.lib : args_main.obj (.text)
                  00003298    00000016     grlib.lib : display.o (.text:Graphics_drawHorizontalLineOnDisplay)
                  000032ae    00000016     rtsv7M4_T_le_v4SPD16_eabi.lib : strchr.obj (.text)
                  000032c4    00000014     msp432p4xx_driverlib.lib : gpio_MSP432P4XX.obj (.text:GPIO_setOutputHighOnPin)
                  000032d8    00000014                              : i2c_MSP432P4XX.obj (.text:I2C_isBusBusy)
                  000032ec    00000014     HAL_OPT3001.obj (.text:OPT3001_init)
                  00003300    00000014     rtsv7M4_T_le_v4SPD16_eabi.lib : _lock.obj (.text)
                  00003314    00000014                                   : s_copysign.obj (.text)
                  00003328    00000014                                   : strlen.obj (.text)
                  0000333c    00000010     msp432p4xx_driverlib.lib : i2c_MSP432P4XX.obj (.text:I2C_masterReceiveStart)
                  0000334c    0000000e     grlib.lib : display.o (.text:Graphics_drawPixelOnDisplay)
                  0000335a    0000000e               : context.o (.text:Graphics_setBackgroundColor)
                  00003368    0000000e               : context.o (.text:Graphics_setForegroundColor)
                  00003376    0000000e     msp432p4xx_driverlib.lib : i2c_MSP432P4XX.obj (.text:I2C_clearInterruptFlag)
                  00003384    0000000e                              : i2c_MSP432P4XX.obj (.text:I2C_setMode)
                  00003392    0000000e     rtsv7M4_T_le_v4SPD16_eabi.lib : copy_decompress_none.obj (.text:decompress:none)
                  000033a0    0000000c     msp432p4xx_driverlib.lib : spi_MSP432P4XX.obj (.text:EUSCI_A_SPI_enable)
                  000033ac    0000000c                              : spi_MSP432P4XX.obj (.text:EUSCI_B_SPI_enable)
                  000033b8    0000000c                              : i2c_MSP432P4XX.obj (.text:I2C_disableModule)
                  000033c4    0000000c                              : i2c_MSP432P4XX.obj (.text:I2C_enableModule)
                  000033d0    0000000c     startup_msp432p401r_ccs.obj (.text:Reset_Handler)
                  000033dc    0000000c     rtsv7M4_T_le_v4SPD16_eabi.lib : copy_zero_init.obj (.text:decompress:ZI)
                  000033e8    0000000a     Crystalfontz128x128_ST7735.obj (.text:Crystalfontz128x128_Flush)
                  000033f2    0000000a     grlib.lib : context.o (.text:Graphics_clearDisplay)
                  000033fc    0000000a               : display.o (.text:Graphics_clearDisplayOnDisplay)
                  00003406    0000000a               : display.o (.text:Graphics_translateColorOnDisplay)
                  00003410    00000006     msp432p4xx_driverlib.lib : i2c_MSP432P4XX.obj (.text:I2C_getInterruptStatus)
                  00003416    00000006                              : i2c_MSP432P4XX.obj (.text:I2C_masterReceiveMultiByteNext)
                  0000341c    00000004     grlib.lib : context.o (.text:Graphics_setFont)
                  00003420    00000004     msp432p4xx_driverlib.lib : i2c_MSP432P4XX.obj (.text:I2C_setSlaveAddress)
                  00003424    00000004     rtsv7M4_T_le_v4SPD16_eabi.lib : pre_init.obj (.text)

.const     0    00003428    00000564     
                  00003428    000002f8     fontfixed6x8.obj (.const:.string:g_pucFontFixed6x8Data)
                  00003720    00000101     rtsv7M4_T_le_v4SPD16_eabi.lib : ctype.obj (.const:.string:_ctypes_)
                  00003821    00000003     --HOLE-- [fill = 0]
                  00003824    000000c8     fontfixed6x8.obj (.const:g_sFontFixed6x8)
                  000038ec    00000030     msp432p4xx_driverlib.lib : gpio_MSP432P4XX.obj (.const:GPIO_PORT_TO_BASE)
                  0000391c    00000020     Crystalfontz128x128_ST7735.obj (.const:g_sCrystalfontz128x128_funcs)
                  0000393c    0000001c     HAL_MSP_EXP432P401R_Crystalfontz128x128_ST7735.obj (.const:$P$T0$1)
                  00003958    00000018     main.obj (.const:upConfig)
                  00003970    00000014     HAL_I2C.obj (.const:i2cConfig)
                  00003984    00000008     Crystalfontz128x128_ST7735.obj (.const:$P$T0$1)

.cinit     0    00003990    00000048     
                  00003990    00000021     (.cinit..data.load) [load image, compression = lzss]
                  000039b1    00000003     --HOLE-- [fill = 0]
                  000039b4    0000000c     (__TI_handler_table)
                  000039c0    00000008     (.cinit..bss.load) [load image, compression = zero_init]
                  000039c8    00000010     (__TI_cinit_table)

.init_array 
*          0    00000000    00000000     UNINITIALIZED

.binit     0    00000000    00000000     

.data      0    20000000    0000003c     UNINITIALIZED
                  20000000    00000010     main.obj (.data:compareConfig_PWM)
                  20000010    00000010     Crystalfontz128x128_ST7735.obj (.data:g_sCrystalfontz128x128)
                  20000020    0000000c     rtsv7M4_T_le_v4SPD16_eabi.lib : exit.obj (.data:$O1$$)
                  2000002c    00000008                                   : _lock.obj (.data:$O1$$)
                  20000034    00000004                                   : errno.obj (.data)
                  20000038    00000004                                   : stkdepth_vars.obj (.data)

.bss       0    2000003c    0000002a     UNINITIALIZED
                  2000003c    0000001c     (.common:g_sContext)
                  20000058    00000004     (.common:lux)
                  2000005c    00000002     (.common:Lcd_ScreenHeigth)
                  2000005e    00000002     (.common:Lcd_ScreenWidth)
                  20000060    00000002     (.common:Lcd_TouchTrim)
                  20000062    00000001     (.common:Lcd_FlagRead)
                  20000063    00000001     (.common:Lcd_FontSolid)
                  20000064    00000001     (.common:Lcd_Orientation)
                  20000065    00000001     (.common:Lcd_PenSolid)

.stack     0    2000fe00    00000200     UNINITIALIZED
                  2000fe00    00000200     --HOLE--

MODULE SUMMARY

       Module                                               code    ro data   rw data
       ------                                               ----    -------   -------
    ./
       main.obj                                             656     24        96     
       HAL_I2C.obj                                          296     20        0      
       HAL_OPT3001.obj                                      236     0         0      
       system_msp432p401r.obj                               120     0         0      
    +--+----------------------------------------------------+-------+---------+---------+
       Total:                                               1308    44        96     
                                                                                     
    ./LcdDriver/
       Crystalfontz128x128_ST7735.obj                       1670    40        52     
       HAL_MSP_EXP432P401R_Crystalfontz128x128_ST7735.obj   212     28        0      
    +--+----------------------------------------------------+-------+---------+---------+
       Total:                                               1882    68        52     
                                                                                     
    ./ccs/
       startup_msp432p401r_ccs.obj                          14      228       0      
    +--+----------------------------------------------------+-------+---------+---------+
       Total:                                               14      228       0      
                                                                                     
    ./fonts/
       fontfixed6x8.obj                                     0       960       0      
    +--+----------------------------------------------------+-------+---------+---------+
       Total:                                               0       960       0      
                                                                                     
    /Applications/ti/ccsv7/tools/compiler/ti-cgt-arm_16.9.3.LTS/lib/rtsv7M4_T_le_v4SPD16_eabi.lib
       _printfi.obj                                         4414    0         0      
       ull_div_t2.obj                                       500     0         0      
       fd_add_t2.obj                                        438     0         0      
       fd_div_t2.obj                                        310     0         0      
       fd_cmp_t2.obj                                        268     0         0      
       ctype.obj                                            0       257       0      
       fd_mul_t2.obj                                        252     0         0      
       s_scalbn.obj                                         252     0         0      
       memcpy_t2.obj                                        156     0         0      
       memset_t2.obj                                        122     0         0      
       autoinit.obj                                         112     0         0      
       exit.obj                                             84      0         24     
       copy_decompress_lzss.obj                             104     0         0      
       s_frexp.obj                                          100     0         0      
       sprintf.obj                                          96      0         0      
       boot.obj                                             84      0         0      
       ltoa.obj                                             84      0         0      
       atoi.obj                                             76      0         0      
       cpy_tbl.obj                                          76      0         0      
       fd_toi_t2.obj                                        72      0         0      
       fd_tou_t2.obj                                        68      0         0      
       fs_tod_t2.obj                                        56      0         0      
       i_tofd_t2.obj                                        46      0         0      
       _lock.obj                                            20      0         16     
       memccpy.obj                                          28      0         0      
       args_main.obj                                        24      0         0      
       strchr.obj                                           22      0         0      
       s_copysign.obj                                       20      0         0      
       strlen.obj                                           20      0         0      
       copy_decompress_none.obj                             14      0         0      
       copy_zero_init.obj                                   12      0         0      
       errno.obj                                            0       0         8      
       stkdepth_vars.obj                                    0       0         8      
       pre_init.obj                                         4       0         0      
       mpu_init.obj                                         2       0         0      
       startup.obj                                          2       0         0      
    +--+----------------------------------------------------+-------+---------+---------+
       Total:                                               7938    257       56     
                                                                                     
    /Users/franmolinaca/ti/simplelink_msp432p4_sdk_1_50_00_12/source/ti/devices/msp432p4xx/driverlib/ccs/msp432p4xx_driverlib.lib
       i2c_MSP432P4XX.obj                                   446     0         0      
       spi_MSP432P4XX.obj                                   222     0         0      
       gpio_MSP432P4XX.obj                                  156     48        0      
       timer_a_MSP432P4XX.obj                               38      0         0      
    +--+----------------------------------------------------+-------+---------+---------+
       Total:                                               862     48        0      
                                                                                     
    /Users/franmolinaca/ti/simplelink_msp432p4_sdk_1_50_00_12/source/ti/grlib/ccs/grlib.lib
       string.o                                             906     0         0      
       context.o                                            76      0         0      
       line.o                                               74      0         0      
       display.o                                            56      0         0      
    +--+----------------------------------------------------+-------+---------+---------+
       Total:                                               1112    0         0      
                                                                                     
       Stack:                                               0       0         1024   
       Linker Generated:                                    0       69        0      
    +--+----------------------------------------------------+-------+---------+---------+
       Grand Total:                                         13116   1674      1228   


LINKER GENERATED COPY TABLES

__TI_cinit_table @ 000039c8 records: 2, size/record: 8, table size: 16
	.data: load addr=00003990, load size=00000021 bytes, run addr=20000000, run size=0000003c bytes, compression=lzss
	.bss: load addr=000039c0, load size=00000008 bytes, run addr=2000003c, run size=0000002a bytes, compression=zero_init


LINKER GENERATED HANDLER TABLE

__TI_handler_table @ 000039b4 records: 3, size/record: 4, table size: 12
	index: 0, handler: __TI_decompress_lzss
	index: 1, handler: __TI_decompress_none
	index: 2, handler: __TI_zero_init


GLOBAL SYMBOLS: SORTED ALPHABETICALLY BY Name 

address   name                                       
-------   ----                                       
000014f3  ADC14_IRQHandler                           
000014f3  AES256_IRQHandler                          
000014f3  BusFault_Handler                           
00002b6d  C$$EXIT                                    
000014f3  COMP_E0_IRQHandler                         
000014f3  COMP_E1_IRQHandler                         
000014f3  CS_IRQHandler                              
00001f71  Crystalfontz128x128_Init                   
00001e3d  Crystalfontz128x128_SetDrawFrame           
00002a71  Crystalfontz128x128_SetOrientation         
000014f3  DMA_ERR_IRQHandler                         
000014f3  DMA_INT0_IRQHandler                        
000014f3  DMA_INT1_IRQHandler                        
000014f3  DMA_INT2_IRQHandler                        
000014f3  DMA_INT3_IRQHandler                        
000014f3  DebugMon_Handler                           
000014f3  Default_Handler                            
000014f3  EUSCIA0_IRQHandler                         
000014f3  EUSCIA1_IRQHandler                         
000014f3  EUSCIA2_IRQHandler                         
000014f3  EUSCIA3_IRQHandler                         
000014f3  EUSCIB0_IRQHandler                         
000014f3  EUSCIB1_IRQHandler                         
000014f3  EUSCIB2_IRQHandler                         
000014f3  EUSCIB3_IRQHandler                         
000033a1  EUSCI_A_SPI_enable                         
000033ad  EUSCI_B_SPI_enable                         
000014f3  FLCTL_IRQHandler                           
000014f3  FPU_IRQHandler                             
00003159  GPIO_setAsOutputPin                        
00002c15  GPIO_setAsPeripheralModuleFunctionOutputPin
000032c5  GPIO_setOutputHighOnPin                    
00003251  GPIO_setOutputLowOnPin                     
000033f3  Graphics_clearDisplay                      
000033fd  Graphics_clearDisplayOnDisplay             
00003299  Graphics_drawHorizontalLineOnDisplay       
00002cf9  Graphics_drawLineH                         
0000334d  Graphics_drawPixelOnDisplay                
00001223  Graphics_drawString                        
00002f17  Graphics_drawStringCentered                
0000281d  Graphics_getStringWidth                    
000031a1  Graphics_initContext                       
0000335b  Graphics_setBackgroundColor                
0000341d  Graphics_setFont                           
00003369  Graphics_setForegroundColor                
00003407  Graphics_translateColorOnDisplay           
00002fc1  HAL_LCD_PortInit                           
00002e59  HAL_LCD_SpiInit                            
00002f51  HAL_LCD_writeCommand                       
000030dd  HAL_LCD_writeData                          
000014f3  HardFault_Handler                          
00003377  I2C_clearInterruptFlag                     
000033b9  I2C_disableModule                          
000033c5  I2C_enableModule                           
00003411  I2C_getInterruptStatus                     
000031c5  I2C_init                                   
00002ed9  I2C_initMaster                             
000032d9  I2C_isBusBusy                              
00002ff1  I2C_masterReceiveMultiByteFinish           
00003417  I2C_masterReceiveMultiByteNext             
0000333d  I2C_masterReceiveStart                     
00002ac5  I2C_masterSendMultiByteFinish              
0000317d  I2C_masterSendMultiByteNext                
00002e99  I2C_masterSendMultiByteStart               
00003021  I2C_masterSendMultiByteStop                
000024a5  I2C_read16                                 
00003385  I2C_setMode                                
00003421  I2C_setSlaveAddress                        
000031e5  I2C_setslave                               
00002d45  I2C_write16                                
00003269  Init_I2C_GPIO                              
20000062  Lcd_FlagRead                               
20000063  Lcd_FontSolid                              
20000064  Lcd_Orientation                            
20000065  Lcd_PenSolid                               
2000005c  Lcd_ScreenHeigth                           
2000005e  Lcd_ScreenWidth                            
20000060  Lcd_TouchTrim                              
000014f3  MemManage_Handler                          
000014f3  NMI_Handler                                
00002295  OPT3001_getLux                             
000032ed  OPT3001_init                               
000014f3  PCM_IRQHandler                             
000014f3  PORT1_IRQHandler                           
000014f3  PORT2_IRQHandler                           
000014f3  PORT3_IRQHandler                           
000014f3  PORT4_IRQHandler                           
000014f3  PORT5_IRQHandler                           
000014f3  PORT6_IRQHandler                           
000014f3  PSS_IRQHandler                             
000014f3  PendSV_Handler                             
000014f3  RTC_C_IRQHandler                           
000033d1  Reset_Handler                              
UNDEFED   SHT$$INIT_ARRAY$$Base                      
UNDEFED   SHT$$INIT_ARRAY$$Limit                     
00003237  SPI_enableModule                           
0000263d  SPI_initMaster                             
000014f3  SVC_Handler                                
000014f3  SysTick_Handler                            
00002735  SystemInit                                 
000014f3  T32_INT1_IRQHandler                        
000014f3  T32_INT2_IRQHandler                        
000014f3  T32_INTC_IRQHandler                        
000014f3  TA0_0_IRQHandler                           
000014f3  TA0_N_IRQHandler                           
000014f3  TA1_0_IRQHandler                           
000014f3  TA1_N_IRQHandler                           
000014f3  TA2_0_IRQHandler                           
000014f3  TA2_N_IRQHandler                           
000014f3  TA3_0_IRQHandler                           
000014f3  TA3_N_IRQHandler                           
00003131  Timer_A_initCompare                        
000014f3  UsageFault_Handler                         
4000480c  WDTCTL_SYM                                 
000014f3  WDT_A_IRQHandler                           
20010000  __STACK_END                                
00000200  __STACK_SIZE                               
000039c8  __TI_CINIT_Base                            
000039d8  __TI_CINIT_Limit                           
000039b4  __TI_Handler_Table_Base                    
000039c0  __TI_Handler_Table_Limit                   
000027ad  __TI_auto_init                             
20000020  __TI_cleanup_ptr                           
00002885  __TI_decompress_lzss                       
00003393  __TI_decompress_none                       
20000024  __TI_dtors_ptr                             
20000028  __TI_enable_exit_profile_output            
ffffffff  __TI_pprof_out_hndl                        
00000929  __TI_printfi                               
ffffffff  __TI_prof_data_size                        
ffffffff  __TI_prof_data_start                       
00000000  __TI_static_base__                         
000033dd  __TI_zero_init                             
00002531  __aeabi_cdcmpeq                            
00002531  __aeabi_cdcmple                            
000025b7  __aeabi_cdrcmple                           
00002d8d  __aeabi_d2iz                               
00002dd5  __aeabi_d2uiz                              
00001b5b  __aeabi_dadd                               
00001d07  __aeabi_ddiv                               
0000209d  __aeabi_dmul                               
00001b51  __aeabi_dsub                               
00002f89  __aeabi_f2d                                
00003081  __aeabi_i2d                                
000026b9  __aeabi_memclr                             
000026b9  __aeabi_memclr4                            
000026b9  __aeabi_memclr8                            
00002409  __aeabi_memcpy                             
00002409  __aeabi_memcpy4                            
00002409  __aeabi_memcpy8                            
000026bb  __aeabi_memset                             
000026bb  __aeabi_memset4                            
000026bb  __aeabi_memset8                            
00001785  __aeabi_uldivmod                           
ffffffff  __binit__                                  
ffffffff  __c_args__                                 
00002733  __mpu_init                                 
2000fe00  __stack                                    
00003281  _args_main                                 
00002b19  _c_int00                                   
00003720  _ctypes_                                   
2000002c  _lock                                      
0000330f  _nop                                       
00003307  _register_lock                             
00003301  _register_unlock                           
00002d43  _system_post_cinit                         
00003425  _system_pre_init                           
20000030  _unlock                                    
00002b71  abort                                      
00002c61  atoi                                       
ffffffff  binit                                      
20000000  compareConfig_PWM                          
00002cad  copy_in                                    
00003315  copysign                                   
00003315  copysignl                                  
20000034  errno                                      
00002b79  exit                                       
000028ed  frexp                                      
000028ed  frexpl                                     
2000003c  g_sContext                                 
20000010  g_sCrystalfontz128x128                     
0000391c  g_sCrystalfontz128x128_funcs               
00003824  g_sFontFixed6x8                            
00003970  i2cConfig                                  
00000000  interruptVectors                           
00002199  ldexp                                      
00002199  ldexpl                                     
00002bc1  ltoa                                       
20000058  lux                                        
000014f5  main                                       
20000038  main_func_sp                               
00003201  memccpy                                    
00002409  memcpy                                     
000026c1  memset                                     
00002199  scalbn                                     
00002199  scalbnl                                    
00002a11  sprintf                                    
000032af  strchr                                     
00003329  strlen                                     
00003958  upConfig                                   


GLOBAL SYMBOLS: SORTED BY Symbol Address 

address   name                                       
-------   ----                                       
00000000  __TI_static_base__                         
00000000  interruptVectors                           
00000200  __STACK_SIZE                               
00000929  __TI_printfi                               
00001223  Graphics_drawString                        
000014f3  ADC14_IRQHandler                           
000014f3  AES256_IRQHandler                          
000014f3  BusFault_Handler                           
000014f3  COMP_E0_IRQHandler                         
000014f3  COMP_E1_IRQHandler                         
000014f3  CS_IRQHandler                              
000014f3  DMA_ERR_IRQHandler                         
000014f3  DMA_INT0_IRQHandler                        
000014f3  DMA_INT1_IRQHandler                        
000014f3  DMA_INT2_IRQHandler                        
000014f3  DMA_INT3_IRQHandler                        
000014f3  DebugMon_Handler                           
000014f3  Default_Handler                            
000014f3  EUSCIA0_IRQHandler                         
000014f3  EUSCIA1_IRQHandler                         
000014f3  EUSCIA2_IRQHandler                         
000014f3  EUSCIA3_IRQHandler                         
000014f3  EUSCIB0_IRQHandler                         
000014f3  EUSCIB1_IRQHandler                         
000014f3  EUSCIB2_IRQHandler                         
000014f3  EUSCIB3_IRQHandler                         
000014f3  FLCTL_IRQHandler                           
000014f3  FPU_IRQHandler                             
000014f3  HardFault_Handler                          
000014f3  MemManage_Handler                          
000014f3  NMI_Handler                                
000014f3  PCM_IRQHandler                             
000014f3  PORT1_IRQHandler                           
000014f3  PORT2_IRQHandler                           
000014f3  PORT3_IRQHandler                           
000014f3  PORT4_IRQHandler                           
000014f3  PORT5_IRQHandler                           
000014f3  PORT6_IRQHandler                           
000014f3  PSS_IRQHandler                             
000014f3  PendSV_Handler                             
000014f3  RTC_C_IRQHandler                           
000014f3  SVC_Handler                                
000014f3  SysTick_Handler                            
000014f3  T32_INT1_IRQHandler                        
000014f3  T32_INT2_IRQHandler                        
000014f3  T32_INTC_IRQHandler                        
000014f3  TA0_0_IRQHandler                           
000014f3  TA0_N_IRQHandler                           
000014f3  TA1_0_IRQHandler                           
000014f3  TA1_N_IRQHandler                           
000014f3  TA2_0_IRQHandler                           
000014f3  TA2_N_IRQHandler                           
000014f3  TA3_0_IRQHandler                           
000014f3  TA3_N_IRQHandler                           
000014f3  UsageFault_Handler                         
000014f3  WDT_A_IRQHandler                           
000014f5  main                                       
00001785  __aeabi_uldivmod                           
00001b51  __aeabi_dsub                               
00001b5b  __aeabi_dadd                               
00001d07  __aeabi_ddiv                               
00001e3d  Crystalfontz128x128_SetDrawFrame           
00001f71  Crystalfontz128x128_Init                   
0000209d  __aeabi_dmul                               
00002199  ldexp                                      
00002199  ldexpl                                     
00002199  scalbn                                     
00002199  scalbnl                                    
00002295  OPT3001_getLux                             
00002409  __aeabi_memcpy                             
00002409  __aeabi_memcpy4                            
00002409  __aeabi_memcpy8                            
00002409  memcpy                                     
000024a5  I2C_read16                                 
00002531  __aeabi_cdcmpeq                            
00002531  __aeabi_cdcmple                            
000025b7  __aeabi_cdrcmple                           
0000263d  SPI_initMaster                             
000026b9  __aeabi_memclr                             
000026b9  __aeabi_memclr4                            
000026b9  __aeabi_memclr8                            
000026bb  __aeabi_memset                             
000026bb  __aeabi_memset4                            
000026bb  __aeabi_memset8                            
000026c1  memset                                     
00002733  __mpu_init                                 
00002735  SystemInit                                 
000027ad  __TI_auto_init                             
0000281d  Graphics_getStringWidth                    
00002885  __TI_decompress_lzss                       
000028ed  frexp                                      
000028ed  frexpl                                     
00002a11  sprintf                                    
00002a71  Crystalfontz128x128_SetOrientation         
00002ac5  I2C_masterSendMultiByteFinish              
00002b19  _c_int00                                   
00002b6d  C$$EXIT                                    
00002b71  abort                                      
00002b79  exit                                       
00002bc1  ltoa                                       
00002c15  GPIO_setAsPeripheralModuleFunctionOutputPin
00002c61  atoi                                       
00002cad  copy_in                                    
00002cf9  Graphics_drawLineH                         
00002d43  _system_post_cinit                         
00002d45  I2C_write16                                
00002d8d  __aeabi_d2iz                               
00002dd5  __aeabi_d2uiz                              
00002e59  HAL_LCD_SpiInit                            
00002e99  I2C_masterSendMultiByteStart               
00002ed9  I2C_initMaster                             
00002f17  Graphics_drawStringCentered                
00002f51  HAL_LCD_writeCommand                       
00002f89  __aeabi_f2d                                
00002fc1  HAL_LCD_PortInit                           
00002ff1  I2C_masterReceiveMultiByteFinish           
00003021  I2C_masterSendMultiByteStop                
00003081  __aeabi_i2d                                
000030dd  HAL_LCD_writeData                          
00003131  Timer_A_initCompare                        
00003159  GPIO_setAsOutputPin                        
0000317d  I2C_masterSendMultiByteNext                
000031a1  Graphics_initContext                       
000031c5  I2C_init                                   
000031e5  I2C_setslave                               
00003201  memccpy                                    
00003237  SPI_enableModule                           
00003251  GPIO_setOutputLowOnPin                     
00003269  Init_I2C_GPIO                              
00003281  _args_main                                 
00003299  Graphics_drawHorizontalLineOnDisplay       
000032af  strchr                                     
000032c5  GPIO_setOutputHighOnPin                    
000032d9  I2C_isBusBusy                              
000032ed  OPT3001_init                               
00003301  _register_unlock                           
00003307  _register_lock                             
0000330f  _nop                                       
00003315  copysign                                   
00003315  copysignl                                  
00003329  strlen                                     
0000333d  I2C_masterReceiveStart                     
0000334d  Graphics_drawPixelOnDisplay                
0000335b  Graphics_setBackgroundColor                
00003369  Graphics_setForegroundColor                
00003377  I2C_clearInterruptFlag                     
00003385  I2C_setMode                                
00003393  __TI_decompress_none                       
000033a1  EUSCI_A_SPI_enable                         
000033ad  EUSCI_B_SPI_enable                         
000033b9  I2C_disableModule                          
000033c5  I2C_enableModule                           
000033d1  Reset_Handler                              
000033dd  __TI_zero_init                             
000033f3  Graphics_clearDisplay                      
000033fd  Graphics_clearDisplayOnDisplay             
00003407  Graphics_translateColorOnDisplay           
00003411  I2C_getInterruptStatus                     
00003417  I2C_masterReceiveMultiByteNext             
0000341d  Graphics_setFont                           
00003421  I2C_setSlaveAddress                        
00003425  _system_pre_init                           
00003720  _ctypes_                                   
00003824  g_sFontFixed6x8                            
0000391c  g_sCrystalfontz128x128_funcs               
00003958  upConfig                                   
00003970  i2cConfig                                  
000039b4  __TI_Handler_Table_Base                    
000039c0  __TI_Handler_Table_Limit                   
000039c8  __TI_CINIT_Base                            
000039d8  __TI_CINIT_Limit                           
20000000  compareConfig_PWM                          
20000010  g_sCrystalfontz128x128                     
20000020  __TI_cleanup_ptr                           
20000024  __TI_dtors_ptr                             
20000028  __TI_enable_exit_profile_output            
2000002c  _lock                                      
20000030  _unlock                                    
20000034  errno                                      
20000038  main_func_sp                               
2000003c  g_sContext                                 
20000058  lux                                        
2000005c  Lcd_ScreenHeigth                           
2000005e  Lcd_ScreenWidth                            
20000060  Lcd_TouchTrim                              
20000062  Lcd_FlagRead                               
20000063  Lcd_FontSolid                              
20000064  Lcd_Orientation                            
20000065  Lcd_PenSolid                               
2000fe00  __stack                                    
20010000  __STACK_END                                
4000480c  WDTCTL_SYM                                 
ffffffff  __TI_pprof_out_hndl                        
ffffffff  __TI_prof_data_size                        
ffffffff  __TI_prof_data_start                       
ffffffff  __binit__                                  
ffffffff  __c_args__                                 
ffffffff  binit                                      
UNDEFED   SHT$$INIT_ARRAY$$Base                      
UNDEFED   SHT$$INIT_ARRAY$$Limit                     

[200 symbols]
