******************************************************************************
                  TI ARM Linker Unix v16.9.3                   
******************************************************************************
>> Linked Tue Sep 19 18:38:57 2017

OUTPUT FILE NAME:   <boostxl_edumkii_lightsensor_msp432p401r_MSP_EXP432P401R_nortos_ccs.out>
ENTRY POINT SYMBOL: "_c_int00"  address: 00003115


MEMORY CONFIGURATION

         name            origin    length      used     unused   attr    fill
----------------------  --------  ---------  --------  --------  ----  --------
  MAIN                  00000000   00040000  00004094  0003bf6c  R  X
  INFO                  00200000   00004000  00000000  00004000  R  X
  SRAM_CODE             01000000   00010000  000002aa  0000fd56  RW X
  SRAM_DATA             20000000   00010000  000002aa  0000fd56  RW  


SEGMENT ALLOCATION MAP

run origin  load origin   length   init length attrs members
----------  ----------- ---------- ----------- ----- -------
00000000    00000000    00004098   00004098    r-x
  00000000    00000000    000000e4   000000e4    r-- .intvecs
  000000e4    000000e4    000039c4   000039c4    r-x .text
  00003aa8    00003aa8    00000594   00000594    r-- .const
  00004040    00004040    00000058   00000058    r-- .cinit
20000000    20000000    000000aa   00000000    rw-
  20000000    20000000    00000080   00000000    rw- .data
  20000080    20000080    0000002a   00000000    rw- .bss
2000fe00    2000fe00    00000200   00000000    rw-
  2000fe00    2000fe00    00000200   00000000    rw- .stack


SECTION ALLOCATION MAP

 output                                  attributes/
section   page    origin      length       input sections
--------  ----  ----------  ----------   ----------------
.intvecs   0    00000000    000000e4     
                  00000000    000000e4     startup_msp432p401r_ccs.obj (.intvecs:retain)

.text      0    000000e4    000039c4     
                  000000e4    0000113e     rtsv7M4_T_le_v4SPD16_eabi.lib : _printfi.obj (.text)
                  00001222    00000002     startup_msp432p401r_ccs.obj (.text:Default_Handler)
                  00001224    00000594     main.obj (.text:main)
                  000017b8    000002d0     grlib.lib : string.o (.text:Graphics_drawString)
                  00001a88    00000220     main.obj (.text:PORT1_IRQHandler)
                  00001ca8    000001f4     rtsv7M4_T_le_v4SPD16_eabi.lib : ull_div_t2.obj (.text)
                  00001e9c    000001d8     Crystalfontz128x128_ST7735.obj (.text:Crystalfontz128x128_PixelDrawMultiple)
                  00002074    000001b6     rtsv7M4_T_le_v4SPD16_eabi.lib : fd_add_t2.obj (.text)
                  0000222a    00000136                                   : fd_div_t2.obj (.text)
                  00002360    00000134     Crystalfontz128x128_ST7735.obj (.text:Crystalfontz128x128_SetDrawFrame)
                  00002494    0000012c     Crystalfontz128x128_ST7735.obj (.text:Crystalfontz128x128_Init)
                  000025c0    000000fc     rtsv7M4_T_le_v4SPD16_eabi.lib : fd_mul_t2.obj (.text)
                  000026bc    000000fc                                   : s_scalbn.obj (.text)
                  000027b8    000000d8     HAL_OPT3001.obj (.text:OPT3001_getLux)
                  00002890    0000009c     Crystalfontz128x128_ST7735.obj (.text:Crystalfontz128x128_RectFill)
                  0000292c    0000009c     rtsv7M4_T_le_v4SPD16_eabi.lib : memcpy_t2.obj (.text)
                  000029c8    0000008c     HAL_I2C.obj (.text:I2C_read16)
                  00002a54    00000086     rtsv7M4_T_le_v4SPD16_eabi.lib : fd_cmp_t2.obj (.text:__aeabi_cdcmple)
                  00002ada    00000086                                   : fd_cmp_t2.obj (.text:__aeabi_cdrcmple)
                  00002b60    0000007c     msp432p4xx_driverlib.lib : spi_MSP432P4XX.obj (.text:SPI_initMaster)
                  00002bdc    0000007a     rtsv7M4_T_le_v4SPD16_eabi.lib : memset_t2.obj (.text)
                  00002c56    00000002                                   : mpu_init.obj (.text)
                  00002c58    00000078     system_msp432p401r.obj (.text:SystemInit)
                  00002cd0    00000070     main.obj (.text:TA1_0_IRQHandler)
                  00002d40    00000070     rtsv7M4_T_le_v4SPD16_eabi.lib : autoinit.obj (.text)
                  00002db0    00000068     grlib.lib : string.o (.text:Graphics_getStringWidth)
                  00002e18    00000068     main.obj (.text:TA2_0_IRQHandler)
                  00002e80    00000068     rtsv7M4_T_le_v4SPD16_eabi.lib : copy_decompress_lzss.obj (.text:decompress:lzss)
                  00002ee8    00000064                                   : s_frexp.obj (.text)
                  00002f4c    00000060     Crystalfontz128x128_ST7735.obj (.text:Crystalfontz128x128_LineDrawH)
                  00002fac    00000060     Crystalfontz128x128_ST7735.obj (.text:Crystalfontz128x128_LineDrawV)
                  0000300c    00000060     rtsv7M4_T_le_v4SPD16_eabi.lib : sprintf.obj (.text)
                  0000306c    00000054     Crystalfontz128x128_ST7735.obj (.text:Crystalfontz128x128_SetOrientation)
                  000030c0    00000054     msp432p4xx_driverlib.lib : i2c_MSP432P4XX.obj (.text:I2C_masterSendMultiByteFinish)
                  00003114    00000054     rtsv7M4_T_le_v4SPD16_eabi.lib : boot.obj (.text)
                  00003168    00000054                                   : exit.obj (.text)
                  000031bc    00000054                                   : ltoa.obj (.text)
                  00003210    0000004c     msp432p4xx_driverlib.lib : gpio_MSP432P4XX.obj (.text:GPIO_setAsPeripheralModuleFunctionOutputPin)
                  0000325c    0000004c     rtsv7M4_T_le_v4SPD16_eabi.lib : atoi.obj (.text)
                  000032a8    0000004c                                   : cpy_tbl.obj (.text)
                  000032f4    0000004a     grlib.lib : line.o (.text:Graphics_drawLineH)
                  0000333e    00000002     rtsv7M4_T_le_v4SPD16_eabi.lib : startup.obj (.text)
                  00003340    00000048     HAL_I2C.obj (.text:I2C_write16)
                  00003388    00000048     main.obj (.text:_Z18__NVIC_SetPriority4IRQnj)
                  000033d0    00000048     rtsv7M4_T_le_v4SPD16_eabi.lib : fd_toi_t2.obj (.text)
                  00003418    00000040     Crystalfontz128x128_ST7735.obj (.text:Crystalfontz128x128_PixelDraw)
                  00003458    00000040     HAL_MSP_EXP432P401R_Crystalfontz128x128_ST7735.obj (.text:HAL_LCD_SpiInit)
                  00003498    00000040     msp432p4xx_driverlib.lib : i2c_MSP432P4XX.obj (.text:I2C_masterSendMultiByteStart)
                  000034d8    0000003e                              : i2c_MSP432P4XX.obj (.text:I2C_initMaster)
                  00003516    00000038     grlib.lib : string.o (.text:Graphics_drawStringCentered)
                  0000354e    00000002     --HOLE-- [fill = 0]
                  00003550    00000038     HAL_MSP_EXP432P401R_Crystalfontz128x128_ST7735.obj (.text:HAL_LCD_writeCommand)
                  00003588    00000038     rtsv7M4_T_le_v4SPD16_eabi.lib : fs_tod_t2.obj (.text)
                  000035c0    00000030     HAL_MSP_EXP432P401R_Crystalfontz128x128_ST7735.obj (.text:HAL_LCD_PortInit)
                  000035f0    00000030     msp432p4xx_driverlib.lib : i2c_MSP432P4XX.obj (.text:I2C_masterReceiveMultiByteFinish)
                  00003620    00000030                              : i2c_MSP432P4XX.obj (.text:I2C_masterSendMultiByteStop)
                  00003650    00000030     main.obj (.text:T32_INT1_IRQHandler)
                  00003680    00000030     main.obj (.text:_Z16__NVIC_EnableIRQ4IRQn)
                  000036b0    00000030     msp432p4xx_driverlib.lib : spi_MSP432P4XX.obj (.text:is_A_Module)
                  000036e0    0000002e     rtsv7M4_T_le_v4SPD16_eabi.lib : i_tofd_t2.obj (.text)
                  0000370e    00000002     --HOLE-- [fill = 0]
                  00003710    0000002c     Crystalfontz128x128_ST7735.obj (.text:Crystalfontz128x128_ClearScreen)
                  0000373c    0000002c     HAL_MSP_EXP432P401R_Crystalfontz128x128_ST7735.obj (.text:HAL_LCD_writeData)
                  00003768    00000028     Crystalfontz128x128_ST7735.obj (.text:Crystalfontz128x128_ColorTranslate)
                  00003790    00000026     msp432p4xx_driverlib.lib : timer_a_MSP432P4XX.obj (.text:Timer_A_initCompare)
                  000037b6    00000002     --HOLE-- [fill = 0]
                  000037b8    00000024                              : gpio_MSP432P4XX.obj (.text:GPIO_setAsOutputPin)
                  000037dc    00000024                              : i2c_MSP432P4XX.obj (.text:I2C_masterSendMultiByteNext)
                  00003800    00000022     grlib.lib : context.o (.text:Graphics_initContext)
                  00003822    00000002     --HOLE-- [fill = 0]
                  00003824    00000020     main.obj (.text:ADC14_IRQHandler)
                  00003844    00000020     HAL_I2C.obj (.text:I2C_init)
                  00003864    0000001c     HAL_I2C.obj (.text:I2C_setslave)
                  00003880    0000001c     rtsv7M4_T_le_v4SPD16_eabi.lib : memccpy.obj (.text)
                  0000389c    0000001a     grlib.lib : string.o (.text:Graphics_getNumberOfLeadingZeros)
                  000038b6    0000001a     msp432p4xx_driverlib.lib : spi_MSP432P4XX.obj (.text:SPI_enableModule)
                  000038d0    00000018                              : gpio_MSP432P4XX.obj (.text:GPIO_setOutputLowOnPin)
                  000038e8    00000018     HAL_I2C.obj (.text:Init_I2C_GPIO)
                  00003900    00000018     rtsv7M4_T_le_v4SPD16_eabi.lib : args_main.obj (.text)
                  00003918    00000016     grlib.lib : display.o (.text:Graphics_drawHorizontalLineOnDisplay)
                  0000392e    00000016     rtsv7M4_T_le_v4SPD16_eabi.lib : strchr.obj (.text)
                  00003944    00000014     msp432p4xx_driverlib.lib : gpio_MSP432P4XX.obj (.text:GPIO_setOutputHighOnPin)
                  00003958    00000014                              : i2c_MSP432P4XX.obj (.text:I2C_isBusBusy)
                  0000396c    00000014     HAL_OPT3001.obj (.text:OPT3001_init)
                  00003980    00000014     rtsv7M4_T_le_v4SPD16_eabi.lib : _lock.obj (.text)
                  00003994    00000014                                   : s_copysign.obj (.text)
                  000039a8    00000014                                   : strlen.obj (.text)
                  000039bc    00000010     msp432p4xx_driverlib.lib : i2c_MSP432P4XX.obj (.text:I2C_masterReceiveStart)
                  000039cc    0000000e     grlib.lib : display.o (.text:Graphics_drawPixelOnDisplay)
                  000039da    0000000e               : context.o (.text:Graphics_setBackgroundColor)
                  000039e8    0000000e               : context.o (.text:Graphics_setForegroundColor)
                  000039f6    0000000e     msp432p4xx_driverlib.lib : i2c_MSP432P4XX.obj (.text:I2C_clearInterruptFlag)
                  00003a04    0000000e                              : i2c_MSP432P4XX.obj (.text:I2C_setMode)
                  00003a12    0000000e     rtsv7M4_T_le_v4SPD16_eabi.lib : copy_decompress_none.obj (.text:decompress:none)
                  00003a20    0000000c     msp432p4xx_driverlib.lib : spi_MSP432P4XX.obj (.text:EUSCI_A_SPI_enable)
                  00003a2c    0000000c                              : spi_MSP432P4XX.obj (.text:EUSCI_B_SPI_enable)
                  00003a38    0000000c                              : i2c_MSP432P4XX.obj (.text:I2C_disableModule)
                  00003a44    0000000c                              : i2c_MSP432P4XX.obj (.text:I2C_enableModule)
                  00003a50    0000000c     startup_msp432p401r_ccs.obj (.text:Reset_Handler)
                  00003a5c    0000000c     rtsv7M4_T_le_v4SPD16_eabi.lib : copy_zero_init.obj (.text:decompress:ZI)
                  00003a68    0000000a     Crystalfontz128x128_ST7735.obj (.text:Crystalfontz128x128_Flush)
                  00003a72    0000000a     grlib.lib : context.o (.text:Graphics_clearDisplay)
                  00003a7c    0000000a               : display.o (.text:Graphics_clearDisplayOnDisplay)
                  00003a86    0000000a               : display.o (.text:Graphics_translateColorOnDisplay)
                  00003a90    00000006     msp432p4xx_driverlib.lib : i2c_MSP432P4XX.obj (.text:I2C_getInterruptStatus)
                  00003a96    00000006                              : i2c_MSP432P4XX.obj (.text:I2C_masterReceiveMultiByteNext)
                  00003a9c    00000004     grlib.lib : context.o (.text:Graphics_setFont)
                  00003aa0    00000004     msp432p4xx_driverlib.lib : i2c_MSP432P4XX.obj (.text:I2C_setSlaveAddress)
                  00003aa4    00000004     rtsv7M4_T_le_v4SPD16_eabi.lib : pre_init.obj (.text)

.const     0    00003aa8    00000594     
                  00003aa8    000002f8     fontfixed6x8.obj (.const:.string:g_pucFontFixed6x8Data)
                  00003da0    00000101     rtsv7M4_T_le_v4SPD16_eabi.lib : ctype.obj (.const:.string:_ctypes_)
                  00003ea1    00000003     --HOLE-- [fill = 0]
                  00003ea4    000000c8     fontfixed6x8.obj (.const:g_sFontFixed6x8)
                  00003f6c    00000030     msp432p4xx_driverlib.lib : gpio_MSP432P4XX.obj (.const:GPIO_PORT_TO_BASE)
                  00003f9c    00000020     Crystalfontz128x128_ST7735.obj (.const:g_sCrystalfontz128x128_funcs)
                  00003fbc    0000001c     HAL_MSP_EXP432P401R_Crystalfontz128x128_ST7735.obj (.const:$P$T0$1)
                  00003fd8    00000018     main.obj (.const:TA1upConfig)
                  00003ff0    00000018     main.obj (.const:TA2upConfig)
                  00004008    00000018     main.obj (.const:upConfig)
                  00004020    00000014     HAL_I2C.obj (.const:i2cConfig)
                  00004034    00000008     Crystalfontz128x128_ST7735.obj (.const:$P$T0$1)

.cinit     0    00004040    00000058     
                  00004040    00000034     (.cinit..data.load) [load image, compression = lzss]
                  00004074    0000000c     (__TI_handler_table)
                  00004080    00000008     (.cinit..bss.load) [load image, compression = zero_init]
                  00004088    00000010     (__TI_cinit_table)

.init_array 
*          0    00000000    00000000     UNINITIALIZED

.binit     0    00000000    00000000     

.data      0    20000000    00000080     UNINITIALIZED
                  20000000    00000044     main.obj (.data)
                  20000044    00000010     main.obj (.data:compareConfig_PWM)
                  20000054    00000010     Crystalfontz128x128_ST7735.obj (.data:g_sCrystalfontz128x128)
                  20000064    0000000c     rtsv7M4_T_le_v4SPD16_eabi.lib : exit.obj (.data:$O1$$)
                  20000070    00000008                                   : _lock.obj (.data:$O1$$)
                  20000078    00000004                                   : errno.obj (.data)
                  2000007c    00000004                                   : stkdepth_vars.obj (.data)

.bss       0    20000080    0000002a     UNINITIALIZED
                  20000080    0000001c     (.common:g_sContext)
                  2000009c    00000004     (.common:lux)
                  200000a0    00000002     (.common:Lcd_ScreenHeigth)
                  200000a2    00000002     (.common:Lcd_ScreenWidth)
                  200000a4    00000002     (.common:Lcd_TouchTrim)
                  200000a6    00000001     (.common:Lcd_FlagRead)
                  200000a7    00000001     (.common:Lcd_FontSolid)
                  200000a8    00000001     (.common:Lcd_Orientation)
                  200000a9    00000001     (.common:Lcd_PenSolid)

.stack     0    2000fe00    00000200     UNINITIALIZED
                  2000fe00    00000200     --HOLE--

MODULE SUMMARY

       Module                                               code    ro data   rw data
       ------                                               ----    -------   -------
    ./
       main.obj                                             2388    72        232    
       HAL_I2C.obj                                          296     20        0      
       HAL_OPT3001.obj                                      236     0         0      
       system_msp432p401r.obj                               120     0         0      
    +--+----------------------------------------------------+-------+---------+---------+
       Total:                                               3040    92        232    
                                                                                     
    ./LcdDriver/
       Crystalfontz128x128_ST7735.obj                       1670    40        52     
       HAL_MSP_EXP432P401R_Crystalfontz128x128_ST7735.obj   212     28        0      
    +--+----------------------------------------------------+-------+---------+---------+
       Total:                                               1882    68        52     
                                                                                     
    ./ccs/
       startup_msp432p401r_ccs.obj                          14      228       0      
    +--+----------------------------------------------------+-------+---------+---------+
       Total:                                               14      228       0      
                                                                                     
    ./fonts/
       fontfixed6x8.obj                                     0       960       0      
    +--+----------------------------------------------------+-------+---------+---------+
       Total:                                               0       960       0      
                                                                                     
    /Applications/ti/ccsv7/tools/compiler/ti-cgt-arm_16.9.3.LTS/lib/rtsv7M4_T_le_v4SPD16_eabi.lib
       _printfi.obj                                         4414    0         0      
       ull_div_t2.obj                                       500     0         0      
       fd_add_t2.obj                                        438     0         0      
       fd_div_t2.obj                                        310     0         0      
       fd_cmp_t2.obj                                        268     0         0      
       ctype.obj                                            0       257       0      
       fd_mul_t2.obj                                        252     0         0      
       s_scalbn.obj                                         252     0         0      
       memcpy_t2.obj                                        156     0         0      
       memset_t2.obj                                        122     0         0      
       autoinit.obj                                         112     0         0      
       exit.obj                                             84      0         24     
       copy_decompress_lzss.obj                             104     0         0      
       s_frexp.obj                                          100     0         0      
       sprintf.obj                                          96      0         0      
       boot.obj                                             84      0         0      
       ltoa.obj                                             84      0         0      
       atoi.obj                                             76      0         0      
       cpy_tbl.obj                                          76      0         0      
       fd_toi_t2.obj                                        72      0         0      
       fs_tod_t2.obj                                        56      0         0      
       i_tofd_t2.obj                                        46      0         0      
       _lock.obj                                            20      0         16     
       memccpy.obj                                          28      0         0      
       args_main.obj                                        24      0         0      
       strchr.obj                                           22      0         0      
       s_copysign.obj                                       20      0         0      
       strlen.obj                                           20      0         0      
       copy_decompress_none.obj                             14      0         0      
       copy_zero_init.obj                                   12      0         0      
       errno.obj                                            0       0         8      
       stkdepth_vars.obj                                    0       0         8      
       pre_init.obj                                         4       0         0      
       mpu_init.obj                                         2       0         0      
       startup.obj                                          2       0         0      
    +--+----------------------------------------------------+-------+---------+---------+
       Total:                                               7870    257       56     
                                                                                     
    /Users/franmolinaca/ti/simplelink_msp432p4_sdk_1_50_00_12/source/ti/devices/msp432p4xx/driverlib/ccs/msp432p4xx_driverlib.lib
       i2c_MSP432P4XX.obj                                   446     0         0      
       spi_MSP432P4XX.obj                                   222     0         0      
       gpio_MSP432P4XX.obj                                  156     48        0      
       timer_a_MSP432P4XX.obj                               38      0         0      
    +--+----------------------------------------------------+-------+---------+---------+
       Total:                                               862     48        0      
                                                                                     
    /Users/franmolinaca/ti/simplelink_msp432p4_sdk_1_50_00_12/source/ti/grlib/ccs/grlib.lib
       string.o                                             906     0         0      
       context.o                                            76      0         0      
       line.o                                               74      0         0      
       display.o                                            56      0         0      
    +--+----------------------------------------------------+-------+---------+---------+
       Total:                                               1112    0         0      
                                                                                     
       Stack:                                               0       0         1024   
       Linker Generated:                                    0       88        0      
    +--+----------------------------------------------------+-------+---------+---------+
       Grand Total:                                         14780   1741      1364   


LINKER GENERATED COPY TABLES

__TI_cinit_table @ 00004088 records: 2, size/record: 8, table size: 16
	.data: load addr=00004040, load size=00000034 bytes, run addr=20000000, run size=00000080 bytes, compression=lzss
	.bss: load addr=00004080, load size=00000008 bytes, run addr=20000080, run size=0000002a bytes, compression=zero_init


LINKER GENERATED HANDLER TABLE

__TI_handler_table @ 00004074 records: 3, size/record: 4, table size: 12
	index: 0, handler: __TI_decompress_lzss
	index: 1, handler: __TI_decompress_none
	index: 2, handler: __TI_zero_init


GLOBAL SYMBOLS: SORTED ALPHABETICALLY BY Name 

address   name                                       
-------   ----                                       
20000000  ADC14Result                                
00003825  ADC14_IRQHandler                           
00003825  ADC14_IRQHandler                           
00001223  AES256_IRQHandler                          
00001223  BusFault_Handler                           
00003169  C$$EXIT                                    
00001223  COMP_E0_IRQHandler                         
00001223  COMP_E1_IRQHandler                         
00001223  CS_IRQHandler                              
2000003c  Counter1                                   
00002495  Crystalfontz128x128_Init                   
00002361  Crystalfontz128x128_SetDrawFrame           
0000306d  Crystalfontz128x128_SetOrientation         
00001223  DMA_ERR_IRQHandler                         
00001223  DMA_INT0_IRQHandler                        
00001223  DMA_INT1_IRQHandler                        
00001223  DMA_INT2_IRQHandler                        
00001223  DMA_INT3_IRQHandler                        
00001223  DebugMon_Handler                           
00001223  Default_Handler                            
00001223  EUSCIA0_IRQHandler                         
00001223  EUSCIA1_IRQHandler                         
00001223  EUSCIA2_IRQHandler                         
00001223  EUSCIA3_IRQHandler                         
00001223  EUSCIB0_IRQHandler                         
00001223  EUSCIB1_IRQHandler                         
00001223  EUSCIB2_IRQHandler                         
00001223  EUSCIB3_IRQHandler                         
00003a21  EUSCI_A_SPI_enable                         
00003a2d  EUSCI_B_SPI_enable                         
00001223  FLCTL_IRQHandler                           
00001223  FPU_IRQHandler                             
000037b9  GPIO_setAsOutputPin                        
00003211  GPIO_setAsPeripheralModuleFunctionOutputPin
00003945  GPIO_setOutputHighOnPin                    
000038d1  GPIO_setOutputLowOnPin                     
00003a73  Graphics_clearDisplay                      
00003a7d  Graphics_clearDisplayOnDisplay             
00003919  Graphics_drawHorizontalLineOnDisplay       
000032f5  Graphics_drawLineH                         
000039cd  Graphics_drawPixelOnDisplay                
000017b9  Graphics_drawString                        
00003517  Graphics_drawStringCentered                
00002db1  Graphics_getStringWidth                    
00003801  Graphics_initContext                       
000039db  Graphics_setBackgroundColor                
00003a9d  Graphics_setFont                           
000039e9  Graphics_setForegroundColor                
00003a87  Graphics_translateColorOnDisplay           
000035c1  HAL_LCD_PortInit                           
00003459  HAL_LCD_SpiInit                            
00003551  HAL_LCD_writeCommand                       
0000373d  HAL_LCD_writeData                          
00001223  HardFault_Handler                          
000039f7  I2C_clearInterruptFlag                     
00003a39  I2C_disableModule                          
00003a45  I2C_enableModule                           
00003a91  I2C_getInterruptStatus                     
00003845  I2C_init                                   
000034d9  I2C_initMaster                             
00003959  I2C_isBusBusy                              
000035f1  I2C_masterReceiveMultiByteFinish           
00003a97  I2C_masterReceiveMultiByteNext             
000039bd  I2C_masterReceiveStart                     
000030c1  I2C_masterSendMultiByteFinish              
000037dd  I2C_masterSendMultiByteNext                
00003499  I2C_masterSendMultiByteStart               
00003621  I2C_masterSendMultiByteStop                
000029c9  I2C_read16                                 
00003a05  I2C_setMode                                
00003aa1  I2C_setSlaveAddress                        
00003865  I2C_setslave                               
00003341  I2C_write16                                
000038e9  Init_I2C_GPIO                              
200000a6  Lcd_FlagRead                               
200000a7  Lcd_FontSolid                              
200000a8  Lcd_Orientation                            
200000a9  Lcd_PenSolid                               
200000a0  Lcd_ScreenHeigth                           
200000a2  Lcd_ScreenWidth                            
200000a4  Lcd_TouchTrim                              
2000000c  LedInd                                     
20000010  LedSta                                     
00001223  MemManage_Handler                          
00001223  NMI_Handler                                
000027b9  OPT3001_getLux                             
0000396d  OPT3001_init                               
00001223  PCM_IRQHandler                             
00001a89  PORT1_IRQHandler                           
00001a89  PORT1_IRQHandler                           
00001223  PORT2_IRQHandler                           
00001223  PORT3_IRQHandler                           
00001223  PORT4_IRQHandler                           
00001223  PORT5_IRQHandler                           
00001223  PORT6_IRQHandler                           
00001223  PSS_IRQHandler                             
00001223  PendSV_Handler                             
00001223  RTC_C_IRQHandler                           
00003a51  Reset_Handler                              
20000004  S1buttonDebounce                           
20000008  S2buttonDebounce                           
UNDEFED   SHT$$INIT_ARRAY$$Base                      
UNDEFED   SHT$$INIT_ARRAY$$Limit                     
000038b7  SPI_enableModule                           
00002b61  SPI_initMaster                             
00001223  SVC_Handler                                
00001223  SysTick_Handler                            
00002c59  SystemInit                                 
00003651  T32_INT1_IRQHandler                        
00003651  T32_INT1_IRQHandler                        
00001223  T32_INT2_IRQHandler                        
00001223  T32_INTC_IRQHandler                        
00001223  TA0_0_IRQHandler                           
00001223  TA0_N_IRQHandler                           
00002cd1  TA1_0_IRQHandler                           
00002cd1  TA1_0_IRQHandler                           
00001223  TA1_N_IRQHandler                           
00002e19  TA2_0_IRQHandler                           
00002e19  TA2_0_IRQHandler                           
00001223  TA2_N_IRQHandler                           
00001223  TA3_0_IRQHandler                           
00001223  TA3_N_IRQHandler                           
00003791  Timer_A_initCompare                        
00001223  UsageFault_Handler                         
4000480c  WDTCTL_SYM                                 
00001223  WDT_A_IRQHandler                           
20010000  __STACK_END                                
00000200  __STACK_SIZE                               
00004088  __TI_CINIT_Base                            
00004098  __TI_CINIT_Limit                           
00004074  __TI_Handler_Table_Base                    
00004080  __TI_Handler_Table_Limit                   
00002d41  __TI_auto_init                             
20000064  __TI_cleanup_ptr                           
00002e81  __TI_decompress_lzss                       
00003a13  __TI_decompress_none                       
20000068  __TI_dtors_ptr                             
2000006c  __TI_enable_exit_profile_output            
ffffffff  __TI_pprof_out_hndl                        
00000929  __TI_printfi                               
ffffffff  __TI_prof_data_size                        
ffffffff  __TI_prof_data_start                       
00000000  __TI_static_base__                         
00003a5d  __TI_zero_init                             
00002a55  __aeabi_cdcmpeq                            
00002a55  __aeabi_cdcmple                            
00002adb  __aeabi_cdrcmple                           
000033d1  __aeabi_d2iz                               
0000207f  __aeabi_dadd                               
0000222b  __aeabi_ddiv                               
000025c1  __aeabi_dmul                               
00002075  __aeabi_dsub                               
00003589  __aeabi_f2d                                
000036e1  __aeabi_i2d                                
00002bdd  __aeabi_memclr                             
00002bdd  __aeabi_memclr4                            
00002bdd  __aeabi_memclr8                            
0000292d  __aeabi_memcpy                             
0000292d  __aeabi_memcpy4                            
0000292d  __aeabi_memcpy8                            
00002bdf  __aeabi_memset                             
00002bdf  __aeabi_memset4                            
00002bdf  __aeabi_memset8                            
00001ca9  __aeabi_uldivmod                           
ffffffff  __binit__                                  
ffffffff  __c_args__                                 
00002c57  __mpu_init                                 
2000fe00  __stack                                    
00003901  _args_main                                 
00003115  _c_int00                                   
00003da0  _ctypes_                                   
20000070  _lock                                      
0000398f  _nop                                       
00003987  _register_lock                             
00003981  _register_unlock                           
0000333f  _system_post_cinit                         
00003aa5  _system_pre_init                           
20000074  _unlock                                    
0000316d  abort                                      
0000325d  atoi                                       
ffffffff  binit                                      
20000038  cEn                                        
20000044  compareConfig_PWM                          
000032a9  copy_in                                    
00003995  copysign                                   
00003995  copysignl                                  
20000024  count                                      
20000020  counting                                   
20000040  currentColor                               
20000078  errno                                      
00003175  exit                                       
00002ee9  frexp                                      
00002ee9  frexpl                                     
20000080  g_sContext                                 
20000054  g_sCrystalfontz128x128                     
00003f9c  g_sCrystalfontz128x128_funcs               
00003ea4  g_sFontFixed6x8                            
00004020  i2cConfig                                  
00000000  interruptVectors                           
20000014  interval                                   
000026bd  ldexp                                      
000026bd  ldexpl                                     
20000030  lightIn                                    
000031bd  ltoa                                       
2000009c  lux                                        
00001225  main                                       
2000007c  main_func_sp                               
00003881  memccpy                                    
0000292d  memcpy                                     
00002be5  memset                                     
2000001c  newTick                                    
20000018  oldTick                                    
000026bd  scalbn                                     
000026bd  scalbnl                                    
0000300d  sprintf                                    
20000034  state                                      
0000392f  strchr                                     
000039a9  strlen                                     
20000028  sysTickCount                               
2000002c  taps                                       


GLOBAL SYMBOLS: SORTED BY Symbol Address 

address   name                                       
-------   ----                                       
00000000  __TI_static_base__                         
00000000  interruptVectors                           
00000200  __STACK_SIZE                               
00000929  __TI_printfi                               
00001223  AES256_IRQHandler                          
00001223  BusFault_Handler                           
00001223  COMP_E0_IRQHandler                         
00001223  COMP_E1_IRQHandler                         
00001223  CS_IRQHandler                              
00001223  DMA_ERR_IRQHandler                         
00001223  DMA_INT0_IRQHandler                        
00001223  DMA_INT1_IRQHandler                        
00001223  DMA_INT2_IRQHandler                        
00001223  DMA_INT3_IRQHandler                        
00001223  DebugMon_Handler                           
00001223  Default_Handler                            
00001223  EUSCIA0_IRQHandler                         
00001223  EUSCIA1_IRQHandler                         
00001223  EUSCIA2_IRQHandler                         
00001223  EUSCIA3_IRQHandler                         
00001223  EUSCIB0_IRQHandler                         
00001223  EUSCIB1_IRQHandler                         
00001223  EUSCIB2_IRQHandler                         
00001223  EUSCIB3_IRQHandler                         
00001223  FLCTL_IRQHandler                           
00001223  FPU_IRQHandler                             
00001223  HardFault_Handler                          
00001223  MemManage_Handler                          
00001223  NMI_Handler                                
00001223  PCM_IRQHandler                             
00001223  PORT2_IRQHandler                           
00001223  PORT3_IRQHandler                           
00001223  PORT4_IRQHandler                           
00001223  PORT5_IRQHandler                           
00001223  PORT6_IRQHandler                           
00001223  PSS_IRQHandler                             
00001223  PendSV_Handler                             
00001223  RTC_C_IRQHandler                           
00001223  SVC_Handler                                
00001223  SysTick_Handler                            
00001223  T32_INT2_IRQHandler                        
00001223  T32_INTC_IRQHandler                        
00001223  TA0_0_IRQHandler                           
00001223  TA0_N_IRQHandler                           
00001223  TA1_N_IRQHandler                           
00001223  TA2_N_IRQHandler                           
00001223  TA3_0_IRQHandler                           
00001223  TA3_N_IRQHandler                           
00001223  UsageFault_Handler                         
00001223  WDT_A_IRQHandler                           
00001225  main                                       
000017b9  Graphics_drawString                        
00001a89  PORT1_IRQHandler                           
00001a89  PORT1_IRQHandler                           
00001ca9  __aeabi_uldivmod                           
00002075  __aeabi_dsub                               
0000207f  __aeabi_dadd                               
0000222b  __aeabi_ddiv                               
00002361  Crystalfontz128x128_SetDrawFrame           
00002495  Crystalfontz128x128_Init                   
000025c1  __aeabi_dmul                               
000026bd  ldexp                                      
000026bd  ldexpl                                     
000026bd  scalbn                                     
000026bd  scalbnl                                    
000027b9  OPT3001_getLux                             
0000292d  __aeabi_memcpy                             
0000292d  __aeabi_memcpy4                            
0000292d  __aeabi_memcpy8                            
0000292d  memcpy                                     
000029c9  I2C_read16                                 
00002a55  __aeabi_cdcmpeq                            
00002a55  __aeabi_cdcmple                            
00002adb  __aeabi_cdrcmple                           
00002b61  SPI_initMaster                             
00002bdd  __aeabi_memclr                             
00002bdd  __aeabi_memclr4                            
00002bdd  __aeabi_memclr8                            
00002bdf  __aeabi_memset                             
00002bdf  __aeabi_memset4                            
00002bdf  __aeabi_memset8                            
00002be5  memset                                     
00002c57  __mpu_init                                 
00002c59  SystemInit                                 
00002cd1  TA1_0_IRQHandler                           
00002cd1  TA1_0_IRQHandler                           
00002d41  __TI_auto_init                             
00002db1  Graphics_getStringWidth                    
00002e19  TA2_0_IRQHandler                           
00002e19  TA2_0_IRQHandler                           
00002e81  __TI_decompress_lzss                       
00002ee9  frexp                                      
00002ee9  frexpl                                     
0000300d  sprintf                                    
0000306d  Crystalfontz128x128_SetOrientation         
000030c1  I2C_masterSendMultiByteFinish              
00003115  _c_int00                                   
00003169  C$$EXIT                                    
0000316d  abort                                      
00003175  exit                                       
000031bd  ltoa                                       
00003211  GPIO_setAsPeripheralModuleFunctionOutputPin
0000325d  atoi                                       
000032a9  copy_in                                    
000032f5  Graphics_drawLineH                         
0000333f  _system_post_cinit                         
00003341  I2C_write16                                
000033d1  __aeabi_d2iz                               
00003459  HAL_LCD_SpiInit                            
00003499  I2C_masterSendMultiByteStart               
000034d9  I2C_initMaster                             
00003517  Graphics_drawStringCentered                
00003551  HAL_LCD_writeCommand                       
00003589  __aeabi_f2d                                
000035c1  HAL_LCD_PortInit                           
000035f1  I2C_masterReceiveMultiByteFinish           
00003621  I2C_masterSendMultiByteStop                
00003651  T32_INT1_IRQHandler                        
00003651  T32_INT1_IRQHandler                        
000036e1  __aeabi_i2d                                
0000373d  HAL_LCD_writeData                          
00003791  Timer_A_initCompare                        
000037b9  GPIO_setAsOutputPin                        
000037dd  I2C_masterSendMultiByteNext                
00003801  Graphics_initContext                       
00003825  ADC14_IRQHandler                           
00003825  ADC14_IRQHandler                           
00003845  I2C_init                                   
00003865  I2C_setslave                               
00003881  memccpy                                    
000038b7  SPI_enableModule                           
000038d1  GPIO_setOutputLowOnPin                     
000038e9  Init_I2C_GPIO                              
00003901  _args_main                                 
00003919  Graphics_drawHorizontalLineOnDisplay       
0000392f  strchr                                     
00003945  GPIO_setOutputHighOnPin                    
00003959  I2C_isBusBusy                              
0000396d  OPT3001_init                               
00003981  _register_unlock                           
00003987  _register_lock                             
0000398f  _nop                                       
00003995  copysign                                   
00003995  copysignl                                  
000039a9  strlen                                     
000039bd  I2C_masterReceiveStart                     
000039cd  Graphics_drawPixelOnDisplay                
000039db  Graphics_setBackgroundColor                
000039e9  Graphics_setForegroundColor                
000039f7  I2C_clearInterruptFlag                     
00003a05  I2C_setMode                                
00003a13  __TI_decompress_none                       
00003a21  EUSCI_A_SPI_enable                         
00003a2d  EUSCI_B_SPI_enable                         
00003a39  I2C_disableModule                          
00003a45  I2C_enableModule                           
00003a51  Reset_Handler                              
00003a5d  __TI_zero_init                             
00003a73  Graphics_clearDisplay                      
00003a7d  Graphics_clearDisplayOnDisplay             
00003a87  Graphics_translateColorOnDisplay           
00003a91  I2C_getInterruptStatus                     
00003a97  I2C_masterReceiveMultiByteNext             
00003a9d  Graphics_setFont                           
00003aa1  I2C_setSlaveAddress                        
00003aa5  _system_pre_init                           
00003da0  _ctypes_                                   
00003ea4  g_sFontFixed6x8                            
00003f9c  g_sCrystalfontz128x128_funcs               
00004020  i2cConfig                                  
00004074  __TI_Handler_Table_Base                    
00004080  __TI_Handler_Table_Limit                   
00004088  __TI_CINIT_Base                            
00004098  __TI_CINIT_Limit                           
20000000  ADC14Result                                
20000004  S1buttonDebounce                           
20000008  S2buttonDebounce                           
2000000c  LedInd                                     
20000010  LedSta                                     
20000014  interval                                   
20000018  oldTick                                    
2000001c  newTick                                    
20000020  counting                                   
20000024  count                                      
20000028  sysTickCount                               
2000002c  taps                                       
20000030  lightIn                                    
20000034  state                                      
20000038  cEn                                        
2000003c  Counter1                                   
20000040  currentColor                               
20000044  compareConfig_PWM                          
20000054  g_sCrystalfontz128x128                     
20000064  __TI_cleanup_ptr                           
20000068  __TI_dtors_ptr                             
2000006c  __TI_enable_exit_profile_output            
20000070  _lock                                      
20000074  _unlock                                    
20000078  errno                                      
2000007c  main_func_sp                               
20000080  g_sContext                                 
2000009c  lux                                        
200000a0  Lcd_ScreenHeigth                           
200000a2  Lcd_ScreenWidth                            
200000a4  Lcd_TouchTrim                              
200000a6  Lcd_FlagRead                               
200000a7  Lcd_FontSolid                              
200000a8  Lcd_Orientation                            
200000a9  Lcd_PenSolid                               
2000fe00  __stack                                    
20010000  __STACK_END                                
4000480c  WDTCTL_SYM                                 
ffffffff  __TI_pprof_out_hndl                        
ffffffff  __TI_prof_data_size                        
ffffffff  __TI_prof_data_start                       
ffffffff  __binit__                                  
ffffffff  __c_args__                                 
ffffffff  binit                                      
UNDEFED   SHT$$INIT_ARRAY$$Base                      
UNDEFED   SHT$$INIT_ARRAY$$Limit                     

[220 symbols]
