******************************************************************************
                  TI ARM Linker Unix v16.9.3                   
******************************************************************************
>> Linked Tue Sep 19 07:54:22 2017

OUTPUT FILE NAME:   <boostxl_edumkii_lightsensor_msp432p401r_MSP_EXP432P401R_nortos_ccs.out>
ENTRY POINT SYMBOL: "_c_int00"  address: 00003045


MEMORY CONFIGURATION

         name            origin    length      used     unused   attr    fill
----------------------  --------  ---------  --------  --------  ----  --------
  MAIN                  00000000   00040000  00003fc4  0003c03c  R  X
  INFO                  00200000   00004000  00000000  00004000  R  X
  SRAM_CODE             01000000   00010000  000002aa  0000fd56  RW X
  SRAM_DATA             20000000   00010000  000002aa  0000fd56  RW  


SEGMENT ALLOCATION MAP

run origin  load origin   length   init length attrs members
----------  ----------- ---------- ----------- ----- -------
00000000    00000000    00003fc8   00003fc8    r-x
  00000000    00000000    000000e4   000000e4    r-- .intvecs
  000000e4    000000e4    000038f4   000038f4    r-x .text
  000039d8    000039d8    00000594   00000594    r-- .const
  00003f70    00003f70    00000058   00000058    r-- .cinit
20000000    20000000    000000aa   00000000    rw-
  20000000    20000000    00000070   00000000    rw- .data
  20000070    20000070    0000003a   00000000    rw- .bss
2000fe00    2000fe00    00000200   00000000    rw-
  2000fe00    2000fe00    00000200   00000000    rw- .stack


SECTION ALLOCATION MAP

 output                                  attributes/
section   page    origin      length       input sections
--------  ----  ----------  ----------   ----------------
.intvecs   0    00000000    000000e4     
                  00000000    000000e4     startup_msp432p401r_ccs.obj (.intvecs:retain)

.text      0    000000e4    000038f4     
                  000000e4    0000113e     rtsv7M4_T_le_v4SPD16_eabi.lib : _printfi.obj (.text)
                  00001222    00000002     startup_msp432p401r_ccs.obj (.text:Default_Handler)
                  00001224    000003bc     main.obj (.text:main)
                  000015e0    00000328     main.obj (.text:PORT1_IRQHandler)
                  00001908    000002d0     grlib.lib : string.o (.text:Graphics_drawString)
                  00001bd8    000001f4     rtsv7M4_T_le_v4SPD16_eabi.lib : ull_div_t2.obj (.text)
                  00001dcc    000001d8     Crystalfontz128x128_ST7735.obj (.text:Crystalfontz128x128_PixelDrawMultiple)
                  00001fa4    000001b6     rtsv7M4_T_le_v4SPD16_eabi.lib : fd_add_t2.obj (.text)
                  0000215a    00000136                                   : fd_div_t2.obj (.text)
                  00002290    00000134     Crystalfontz128x128_ST7735.obj (.text:Crystalfontz128x128_SetDrawFrame)
                  000023c4    0000012c     Crystalfontz128x128_ST7735.obj (.text:Crystalfontz128x128_Init)
                  000024f0    000000fc     rtsv7M4_T_le_v4SPD16_eabi.lib : fd_mul_t2.obj (.text)
                  000025ec    000000fc                                   : s_scalbn.obj (.text)
                  000026e8    000000d8     HAL_OPT3001.obj (.text:OPT3001_getLux)
                  000027c0    0000009c     Crystalfontz128x128_ST7735.obj (.text:Crystalfontz128x128_RectFill)
                  0000285c    0000009c     rtsv7M4_T_le_v4SPD16_eabi.lib : memcpy_t2.obj (.text)
                  000028f8    0000008c     HAL_I2C.obj (.text:I2C_read16)
                  00002984    00000086     rtsv7M4_T_le_v4SPD16_eabi.lib : fd_cmp_t2.obj (.text:__aeabi_cdcmple)
                  00002a0a    00000086                                   : fd_cmp_t2.obj (.text:__aeabi_cdrcmple)
                  00002a90    0000007c     msp432p4xx_driverlib.lib : spi_MSP432P4XX.obj (.text:SPI_initMaster)
                  00002b0c    0000007a     rtsv7M4_T_le_v4SPD16_eabi.lib : memset_t2.obj (.text)
                  00002b86    00000002                                   : mpu_init.obj (.text)
                  00002b88    00000078     system_msp432p401r.obj (.text:SystemInit)
                  00002c00    00000070     main.obj (.text:TA1_0_IRQHandler)
                  00002c70    00000070     rtsv7M4_T_le_v4SPD16_eabi.lib : autoinit.obj (.text)
                  00002ce0    00000068     grlib.lib : string.o (.text:Graphics_getStringWidth)
                  00002d48    00000068     main.obj (.text:TA2_0_IRQHandler)
                  00002db0    00000068     rtsv7M4_T_le_v4SPD16_eabi.lib : copy_decompress_lzss.obj (.text:decompress:lzss)
                  00002e18    00000064                                   : s_frexp.obj (.text)
                  00002e7c    00000060     Crystalfontz128x128_ST7735.obj (.text:Crystalfontz128x128_LineDrawH)
                  00002edc    00000060     Crystalfontz128x128_ST7735.obj (.text:Crystalfontz128x128_LineDrawV)
                  00002f3c    00000060     rtsv7M4_T_le_v4SPD16_eabi.lib : sprintf.obj (.text)
                  00002f9c    00000054     Crystalfontz128x128_ST7735.obj (.text:Crystalfontz128x128_SetOrientation)
                  00002ff0    00000054     msp432p4xx_driverlib.lib : i2c_MSP432P4XX.obj (.text:I2C_masterSendMultiByteFinish)
                  00003044    00000054     rtsv7M4_T_le_v4SPD16_eabi.lib : boot.obj (.text)
                  00003098    00000054                                   : exit.obj (.text)
                  000030ec    00000054                                   : ltoa.obj (.text)
                  00003140    0000004c     msp432p4xx_driverlib.lib : gpio_MSP432P4XX.obj (.text:GPIO_setAsPeripheralModuleFunctionOutputPin)
                  0000318c    0000004c     rtsv7M4_T_le_v4SPD16_eabi.lib : atoi.obj (.text)
                  000031d8    0000004c                                   : cpy_tbl.obj (.text)
                  00003224    0000004a     grlib.lib : line.o (.text:Graphics_drawLineH)
                  0000326e    00000002     rtsv7M4_T_le_v4SPD16_eabi.lib : startup.obj (.text)
                  00003270    00000048     HAL_I2C.obj (.text:I2C_write16)
                  000032b8    00000048     main.obj (.text:_Z18__NVIC_SetPriority4IRQnj)
                  00003300    00000048     rtsv7M4_T_le_v4SPD16_eabi.lib : fd_toi_t2.obj (.text)
                  00003348    00000040     Crystalfontz128x128_ST7735.obj (.text:Crystalfontz128x128_PixelDraw)
                  00003388    00000040     HAL_MSP_EXP432P401R_Crystalfontz128x128_ST7735.obj (.text:HAL_LCD_SpiInit)
                  000033c8    00000040     msp432p4xx_driverlib.lib : i2c_MSP432P4XX.obj (.text:I2C_masterSendMultiByteStart)
                  00003408    0000003e                              : i2c_MSP432P4XX.obj (.text:I2C_initMaster)
                  00003446    00000038     grlib.lib : string.o (.text:Graphics_drawStringCentered)
                  0000347e    00000002     --HOLE-- [fill = 0]
                  00003480    00000038     HAL_MSP_EXP432P401R_Crystalfontz128x128_ST7735.obj (.text:HAL_LCD_writeCommand)
                  000034b8    00000038     rtsv7M4_T_le_v4SPD16_eabi.lib : fs_tod_t2.obj (.text)
                  000034f0    00000030     HAL_MSP_EXP432P401R_Crystalfontz128x128_ST7735.obj (.text:HAL_LCD_PortInit)
                  00003520    00000030     msp432p4xx_driverlib.lib : i2c_MSP432P4XX.obj (.text:I2C_masterReceiveMultiByteFinish)
                  00003550    00000030                              : i2c_MSP432P4XX.obj (.text:I2C_masterSendMultiByteStop)
                  00003580    00000030     main.obj (.text:T32_INT1_IRQHandler)
                  000035b0    00000030     main.obj (.text:_Z16__NVIC_EnableIRQ4IRQn)
                  000035e0    00000030     msp432p4xx_driverlib.lib : spi_MSP432P4XX.obj (.text:is_A_Module)
                  00003610    0000002e     rtsv7M4_T_le_v4SPD16_eabi.lib : i_tofd_t2.obj (.text)
                  0000363e    00000002     --HOLE-- [fill = 0]
                  00003640    0000002c     Crystalfontz128x128_ST7735.obj (.text:Crystalfontz128x128_ClearScreen)
                  0000366c    0000002c     HAL_MSP_EXP432P401R_Crystalfontz128x128_ST7735.obj (.text:HAL_LCD_writeData)
                  00003698    00000028     Crystalfontz128x128_ST7735.obj (.text:Crystalfontz128x128_ColorTranslate)
                  000036c0    00000026     msp432p4xx_driverlib.lib : timer_a_MSP432P4XX.obj (.text:Timer_A_initCompare)
                  000036e6    00000002     --HOLE-- [fill = 0]
                  000036e8    00000024                              : gpio_MSP432P4XX.obj (.text:GPIO_setAsOutputPin)
                  0000370c    00000024                              : i2c_MSP432P4XX.obj (.text:I2C_masterSendMultiByteNext)
                  00003730    00000022     grlib.lib : context.o (.text:Graphics_initContext)
                  00003752    00000002     --HOLE-- [fill = 0]
                  00003754    00000020     main.obj (.text:ADC14_IRQHandler)
                  00003774    00000020     HAL_I2C.obj (.text:I2C_init)
                  00003794    0000001c     HAL_I2C.obj (.text:I2C_setslave)
                  000037b0    0000001c     rtsv7M4_T_le_v4SPD16_eabi.lib : memccpy.obj (.text)
                  000037cc    0000001a     grlib.lib : string.o (.text:Graphics_getNumberOfLeadingZeros)
                  000037e6    0000001a     msp432p4xx_driverlib.lib : spi_MSP432P4XX.obj (.text:SPI_enableModule)
                  00003800    00000018                              : gpio_MSP432P4XX.obj (.text:GPIO_setOutputLowOnPin)
                  00003818    00000018     HAL_I2C.obj (.text:Init_I2C_GPIO)
                  00003830    00000018     rtsv7M4_T_le_v4SPD16_eabi.lib : args_main.obj (.text)
                  00003848    00000016     grlib.lib : display.o (.text:Graphics_drawHorizontalLineOnDisplay)
                  0000385e    00000016     rtsv7M4_T_le_v4SPD16_eabi.lib : strchr.obj (.text)
                  00003874    00000014     msp432p4xx_driverlib.lib : gpio_MSP432P4XX.obj (.text:GPIO_setOutputHighOnPin)
                  00003888    00000014                              : i2c_MSP432P4XX.obj (.text:I2C_isBusBusy)
                  0000389c    00000014     HAL_OPT3001.obj (.text:OPT3001_init)
                  000038b0    00000014     rtsv7M4_T_le_v4SPD16_eabi.lib : _lock.obj (.text)
                  000038c4    00000014                                   : s_copysign.obj (.text)
                  000038d8    00000014                                   : strlen.obj (.text)
                  000038ec    00000010     msp432p4xx_driverlib.lib : i2c_MSP432P4XX.obj (.text:I2C_masterReceiveStart)
                  000038fc    0000000e     grlib.lib : display.o (.text:Graphics_drawPixelOnDisplay)
                  0000390a    0000000e               : context.o (.text:Graphics_setBackgroundColor)
                  00003918    0000000e               : context.o (.text:Graphics_setForegroundColor)
                  00003926    0000000e     msp432p4xx_driverlib.lib : i2c_MSP432P4XX.obj (.text:I2C_clearInterruptFlag)
                  00003934    0000000e                              : i2c_MSP432P4XX.obj (.text:I2C_setMode)
                  00003942    0000000e     rtsv7M4_T_le_v4SPD16_eabi.lib : copy_decompress_none.obj (.text:decompress:none)
                  00003950    0000000c     msp432p4xx_driverlib.lib : spi_MSP432P4XX.obj (.text:EUSCI_A_SPI_enable)
                  0000395c    0000000c                              : spi_MSP432P4XX.obj (.text:EUSCI_B_SPI_enable)
                  00003968    0000000c                              : i2c_MSP432P4XX.obj (.text:I2C_disableModule)
                  00003974    0000000c                              : i2c_MSP432P4XX.obj (.text:I2C_enableModule)
                  00003980    0000000c     startup_msp432p401r_ccs.obj (.text:Reset_Handler)
                  0000398c    0000000c     rtsv7M4_T_le_v4SPD16_eabi.lib : copy_zero_init.obj (.text:decompress:ZI)
                  00003998    0000000a     Crystalfontz128x128_ST7735.obj (.text:Crystalfontz128x128_Flush)
                  000039a2    0000000a     grlib.lib : context.o (.text:Graphics_clearDisplay)
                  000039ac    0000000a               : display.o (.text:Graphics_clearDisplayOnDisplay)
                  000039b6    0000000a               : display.o (.text:Graphics_translateColorOnDisplay)
                  000039c0    00000006     msp432p4xx_driverlib.lib : i2c_MSP432P4XX.obj (.text:I2C_getInterruptStatus)
                  000039c6    00000006                              : i2c_MSP432P4XX.obj (.text:I2C_masterReceiveMultiByteNext)
                  000039cc    00000004     grlib.lib : context.o (.text:Graphics_setFont)
                  000039d0    00000004     msp432p4xx_driverlib.lib : i2c_MSP432P4XX.obj (.text:I2C_setSlaveAddress)
                  000039d4    00000004     rtsv7M4_T_le_v4SPD16_eabi.lib : pre_init.obj (.text)

.const     0    000039d8    00000594     
                  000039d8    000002f8     fontfixed6x8.obj (.const:.string:g_pucFontFixed6x8Data)
                  00003cd0    00000101     rtsv7M4_T_le_v4SPD16_eabi.lib : ctype.obj (.const:.string:_ctypes_)
                  00003dd1    00000003     --HOLE-- [fill = 0]
                  00003dd4    000000c8     fontfixed6x8.obj (.const:g_sFontFixed6x8)
                  00003e9c    00000030     msp432p4xx_driverlib.lib : gpio_MSP432P4XX.obj (.const:GPIO_PORT_TO_BASE)
                  00003ecc    00000020     Crystalfontz128x128_ST7735.obj (.const:g_sCrystalfontz128x128_funcs)
                  00003eec    0000001c     HAL_MSP_EXP432P401R_Crystalfontz128x128_ST7735.obj (.const:$P$T0$1)
                  00003f08    00000018     main.obj (.const:TA1upConfig)
                  00003f20    00000018     main.obj (.const:TA2upConfig)
                  00003f38    00000018     main.obj (.const:upConfig)
                  00003f50    00000014     HAL_I2C.obj (.const:i2cConfig)
                  00003f64    00000008     Crystalfontz128x128_ST7735.obj (.const:$P$T0$1)

.cinit     0    00003f70    00000058     
                  00003f70    0000002e     (.cinit..data.load) [load image, compression = lzss]
                  00003f9e    00000002     --HOLE-- [fill = 0]
                  00003fa0    0000000c     (__TI_handler_table)
                  00003fac    00000004     --HOLE-- [fill = 0]
                  00003fb0    00000008     (.cinit..bss.load) [load image, compression = zero_init]
                  00003fb8    00000010     (__TI_cinit_table)

.init_array 
*          0    00000000    00000000     UNINITIALIZED

.binit     0    00000000    00000000     

.data      0    20000000    00000070     UNINITIALIZED
                  20000000    00000034     main.obj (.data)
                  20000034    00000010     main.obj (.data:compareConfig_PWM)
                  20000044    00000010     Crystalfontz128x128_ST7735.obj (.data:g_sCrystalfontz128x128)
                  20000054    0000000c     rtsv7M4_T_le_v4SPD16_eabi.lib : exit.obj (.data:$O1$$)
                  20000060    00000008                                   : _lock.obj (.data:$O1$$)
                  20000068    00000004                                   : errno.obj (.data)
                  2000006c    00000004                                   : stkdepth_vars.obj (.data)

.bss       0    20000070    0000003a     UNINITIALIZED
                  20000070    0000001c     (.common:g_sContext)
                  2000008c    00000010     (.common:periods)
                  2000009c    00000004     (.common:lux)
                  200000a0    00000002     (.common:Lcd_ScreenHeigth)
                  200000a2    00000002     (.common:Lcd_ScreenWidth)
                  200000a4    00000002     (.common:Lcd_TouchTrim)
                  200000a6    00000001     (.common:Lcd_FlagRead)
                  200000a7    00000001     (.common:Lcd_FontSolid)
                  200000a8    00000001     (.common:Lcd_Orientation)
                  200000a9    00000001     (.common:Lcd_PenSolid)

.stack     0    2000fe00    00000200     UNINITIALIZED
                  2000fe00    00000200     --HOLE--

MODULE SUMMARY

       Module                                               code    ro data   rw data
       ------                                               ----    -------   -------
    ./
       main.obj                                             2180    72        232    
       HAL_I2C.obj                                          296     20        0      
       HAL_OPT3001.obj                                      236     0         0      
       system_msp432p401r.obj                               120     0         0      
    +--+----------------------------------------------------+-------+---------+---------+
       Total:                                               2832    92        232    
                                                                                     
    ./LcdDriver/
       Crystalfontz128x128_ST7735.obj                       1670    40        52     
       HAL_MSP_EXP432P401R_Crystalfontz128x128_ST7735.obj   212     28        0      
    +--+----------------------------------------------------+-------+---------+---------+
       Total:                                               1882    68        52     
                                                                                     
    ./ccs/
       startup_msp432p401r_ccs.obj                          14      228       0      
    +--+----------------------------------------------------+-------+---------+---------+
       Total:                                               14      228       0      
                                                                                     
    ./fonts/
       fontfixed6x8.obj                                     0       960       0      
    +--+----------------------------------------------------+-------+---------+---------+
       Total:                                               0       960       0      
                                                                                     
    /Applications/ti/ccsv7/tools/compiler/ti-cgt-arm_16.9.3.LTS/lib/rtsv7M4_T_le_v4SPD16_eabi.lib
       _printfi.obj                                         4414    0         0      
       ull_div_t2.obj                                       500     0         0      
       fd_add_t2.obj                                        438     0         0      
       fd_div_t2.obj                                        310     0         0      
       fd_cmp_t2.obj                                        268     0         0      
       ctype.obj                                            0       257       0      
       fd_mul_t2.obj                                        252     0         0      
       s_scalbn.obj                                         252     0         0      
       memcpy_t2.obj                                        156     0         0      
       memset_t2.obj                                        122     0         0      
       autoinit.obj                                         112     0         0      
       exit.obj                                             84      0         24     
       copy_decompress_lzss.obj                             104     0         0      
       s_frexp.obj                                          100     0         0      
       sprintf.obj                                          96      0         0      
       boot.obj                                             84      0         0      
       ltoa.obj                                             84      0         0      
       atoi.obj                                             76      0         0      
       cpy_tbl.obj                                          76      0         0      
       fd_toi_t2.obj                                        72      0         0      
       fs_tod_t2.obj                                        56      0         0      
       i_tofd_t2.obj                                        46      0         0      
       _lock.obj                                            20      0         16     
       memccpy.obj                                          28      0         0      
       args_main.obj                                        24      0         0      
       strchr.obj                                           22      0         0      
       s_copysign.obj                                       20      0         0      
       strlen.obj                                           20      0         0      
       copy_decompress_none.obj                             14      0         0      
       copy_zero_init.obj                                   12      0         0      
       errno.obj                                            0       0         8      
       stkdepth_vars.obj                                    0       0         8      
       pre_init.obj                                         4       0         0      
       mpu_init.obj                                         2       0         0      
       startup.obj                                          2       0         0      
    +--+----------------------------------------------------+-------+---------+---------+
       Total:                                               7870    257       56     
                                                                                     
    /Users/franmolinaca/ti/simplelink_msp432p4_sdk_1_50_00_12/source/ti/devices/msp432p4xx/driverlib/ccs/msp432p4xx_driverlib.lib
       i2c_MSP432P4XX.obj                                   446     0         0      
       spi_MSP432P4XX.obj                                   222     0         0      
       gpio_MSP432P4XX.obj                                  156     48        0      
       timer_a_MSP432P4XX.obj                               38      0         0      
    +--+----------------------------------------------------+-------+---------+---------+
       Total:                                               862     48        0      
                                                                                     
    /Users/franmolinaca/ti/simplelink_msp432p4_sdk_1_50_00_12/source/ti/grlib/ccs/grlib.lib
       string.o                                             906     0         0      
       context.o                                            76      0         0      
       line.o                                               74      0         0      
       display.o                                            56      0         0      
    +--+----------------------------------------------------+-------+---------+---------+
       Total:                                               1112    0         0      
                                                                                     
       Stack:                                               0       0         1024   
       Linker Generated:                                    0       82        0      
    +--+----------------------------------------------------+-------+---------+---------+
       Grand Total:                                         14572   1735      1364   


LINKER GENERATED COPY TABLES

__TI_cinit_table @ 00003fb8 records: 2, size/record: 8, table size: 16
	.data: load addr=00003f70, load size=0000002e bytes, run addr=20000000, run size=00000070 bytes, compression=lzss
	.bss: load addr=00003fb0, load size=00000008 bytes, run addr=20000070, run size=0000003a bytes, compression=zero_init


LINKER GENERATED HANDLER TABLE

__TI_handler_table @ 00003fa0 records: 3, size/record: 4, table size: 12
	index: 0, handler: __TI_decompress_lzss
	index: 1, handler: __TI_decompress_none
	index: 2, handler: __TI_zero_init


GLOBAL SYMBOLS: SORTED ALPHABETICALLY BY Name 

address   name                                       
-------   ----                                       
20000000  ADC14Result                                
00003755  ADC14_IRQHandler                           
00003755  ADC14_IRQHandler                           
00001223  AES256_IRQHandler                          
00001223  BusFault_Handler                           
00003099  C$$EXIT                                    
00001223  COMP_E0_IRQHandler                         
00001223  COMP_E1_IRQHandler                         
00001223  CS_IRQHandler                              
000023c5  Crystalfontz128x128_Init                   
00002291  Crystalfontz128x128_SetDrawFrame           
00002f9d  Crystalfontz128x128_SetOrientation         
00001223  DMA_ERR_IRQHandler                         
00001223  DMA_INT0_IRQHandler                        
00001223  DMA_INT1_IRQHandler                        
00001223  DMA_INT2_IRQHandler                        
00001223  DMA_INT3_IRQHandler                        
00001223  DebugMon_Handler                           
00001223  Default_Handler                            
00001223  EUSCIA0_IRQHandler                         
00001223  EUSCIA1_IRQHandler                         
00001223  EUSCIA2_IRQHandler                         
00001223  EUSCIA3_IRQHandler                         
00001223  EUSCIB0_IRQHandler                         
00001223  EUSCIB1_IRQHandler                         
00001223  EUSCIB2_IRQHandler                         
00001223  EUSCIB3_IRQHandler                         
00003951  EUSCI_A_SPI_enable                         
0000395d  EUSCI_B_SPI_enable                         
00001223  FLCTL_IRQHandler                           
00001223  FPU_IRQHandler                             
000036e9  GPIO_setAsOutputPin                        
00003141  GPIO_setAsPeripheralModuleFunctionOutputPin
00003875  GPIO_setOutputHighOnPin                    
00003801  GPIO_setOutputLowOnPin                     
000039a3  Graphics_clearDisplay                      
000039ad  Graphics_clearDisplayOnDisplay             
00003849  Graphics_drawHorizontalLineOnDisplay       
00003225  Graphics_drawLineH                         
000038fd  Graphics_drawPixelOnDisplay                
00001909  Graphics_drawString                        
00003447  Graphics_drawStringCentered                
00002ce1  Graphics_getStringWidth                    
00003731  Graphics_initContext                       
0000390b  Graphics_setBackgroundColor                
000039cd  Graphics_setFont                           
00003919  Graphics_setForegroundColor                
000039b7  Graphics_translateColorOnDisplay           
000034f1  HAL_LCD_PortInit                           
00003389  HAL_LCD_SpiInit                            
00003481  HAL_LCD_writeCommand                       
0000366d  HAL_LCD_writeData                          
00001223  HardFault_Handler                          
00003927  I2C_clearInterruptFlag                     
00003969  I2C_disableModule                          
00003975  I2C_enableModule                           
000039c1  I2C_getInterruptStatus                     
00003775  I2C_init                                   
00003409  I2C_initMaster                             
00003889  I2C_isBusBusy                              
00003521  I2C_masterReceiveMultiByteFinish           
000039c7  I2C_masterReceiveMultiByteNext             
000038ed  I2C_masterReceiveStart                     
00002ff1  I2C_masterSendMultiByteFinish              
0000370d  I2C_masterSendMultiByteNext                
000033c9  I2C_masterSendMultiByteStart               
00003551  I2C_masterSendMultiByteStop                
000028f9  I2C_read16                                 
00003935  I2C_setMode                                
000039d1  I2C_setSlaveAddress                        
00003795  I2C_setslave                               
00003271  I2C_write16                                
00003819  Init_I2C_GPIO                              
200000a6  Lcd_FlagRead                               
200000a7  Lcd_FontSolid                              
200000a8  Lcd_Orientation                            
200000a9  Lcd_PenSolid                               
200000a0  Lcd_ScreenHeigth                           
200000a2  Lcd_ScreenWidth                            
200000a4  Lcd_TouchTrim                              
00001223  MemManage_Handler                          
00001223  NMI_Handler                                
000026e9  OPT3001_getLux                             
0000389d  OPT3001_init                               
00001223  PCM_IRQHandler                             
000015e1  PORT1_IRQHandler                           
000015e1  PORT1_IRQHandler                           
00001223  PORT2_IRQHandler                           
00001223  PORT3_IRQHandler                           
00001223  PORT4_IRQHandler                           
00001223  PORT5_IRQHandler                           
00001223  PORT6_IRQHandler                           
00001223  PSS_IRQHandler                             
00001223  PendSV_Handler                             
00001223  RTC_C_IRQHandler                           
00003981  Reset_Handler                              
20000004  S1buttonDebounce                           
20000008  S2buttonDebounce                           
UNDEFED   SHT$$INIT_ARRAY$$Base                      
UNDEFED   SHT$$INIT_ARRAY$$Limit                     
000037e7  SPI_enableModule                           
00002a91  SPI_initMaster                             
00001223  SVC_Handler                                
00001223  SysTick_Handler                            
00002b89  SystemInit                                 
00003581  T32_INT1_IRQHandler                        
00003581  T32_INT1_IRQHandler                        
00001223  T32_INT2_IRQHandler                        
00001223  T32_INTC_IRQHandler                        
00001223  TA0_0_IRQHandler                           
00001223  TA0_N_IRQHandler                           
00002c01  TA1_0_IRQHandler                           
00002c01  TA1_0_IRQHandler                           
00001223  TA1_N_IRQHandler                           
00002d49  TA2_0_IRQHandler                           
00002d49  TA2_0_IRQHandler                           
00001223  TA2_N_IRQHandler                           
00001223  TA3_0_IRQHandler                           
00001223  TA3_N_IRQHandler                           
000036c1  Timer_A_initCompare                        
00001223  UsageFault_Handler                         
4000480c  WDTCTL_SYM                                 
00001223  WDT_A_IRQHandler                           
20010000  __STACK_END                                
00000200  __STACK_SIZE                               
00003fb8  __TI_CINIT_Base                            
00003fc8  __TI_CINIT_Limit                           
00003fa0  __TI_Handler_Table_Base                    
00003fac  __TI_Handler_Table_Limit                   
00002c71  __TI_auto_init                             
20000054  __TI_cleanup_ptr                           
00002db1  __TI_decompress_lzss                       
00003943  __TI_decompress_none                       
20000058  __TI_dtors_ptr                             
2000005c  __TI_enable_exit_profile_output            
ffffffff  __TI_pprof_out_hndl                        
00000929  __TI_printfi                               
ffffffff  __TI_prof_data_size                        
ffffffff  __TI_prof_data_start                       
00000000  __TI_static_base__                         
0000398d  __TI_zero_init                             
00002985  __aeabi_cdcmpeq                            
00002985  __aeabi_cdcmple                            
00002a0b  __aeabi_cdrcmple                           
00003301  __aeabi_d2iz                               
00001faf  __aeabi_dadd                               
0000215b  __aeabi_ddiv                               
000024f1  __aeabi_dmul                               
00001fa5  __aeabi_dsub                               
000034b9  __aeabi_f2d                                
00003611  __aeabi_i2d                                
00002b0d  __aeabi_memclr                             
00002b0d  __aeabi_memclr4                            
00002b0d  __aeabi_memclr8                            
0000285d  __aeabi_memcpy                             
0000285d  __aeabi_memcpy4                            
0000285d  __aeabi_memcpy8                            
00002b0f  __aeabi_memset                             
00002b0f  __aeabi_memset4                            
00002b0f  __aeabi_memset8                            
00001bd9  __aeabi_uldivmod                           
ffffffff  __binit__                                  
ffffffff  __c_args__                                 
00002b87  __mpu_init                                 
2000fe00  __stack                                    
00003831  _args_main                                 
00003045  _c_int00                                   
00003cd0  _ctypes_                                   
20000060  _lock                                      
000038bf  _nop                                       
000038b7  _register_lock                             
000038b1  _register_unlock                           
0000326f  _system_post_cinit                         
000039d5  _system_pre_init                           
20000064  _unlock                                    
0000309d  abort                                      
0000318d  atoi                                       
ffffffff  binit                                      
20000034  compareConfig_PWM                          
000031d9  copy_in                                    
000038c5  copysign                                   
000038c5  copysignl                                  
2000001c  count                                      
20000018  counting                                   
20000030  currentColor                               
20000068  errno                                      
000030a5  exit                                       
00002e19  frexp                                      
00002e19  frexpl                                     
20000070  g_sContext                                 
20000044  g_sCrystalfontz128x128                     
00003ecc  g_sCrystalfontz128x128_funcs               
00003dd4  g_sFontFixed6x8                            
00003f50  i2cConfig                                  
00000000  interruptVectors                           
2000000c  interval                                   
000025ed  ldexp                                      
000025ed  ldexpl                                     
20000028  lighten                                    
000030ed  ltoa                                       
2000009c  lux                                        
00001225  main                                       
2000006c  main_func_sp                               
000037b1  memccpy                                    
0000285d  memcpy                                     
00002b15  memset                                     
20000014  newTick                                    
20000010  oldTick                                    
2000008c  periods                                    
000025ed  scalbn                                     
000025ed  scalbnl                                    
00002f3d  sprintf                                    
2000002c  state                                      
0000385f  strchr                                     
000038d9  strlen                                     
20000020  sysTickCount                               
20000024  taps                                       


GLOBAL SYMBOLS: SORTED BY Symbol Address 

address   name                                       
-------   ----                                       
00000000  __TI_static_base__                         
00000000  interruptVectors                           
00000200  __STACK_SIZE                               
00000929  __TI_printfi                               
00001223  AES256_IRQHandler                          
00001223  BusFault_Handler                           
00001223  COMP_E0_IRQHandler                         
00001223  COMP_E1_IRQHandler                         
00001223  CS_IRQHandler                              
00001223  DMA_ERR_IRQHandler                         
00001223  DMA_INT0_IRQHandler                        
00001223  DMA_INT1_IRQHandler                        
00001223  DMA_INT2_IRQHandler                        
00001223  DMA_INT3_IRQHandler                        
00001223  DebugMon_Handler                           
00001223  Default_Handler                            
00001223  EUSCIA0_IRQHandler                         
00001223  EUSCIA1_IRQHandler                         
00001223  EUSCIA2_IRQHandler                         
00001223  EUSCIA3_IRQHandler                         
00001223  EUSCIB0_IRQHandler                         
00001223  EUSCIB1_IRQHandler                         
00001223  EUSCIB2_IRQHandler                         
00001223  EUSCIB3_IRQHandler                         
00001223  FLCTL_IRQHandler                           
00001223  FPU_IRQHandler                             
00001223  HardFault_Handler                          
00001223  MemManage_Handler                          
00001223  NMI_Handler                                
00001223  PCM_IRQHandler                             
00001223  PORT2_IRQHandler                           
00001223  PORT3_IRQHandler                           
00001223  PORT4_IRQHandler                           
00001223  PORT5_IRQHandler                           
00001223  PORT6_IRQHandler                           
00001223  PSS_IRQHandler                             
00001223  PendSV_Handler                             
00001223  RTC_C_IRQHandler                           
00001223  SVC_Handler                                
00001223  SysTick_Handler                            
00001223  T32_INT2_IRQHandler                        
00001223  T32_INTC_IRQHandler                        
00001223  TA0_0_IRQHandler                           
00001223  TA0_N_IRQHandler                           
00001223  TA1_N_IRQHandler                           
00001223  TA2_N_IRQHandler                           
00001223  TA3_0_IRQHandler                           
00001223  TA3_N_IRQHandler                           
00001223  UsageFault_Handler                         
00001223  WDT_A_IRQHandler                           
00001225  main                                       
000015e1  PORT1_IRQHandler                           
000015e1  PORT1_IRQHandler                           
00001909  Graphics_drawString                        
00001bd9  __aeabi_uldivmod                           
00001fa5  __aeabi_dsub                               
00001faf  __aeabi_dadd                               
0000215b  __aeabi_ddiv                               
00002291  Crystalfontz128x128_SetDrawFrame           
000023c5  Crystalfontz128x128_Init                   
000024f1  __aeabi_dmul                               
000025ed  ldexp                                      
000025ed  ldexpl                                     
000025ed  scalbn                                     
000025ed  scalbnl                                    
000026e9  OPT3001_getLux                             
0000285d  __aeabi_memcpy                             
0000285d  __aeabi_memcpy4                            
0000285d  __aeabi_memcpy8                            
0000285d  memcpy                                     
000028f9  I2C_read16                                 
00002985  __aeabi_cdcmpeq                            
00002985  __aeabi_cdcmple                            
00002a0b  __aeabi_cdrcmple                           
00002a91  SPI_initMaster                             
00002b0d  __aeabi_memclr                             
00002b0d  __aeabi_memclr4                            
00002b0d  __aeabi_memclr8                            
00002b0f  __aeabi_memset                             
00002b0f  __aeabi_memset4                            
00002b0f  __aeabi_memset8                            
00002b15  memset                                     
00002b87  __mpu_init                                 
00002b89  SystemInit                                 
00002c01  TA1_0_IRQHandler                           
00002c01  TA1_0_IRQHandler                           
00002c71  __TI_auto_init                             
00002ce1  Graphics_getStringWidth                    
00002d49  TA2_0_IRQHandler                           
00002d49  TA2_0_IRQHandler                           
00002db1  __TI_decompress_lzss                       
00002e19  frexp                                      
00002e19  frexpl                                     
00002f3d  sprintf                                    
00002f9d  Crystalfontz128x128_SetOrientation         
00002ff1  I2C_masterSendMultiByteFinish              
00003045  _c_int00                                   
00003099  C$$EXIT                                    
0000309d  abort                                      
000030a5  exit                                       
000030ed  ltoa                                       
00003141  GPIO_setAsPeripheralModuleFunctionOutputPin
0000318d  atoi                                       
000031d9  copy_in                                    
00003225  Graphics_drawLineH                         
0000326f  _system_post_cinit                         
00003271  I2C_write16                                
00003301  __aeabi_d2iz                               
00003389  HAL_LCD_SpiInit                            
000033c9  I2C_masterSendMultiByteStart               
00003409  I2C_initMaster                             
00003447  Graphics_drawStringCentered                
00003481  HAL_LCD_writeCommand                       
000034b9  __aeabi_f2d                                
000034f1  HAL_LCD_PortInit                           
00003521  I2C_masterReceiveMultiByteFinish           
00003551  I2C_masterSendMultiByteStop                
00003581  T32_INT1_IRQHandler                        
00003581  T32_INT1_IRQHandler                        
00003611  __aeabi_i2d                                
0000366d  HAL_LCD_writeData                          
000036c1  Timer_A_initCompare                        
000036e9  GPIO_setAsOutputPin                        
0000370d  I2C_masterSendMultiByteNext                
00003731  Graphics_initContext                       
00003755  ADC14_IRQHandler                           
00003755  ADC14_IRQHandler                           
00003775  I2C_init                                   
00003795  I2C_setslave                               
000037b1  memccpy                                    
000037e7  SPI_enableModule                           
00003801  GPIO_setOutputLowOnPin                     
00003819  Init_I2C_GPIO                              
00003831  _args_main                                 
00003849  Graphics_drawHorizontalLineOnDisplay       
0000385f  strchr                                     
00003875  GPIO_setOutputHighOnPin                    
00003889  I2C_isBusBusy                              
0000389d  OPT3001_init                               
000038b1  _register_unlock                           
000038b7  _register_lock                             
000038bf  _nop                                       
000038c5  copysign                                   
000038c5  copysignl                                  
000038d9  strlen                                     
000038ed  I2C_masterReceiveStart                     
000038fd  Graphics_drawPixelOnDisplay                
0000390b  Graphics_setBackgroundColor                
00003919  Graphics_setForegroundColor                
00003927  I2C_clearInterruptFlag                     
00003935  I2C_setMode                                
00003943  __TI_decompress_none                       
00003951  EUSCI_A_SPI_enable                         
0000395d  EUSCI_B_SPI_enable                         
00003969  I2C_disableModule                          
00003975  I2C_enableModule                           
00003981  Reset_Handler                              
0000398d  __TI_zero_init                             
000039a3  Graphics_clearDisplay                      
000039ad  Graphics_clearDisplayOnDisplay             
000039b7  Graphics_translateColorOnDisplay           
000039c1  I2C_getInterruptStatus                     
000039c7  I2C_masterReceiveMultiByteNext             
000039cd  Graphics_setFont                           
000039d1  I2C_setSlaveAddress                        
000039d5  _system_pre_init                           
00003cd0  _ctypes_                                   
00003dd4  g_sFontFixed6x8                            
00003ecc  g_sCrystalfontz128x128_funcs               
00003f50  i2cConfig                                  
00003fa0  __TI_Handler_Table_Base                    
00003fac  __TI_Handler_Table_Limit                   
00003fb8  __TI_CINIT_Base                            
00003fc8  __TI_CINIT_Limit                           
20000000  ADC14Result                                
20000004  S1buttonDebounce                           
20000008  S2buttonDebounce                           
2000000c  interval                                   
20000010  oldTick                                    
20000014  newTick                                    
20000018  counting                                   
2000001c  count                                      
20000020  sysTickCount                               
20000024  taps                                       
20000028  lighten                                    
2000002c  state                                      
20000030  currentColor                               
20000034  compareConfig_PWM                          
20000044  g_sCrystalfontz128x128                     
20000054  __TI_cleanup_ptr                           
20000058  __TI_dtors_ptr                             
2000005c  __TI_enable_exit_profile_output            
20000060  _lock                                      
20000064  _unlock                                    
20000068  errno                                      
2000006c  main_func_sp                               
20000070  g_sContext                                 
2000008c  periods                                    
2000009c  lux                                        
200000a0  Lcd_ScreenHeigth                           
200000a2  Lcd_ScreenWidth                            
200000a4  Lcd_TouchTrim                              
200000a6  Lcd_FlagRead                               
200000a7  Lcd_FontSolid                              
200000a8  Lcd_Orientation                            
200000a9  Lcd_PenSolid                               
2000fe00  __stack                                    
20010000  __STACK_END                                
4000480c  WDTCTL_SYM                                 
ffffffff  __TI_pprof_out_hndl                        
ffffffff  __TI_prof_data_size                        
ffffffff  __TI_prof_data_start                       
ffffffff  __binit__                                  
ffffffff  __c_args__                                 
ffffffff  binit                                      
UNDEFED   SHT$$INIT_ARRAY$$Base                      
UNDEFED   SHT$$INIT_ARRAY$$Limit                     

[217 symbols]
