******************************************************************************
                  TI ARM Linker Unix v16.9.3                   
******************************************************************************
>> Linked Tue Sep 19 19:49:35 2017

OUTPUT FILE NAME:   <boostxl_edumkii_lightsensor_msp432p401r_MSP_EXP432P401R_nortos_ccs.out>
ENTRY POINT SYMBOL: "_c_int00"  address: 000032d1


MEMORY CONFIGURATION

         name            origin    length      used     unused   attr    fill
----------------------  --------  ---------  --------  --------  ----  --------
  MAIN                  00000000   00040000  00004270  0003bd90  R  X
  INFO                  00200000   00004000  00000000  00004000  R  X
  SRAM_CODE             01000000   00010000  000003b6  0000fc4a  RW X
  SRAM_DATA             20000000   00010000  000003b6  0000fc4a  RW  


SEGMENT ALLOCATION MAP

run origin  load origin   length   init length attrs members
----------  ----------- ---------- ----------- ----- -------
00000000    00000000    00004270   00004270    r-x
  00000000    00000000    000000e4   000000e4    r-- .intvecs
  000000e4    000000e4    00003b94   00003b94    r-x .text
  00003c78    00003c78    00000594   00000594    r-- .const
  0000420c    0000420c    00000004   00000004    r-- .init_array
  00004210    00004210    00000060   00000060    r-- .cinit
20000000    20000000    000001b6   00000000    rw-
  20000000    20000000    00000188   00000000    rw- .data
  20000188    20000188    0000002e   00000000    rw- .bss
2000fe00    2000fe00    00000200   00000000    rw-
  2000fe00    2000fe00    00000200   00000000    rw- .stack


SECTION ALLOCATION MAP

 output                                  attributes/
section   page    origin      length       input sections
--------  ----  ----------  ----------   ----------------
.intvecs   0    00000000    000000e4     
                  00000000    000000e4     startup_msp432p401r_ccs.obj (.intvecs:retain)

.binit     0    00000000    00000000     

.text      0    000000e4    00003b94     
                  000000e4    0000113e     rtsv7M4_T_le_v4SPD16_eabi.lib : _printfi.obj (.text)
                  00001222    00000002     startup_msp432p401r_ccs.obj (.text:Default_Handler)
                  00001224    0000063c     main.obj (.text:main)
                  00001860    000002d0     grlib.lib : string.o (.text:Graphics_drawString)
                  00001b30    00000228     main.obj (.text:PORT1_IRQHandler)
                  00001d58    000001f4     rtsv7M4_T_le_v4SPD16_eabi.lib : ull_div_t2.obj (.text)
                  00001f4c    000001d8     Crystalfontz128x128_ST7735.obj (.text:Crystalfontz128x128_PixelDrawMultiple)
                  00002124    000001b6     rtsv7M4_T_le_v4SPD16_eabi.lib : fd_add_t2.obj (.text)
                  000022da    00000002                                   : mpu_init.obj (.text)
                  000022dc    00000170     main.obj (.text:TA2_0_IRQHandler)
                  0000244c    00000136     rtsv7M4_T_le_v4SPD16_eabi.lib : fd_div_t2.obj (.text)
                  00002582    00000002                                   : startup.obj (.text)
                  00002584    00000134     Crystalfontz128x128_ST7735.obj (.text:Crystalfontz128x128_SetDrawFrame)
                  000026b8    0000012c     Crystalfontz128x128_ST7735.obj (.text:Crystalfontz128x128_Init)
                  000027e4    000000fc     rtsv7M4_T_le_v4SPD16_eabi.lib : fd_mul_t2.obj (.text)
                  000028e0    000000fc                                   : s_scalbn.obj (.text)
                  000029dc    000000d8     HAL_OPT3001.obj (.text:OPT3001_getLux)
                  00002ab4    0000009c     Crystalfontz128x128_ST7735.obj (.text:Crystalfontz128x128_RectFill)
                  00002b50    0000009c     rtsv7M4_T_le_v4SPD16_eabi.lib : memcpy_t2.obj (.text)
                  00002bec    0000008c     HAL_I2C.obj (.text:I2C_read16)
                  00002c78    00000086     rtsv7M4_T_le_v4SPD16_eabi.lib : fd_cmp_t2.obj (.text:__aeabi_cdcmple)
                  00002cfe    00000086                                   : fd_cmp_t2.obj (.text:__aeabi_cdrcmple)
                  00002d84    0000007c     msp432p4xx_driverlib.lib : spi_MSP432P4XX.obj (.text:SPI_initMaster)
                  00002e00    0000007a     rtsv7M4_T_le_v4SPD16_eabi.lib : memset_t2.obj (.text)
                  00002e7a    00000002     --HOLE-- [fill = 0]
                  00002e7c    00000078     system_msp432p401r.obj (.text:SystemInit)
                  00002ef4    00000070     main.obj (.text:TA1_0_IRQHandler)
                  00002f64    00000070     rtsv7M4_T_le_v4SPD16_eabi.lib : autoinit.obj (.text)
                  00002fd4    00000068     grlib.lib : string.o (.text:Graphics_getStringWidth)
                  0000303c    00000068     rtsv7M4_T_le_v4SPD16_eabi.lib : copy_decompress_lzss.obj (.text:decompress:lzss)
                  000030a4    00000064                                   : s_frexp.obj (.text)
                  00003108    00000060     Crystalfontz128x128_ST7735.obj (.text:Crystalfontz128x128_LineDrawH)
                  00003168    00000060     Crystalfontz128x128_ST7735.obj (.text:Crystalfontz128x128_LineDrawV)
                  000031c8    00000060     rtsv7M4_T_le_v4SPD16_eabi.lib : sprintf.obj (.text)
                  00003228    00000054     Crystalfontz128x128_ST7735.obj (.text:Crystalfontz128x128_SetOrientation)
                  0000327c    00000054     msp432p4xx_driverlib.lib : i2c_MSP432P4XX.obj (.text:I2C_masterSendMultiByteFinish)
                  000032d0    00000054     rtsv7M4_T_le_v4SPD16_eabi.lib : boot.obj (.text)
                  00003324    00000054                                   : exit.obj (.text)
                  00003378    00000054                                   : ltoa.obj (.text)
                  000033cc    0000004c     msp432p4xx_driverlib.lib : gpio_MSP432P4XX.obj (.text:GPIO_setAsPeripheralModuleFunctionOutputPin)
                  00003418    0000004c     rtsv7M4_T_le_v4SPD16_eabi.lib : atoi.obj (.text)
                  00003464    0000004c                                   : cpy_tbl.obj (.text)
                  000034b0    0000004a     grlib.lib : line.o (.text:Graphics_drawLineH)
                  000034fa    00000002     --HOLE-- [fill = 0]
                  000034fc    00000048     HAL_I2C.obj (.text:I2C_write16)
                  00003544    00000048     main.obj (.text:_Z18__NVIC_SetPriority4IRQnj)
                  0000358c    00000048     rtsv7M4_T_le_v4SPD16_eabi.lib : fd_toi_t2.obj (.text)
                  000035d4    00000040     Crystalfontz128x128_ST7735.obj (.text:Crystalfontz128x128_PixelDraw)
                  00003614    00000040     HAL_MSP_EXP432P401R_Crystalfontz128x128_ST7735.obj (.text:HAL_LCD_SpiInit)
                  00003654    00000040     msp432p4xx_driverlib.lib : i2c_MSP432P4XX.obj (.text:I2C_masterSendMultiByteStart)
                  00003694    0000003e                              : i2c_MSP432P4XX.obj (.text:I2C_initMaster)
                  000036d2    00000038     grlib.lib : string.o (.text:Graphics_drawStringCentered)
                  0000370a    00000002     --HOLE-- [fill = 0]
                  0000370c    00000038     HAL_MSP_EXP432P401R_Crystalfontz128x128_ST7735.obj (.text:HAL_LCD_writeCommand)
                  00003744    00000038     rtsv7M4_T_le_v4SPD16_eabi.lib : fs_tod_t2.obj (.text)
                  0000377c    00000030     HAL_MSP_EXP432P401R_Crystalfontz128x128_ST7735.obj (.text:HAL_LCD_PortInit)
                  000037ac    00000030     msp432p4xx_driverlib.lib : i2c_MSP432P4XX.obj (.text:I2C_masterReceiveMultiByteFinish)
                  000037dc    00000030                              : i2c_MSP432P4XX.obj (.text:I2C_masterSendMultiByteStop)
                  0000380c    00000030     main.obj (.text:T32_INT1_IRQHandler)
                  0000383c    00000030     main.obj (.text:_Z16__NVIC_EnableIRQ4IRQn)
                  0000386c    00000030     msp432p4xx_driverlib.lib : spi_MSP432P4XX.obj (.text:is_A_Module)
                  0000389c    0000002e     rtsv7M4_T_le_v4SPD16_eabi.lib : i_tofd_t2.obj (.text)
                  000038ca    00000002     --HOLE-- [fill = 0]
                  000038cc    0000002c     Crystalfontz128x128_ST7735.obj (.text:Crystalfontz128x128_ClearScreen)
                  000038f8    0000002c     HAL_MSP_EXP432P401R_Crystalfontz128x128_ST7735.obj (.text:HAL_LCD_writeData)
                  00003924    00000028     Crystalfontz128x128_ST7735.obj (.text:Crystalfontz128x128_ColorTranslate)
                  0000394c    00000026     msp432p4xx_driverlib.lib : timer_a_MSP432P4XX.obj (.text:Timer_A_initCompare)
                  00003972    00000002     --HOLE-- [fill = 0]
                  00003974    00000024                              : gpio_MSP432P4XX.obj (.text:GPIO_setAsOutputPin)
                  00003998    00000024                              : i2c_MSP432P4XX.obj (.text:I2C_masterSendMultiByteNext)
                  000039bc    00000022     grlib.lib : context.o (.text:Graphics_initContext)
                  000039de    00000002     --HOLE-- [fill = 0]
                  000039e0    00000020     main.obj (.text:ADC14_IRQHandler)
                  00003a00    00000020     HAL_I2C.obj (.text:I2C_init)
                  00003a20    0000001c     HAL_I2C.obj (.text:I2C_setslave)
                  00003a3c    0000001c     rtsv7M4_T_le_v4SPD16_eabi.lib : memccpy.obj (.text)
                  00003a58    0000001a     grlib.lib : string.o (.text:Graphics_getNumberOfLeadingZeros)
                  00003a72    0000001a     msp432p4xx_driverlib.lib : spi_MSP432P4XX.obj (.text:SPI_enableModule)
                  00003a8c    00000018                              : gpio_MSP432P4XX.obj (.text:GPIO_setOutputLowOnPin)
                  00003aa4    00000018     HAL_I2C.obj (.text:Init_I2C_GPIO)
                  00003abc    00000018     rtsv7M4_T_le_v4SPD16_eabi.lib : args_main.obj (.text)
                  00003ad4    00000016     grlib.lib : display.o (.text:Graphics_drawHorizontalLineOnDisplay)
                  00003aea    00000016     rtsv7M4_T_le_v4SPD16_eabi.lib : strchr.obj (.text)
                  00003b00    00000014     msp432p4xx_driverlib.lib : gpio_MSP432P4XX.obj (.text:GPIO_setOutputHighOnPin)
                  00003b14    00000014                              : i2c_MSP432P4XX.obj (.text:I2C_isBusBusy)
                  00003b28    00000014     HAL_OPT3001.obj (.text:OPT3001_init)
                  00003b3c    00000014     main.obj (.text:__sti___8_main_cpp_bc4058ff)
                  00003b50    00000014     rtsv7M4_T_le_v4SPD16_eabi.lib : _lock.obj (.text)
                  00003b64    00000014                                   : s_copysign.obj (.text)
                  00003b78    00000014                                   : strlen.obj (.text)
                  00003b8c    00000010     msp432p4xx_driverlib.lib : i2c_MSP432P4XX.obj (.text:I2C_masterReceiveStart)
                  00003b9c    0000000e     grlib.lib : display.o (.text:Graphics_drawPixelOnDisplay)
                  00003baa    0000000e               : context.o (.text:Graphics_setBackgroundColor)
                  00003bb8    0000000e               : context.o (.text:Graphics_setForegroundColor)
                  00003bc6    0000000e     msp432p4xx_driverlib.lib : i2c_MSP432P4XX.obj (.text:I2C_clearInterruptFlag)
                  00003bd4    0000000e                              : i2c_MSP432P4XX.obj (.text:I2C_setMode)
                  00003be2    0000000e     rtsv7M4_T_le_v4SPD16_eabi.lib : copy_decompress_none.obj (.text:decompress:none)
                  00003bf0    0000000c     msp432p4xx_driverlib.lib : spi_MSP432P4XX.obj (.text:EUSCI_A_SPI_enable)
                  00003bfc    0000000c                              : spi_MSP432P4XX.obj (.text:EUSCI_B_SPI_enable)
                  00003c08    0000000c                              : i2c_MSP432P4XX.obj (.text:I2C_disableModule)
                  00003c14    0000000c                              : i2c_MSP432P4XX.obj (.text:I2C_enableModule)
                  00003c20    0000000c     startup_msp432p401r_ccs.obj (.text:Reset_Handler)
                  00003c2c    0000000c     rtsv7M4_T_le_v4SPD16_eabi.lib : copy_zero_init.obj (.text:decompress:ZI)
                  00003c38    0000000a     Crystalfontz128x128_ST7735.obj (.text:Crystalfontz128x128_Flush)
                  00003c42    0000000a     grlib.lib : context.o (.text:Graphics_clearDisplay)
                  00003c4c    0000000a               : display.o (.text:Graphics_clearDisplayOnDisplay)
                  00003c56    0000000a               : display.o (.text:Graphics_translateColorOnDisplay)
                  00003c60    00000006     msp432p4xx_driverlib.lib : i2c_MSP432P4XX.obj (.text:I2C_getInterruptStatus)
                  00003c66    00000006                              : i2c_MSP432P4XX.obj (.text:I2C_masterReceiveMultiByteNext)
                  00003c6c    00000004     grlib.lib : context.o (.text:Graphics_setFont)
                  00003c70    00000004     msp432p4xx_driverlib.lib : i2c_MSP432P4XX.obj (.text:I2C_setSlaveAddress)
                  00003c74    00000004     rtsv7M4_T_le_v4SPD16_eabi.lib : pre_init.obj (.text)

.const     0    00003c78    00000594     
                  00003c78    000002f8     fontfixed6x8.obj (.const:.string:g_pucFontFixed6x8Data)
                  00003f70    00000101     rtsv7M4_T_le_v4SPD16_eabi.lib : ctype.obj (.const:.string:_ctypes_)
                  00004071    00000003     --HOLE-- [fill = 0]
                  00004074    000000c8     fontfixed6x8.obj (.const:g_sFontFixed6x8)
                  0000413c    00000030     msp432p4xx_driverlib.lib : gpio_MSP432P4XX.obj (.const:GPIO_PORT_TO_BASE)
                  0000416c    00000020     Crystalfontz128x128_ST7735.obj (.const:g_sCrystalfontz128x128_funcs)
                  0000418c    0000001c     HAL_MSP_EXP432P401R_Crystalfontz128x128_ST7735.obj (.const:$P$T0$1)
                  000041a8    00000018     main.obj (.const:TA1upConfig)
                  000041c0    00000018     main.obj (.const:TA2upConfig)
                  000041d8    00000018     main.obj (.const:upConfig)
                  000041f0    00000014     HAL_I2C.obj (.const:i2cConfig)
                  00004204    00000008     Crystalfontz128x128_ST7735.obj (.const:$P$T0$1)

.cinit     0    00004210    00000060     
                  00004210    00000035     (.cinit..data.load) [load image, compression = lzss]
                  00004245    00000003     --HOLE-- [fill = 0]
                  00004248    0000000c     (__TI_handler_table)
                  00004254    00000004     --HOLE-- [fill = 0]
                  00004258    00000008     (.cinit..bss.load) [load image, compression = zero_init]
                  00004260    00000010     (__TI_cinit_table)

.init_array 
*          0    0000420c    00000004     
                  0000420c    00000004     main.obj (.init_array)

.data      0    20000000    00000188     UNINITIALIZED
                  20000000    000000c8     main.obj (.data:oldsound)
                  200000c8    0000005c     main.obj (.data)
                  20000124    00000028     main.obj (.data:actualsound)
                  2000014c    00000010     main.obj (.data:compareConfig_PWM)
                  2000015c    00000010     Crystalfontz128x128_ST7735.obj (.data:g_sCrystalfontz128x128)
                  2000016c    0000000c     rtsv7M4_T_le_v4SPD16_eabi.lib : exit.obj (.data:$O1$$)
                  20000178    00000008                                   : _lock.obj (.data:$O1$$)
                  20000180    00000004                                   : errno.obj (.data)
                  20000184    00000004                                   : stkdepth_vars.obj (.data)

.bss       0    20000188    0000002e     UNINITIALIZED
                  20000188    0000001c     (.common:g_sContext)
                  200001a4    00000004     main.obj (.bss)
                  200001a8    00000004     (.common:lux)
                  200001ac    00000002     (.common:Lcd_ScreenHeigth)
                  200001ae    00000002     (.common:Lcd_ScreenWidth)
                  200001b0    00000002     (.common:Lcd_TouchTrim)
                  200001b2    00000001     (.common:Lcd_FlagRead)
                  200001b3    00000001     (.common:Lcd_FontSolid)
                  200001b4    00000001     (.common:Lcd_Orientation)
                  200001b5    00000001     (.common:Lcd_PenSolid)

.stack     0    2000fe00    00000200     UNINITIALIZED
                  2000fe00    00000200     --HOLE--

MODULE SUMMARY

       Module                                               code    ro data   rw data
       ------                                               ----    -------   -------
    ./
       main.obj                                             2848    76        768    
       HAL_I2C.obj                                          296     20        0      
       HAL_OPT3001.obj                                      236     0         0      
       system_msp432p401r.obj                               120     0         0      
    +--+----------------------------------------------------+-------+---------+---------+
       Total:                                               3500    96        768    
                                                                                     
    ./LcdDriver/
       Crystalfontz128x128_ST7735.obj                       1670    40        52     
       HAL_MSP_EXP432P401R_Crystalfontz128x128_ST7735.obj   212     28        0      
    +--+----------------------------------------------------+-------+---------+---------+
       Total:                                               1882    68        52     
                                                                                     
    ./ccs/
       startup_msp432p401r_ccs.obj                          14      228       0      
    +--+----------------------------------------------------+-------+---------+---------+
       Total:                                               14      228       0      
                                                                                     
    ./fonts/
       fontfixed6x8.obj                                     0       960       0      
    +--+----------------------------------------------------+-------+---------+---------+
       Total:                                               0       960       0      
                                                                                     
    /Applications/ti/ccsv7/tools/compiler/ti-cgt-arm_16.9.3.LTS/lib/rtsv7M4_T_le_v4SPD16_eabi.lib
       _printfi.obj                                         4414    0         0      
       ull_div_t2.obj                                       500     0         0      
       fd_add_t2.obj                                        438     0         0      
       fd_div_t2.obj                                        310     0         0      
       fd_cmp_t2.obj                                        268     0         0      
       ctype.obj                                            0       257       0      
       fd_mul_t2.obj                                        252     0         0      
       s_scalbn.obj                                         252     0         0      
       memcpy_t2.obj                                        156     0         0      
       memset_t2.obj                                        122     0         0      
       autoinit.obj                                         112     0         0      
       exit.obj                                             84      0         24     
       copy_decompress_lzss.obj                             104     0         0      
       s_frexp.obj                                          100     0         0      
       sprintf.obj                                          96      0         0      
       boot.obj                                             84      0         0      
       ltoa.obj                                             84      0         0      
       atoi.obj                                             76      0         0      
       cpy_tbl.obj                                          76      0         0      
       fd_toi_t2.obj                                        72      0         0      
       fs_tod_t2.obj                                        56      0         0      
       i_tofd_t2.obj                                        46      0         0      
       _lock.obj                                            20      0         16     
       memccpy.obj                                          28      0         0      
       args_main.obj                                        24      0         0      
       strchr.obj                                           22      0         0      
       s_copysign.obj                                       20      0         0      
       strlen.obj                                           20      0         0      
       copy_decompress_none.obj                             14      0         0      
       copy_zero_init.obj                                   12      0         0      
       errno.obj                                            0       0         8      
       stkdepth_vars.obj                                    0       0         8      
       pre_init.obj                                         4       0         0      
       mpu_init.obj                                         2       0         0      
       startup.obj                                          2       0         0      
    +--+----------------------------------------------------+-------+---------+---------+
       Total:                                               7870    257       56     
                                                                                     
    /Users/franmolinaca/ti/simplelink_msp432p4_sdk_1_50_00_12/source/ti/devices/msp432p4xx/driverlib/ccs/msp432p4xx_driverlib.lib
       i2c_MSP432P4XX.obj                                   446     0         0      
       spi_MSP432P4XX.obj                                   222     0         0      
       gpio_MSP432P4XX.obj                                  156     48        0      
       timer_a_MSP432P4XX.obj                               38      0         0      
    +--+----------------------------------------------------+-------+---------+---------+
       Total:                                               862     48        0      
                                                                                     
    /Users/franmolinaca/ti/simplelink_msp432p4_sdk_1_50_00_12/source/ti/grlib/ccs/grlib.lib
       string.o                                             906     0         0      
       context.o                                            76      0         0      
       line.o                                               74      0         0      
       display.o                                            56      0         0      
    +--+----------------------------------------------------+-------+---------+---------+
       Total:                                               1112    0         0      
                                                                                     
       Stack:                                               0       0         1024   
       Linker Generated:                                    0       89        0      
    +--+----------------------------------------------------+-------+---------+---------+
       Grand Total:                                         15240   1746      1900   


LINKER GENERATED COPY TABLES

__TI_cinit_table @ 00004260 records: 2, size/record: 8, table size: 16
	.data: load addr=00004210, load size=00000035 bytes, run addr=20000000, run size=00000188 bytes, compression=lzss
	.bss: load addr=00004258, load size=00000008 bytes, run addr=20000188, run size=0000002e bytes, compression=zero_init


LINKER GENERATED HANDLER TABLE

__TI_handler_table @ 00004248 records: 3, size/record: 4, table size: 12
	index: 0, handler: __TI_decompress_lzss
	index: 1, handler: __TI_decompress_none
	index: 2, handler: __TI_zero_init


GLOBAL SYMBOLS: SORTED ALPHABETICALLY BY Name 

address   name                                       
-------   ----                                       
200000c8  ADC14Result                                
000039e1  ADC14_IRQHandler                           
000039e1  ADC14_IRQHandler                           
00001223  AES256_IRQHandler                          
00001223  BusFault_Handler                           
00003325  C$$EXIT                                    
00001223  COMP_E0_IRQHandler                         
00001223  COMP_E1_IRQHandler                         
00001223  CS_IRQHandler                              
200001a4  Counter1                                   
20000108  Counter2                                   
2000010c  Counter3                                   
000026b9  Crystalfontz128x128_Init                   
00002585  Crystalfontz128x128_SetDrawFrame           
00003229  Crystalfontz128x128_SetOrientation         
00001223  DMA_ERR_IRQHandler                         
00001223  DMA_INT0_IRQHandler                        
00001223  DMA_INT1_IRQHandler                        
00001223  DMA_INT2_IRQHandler                        
00001223  DMA_INT3_IRQHandler                        
00001223  DebugMon_Handler                           
00001223  Default_Handler                            
00001223  EUSCIA0_IRQHandler                         
00001223  EUSCIA1_IRQHandler                         
00001223  EUSCIA2_IRQHandler                         
00001223  EUSCIA3_IRQHandler                         
00001223  EUSCIB0_IRQHandler                         
00001223  EUSCIB1_IRQHandler                         
00001223  EUSCIB2_IRQHandler                         
00001223  EUSCIB3_IRQHandler                         
00003bf1  EUSCI_A_SPI_enable                         
00003bfd  EUSCI_B_SPI_enable                         
00001223  FLCTL_IRQHandler                           
00001223  FPU_IRQHandler                             
00003975  GPIO_setAsOutputPin                        
000033cd  GPIO_setAsPeripheralModuleFunctionOutputPin
00003b01  GPIO_setOutputHighOnPin                    
00003a8d  GPIO_setOutputLowOnPin                     
00003c43  Graphics_clearDisplay                      
00003c4d  Graphics_clearDisplayOnDisplay             
00003ad5  Graphics_drawHorizontalLineOnDisplay       
000034b1  Graphics_drawLineH                         
00003b9d  Graphics_drawPixelOnDisplay                
00001861  Graphics_drawString                        
000036d3  Graphics_drawStringCentered                
00002fd5  Graphics_getStringWidth                    
000039bd  Graphics_initContext                       
00003bab  Graphics_setBackgroundColor                
00003c6d  Graphics_setFont                           
00003bb9  Graphics_setForegroundColor                
00003c57  Graphics_translateColorOnDisplay           
0000377d  HAL_LCD_PortInit                           
00003615  HAL_LCD_SpiInit                            
0000370d  HAL_LCD_writeCommand                       
000038f9  HAL_LCD_writeData                          
00001223  HardFault_Handler                          
00003bc7  I2C_clearInterruptFlag                     
00003c09  I2C_disableModule                          
00003c15  I2C_enableModule                           
00003c61  I2C_getInterruptStatus                     
00003a01  I2C_init                                   
00003695  I2C_initMaster                             
00003b15  I2C_isBusBusy                              
000037ad  I2C_masterReceiveMultiByteFinish           
00003c67  I2C_masterReceiveMultiByteNext             
00003b8d  I2C_masterReceiveStart                     
0000327d  I2C_masterSendMultiByteFinish              
00003999  I2C_masterSendMultiByteNext                
00003655  I2C_masterSendMultiByteStart               
000037dd  I2C_masterSendMultiByteStop                
00002bed  I2C_read16                                 
00003bd5  I2C_setMode                                
00003c71  I2C_setSlaveAddress                        
00003a21  I2C_setslave                               
000034fd  I2C_write16                                
00003aa5  Init_I2C_GPIO                              
200001b2  Lcd_FlagRead                               
200001b3  Lcd_FontSolid                              
200001b4  Lcd_Orientation                            
200001b5  Lcd_PenSolid                               
200001ac  Lcd_ScreenHeigth                           
200001ae  Lcd_ScreenWidth                            
200001b0  Lcd_TouchTrim                              
200000d4  LedInd                                     
200000d8  LedSta                                     
00001223  MemManage_Handler                          
00001223  NMI_Handler                                
000029dd  OPT3001_getLux                             
00003b29  OPT3001_init                               
00001223  PCM_IRQHandler                             
00001b31  PORT1_IRQHandler                           
00001b31  PORT1_IRQHandler                           
00001223  PORT2_IRQHandler                           
00001223  PORT3_IRQHandler                           
00001223  PORT4_IRQHandler                           
00001223  PORT5_IRQHandler                           
00001223  PORT6_IRQHandler                           
00001223  PSS_IRQHandler                             
00001223  PendSV_Handler                             
00001223  RTC_C_IRQHandler                           
00003c21  Reset_Handler                              
200000cc  S1buttonDebounce                           
200000d0  S2buttonDebounce                           
0000420c  SHT$$INIT_ARRAY$$Base                      
00004210  SHT$$INIT_ARRAY$$Limit                     
00003a73  SPI_enableModule                           
00002d85  SPI_initMaster                             
00001223  SVC_Handler                                
00001223  SysTick_Handler                            
00002e7d  SystemInit                                 
0000380d  T32_INT1_IRQHandler                        
0000380d  T32_INT1_IRQHandler                        
00001223  T32_INT2_IRQHandler                        
00001223  T32_INTC_IRQHandler                        
00001223  TA0_0_IRQHandler                           
00001223  TA0_N_IRQHandler                           
00002ef5  TA1_0_IRQHandler                           
00002ef5  TA1_0_IRQHandler                           
00001223  TA1_N_IRQHandler                           
000022dd  TA2_0_IRQHandler                           
000022dd  TA2_0_IRQHandler                           
00001223  TA2_N_IRQHandler                           
00001223  TA3_0_IRQHandler                           
00001223  TA3_N_IRQHandler                           
20000104  Tiemp1                                     
0000394d  Timer_A_initCompare                        
00001223  UsageFault_Handler                         
4000480c  WDTCTL_SYM                                 
00001223  WDT_A_IRQHandler                           
20010000  __STACK_END                                
00000200  __STACK_SIZE                               
00004260  __TI_CINIT_Base                            
00004270  __TI_CINIT_Limit                           
00004248  __TI_Handler_Table_Base                    
00004254  __TI_Handler_Table_Limit                   
00002f65  __TI_auto_init                             
2000016c  __TI_cleanup_ptr                           
0000303d  __TI_decompress_lzss                       
00003be3  __TI_decompress_none                       
20000170  __TI_dtors_ptr                             
20000174  __TI_enable_exit_profile_output            
ffffffff  __TI_pprof_out_hndl                        
00000929  __TI_printfi                               
ffffffff  __TI_prof_data_size                        
ffffffff  __TI_prof_data_start                       
00000000  __TI_static_base__                         
00003c2d  __TI_zero_init                             
00002c79  __aeabi_cdcmpeq                            
00002c79  __aeabi_cdcmple                            
00002cff  __aeabi_cdrcmple                           
0000358d  __aeabi_d2iz                               
0000212f  __aeabi_dadd                               
0000244d  __aeabi_ddiv                               
000027e5  __aeabi_dmul                               
00002125  __aeabi_dsub                               
00003745  __aeabi_f2d                                
0000389d  __aeabi_i2d                                
00002e01  __aeabi_memclr                             
00002e01  __aeabi_memclr4                            
00002e01  __aeabi_memclr8                            
00002b51  __aeabi_memcpy                             
00002b51  __aeabi_memcpy4                            
00002b51  __aeabi_memcpy8                            
00002e03  __aeabi_memset                             
00002e03  __aeabi_memset4                            
00002e03  __aeabi_memset8                            
00001d59  __aeabi_uldivmod                           
ffffffff  __binit__                                  
ffffffff  __c_args__                                 
000022db  __mpu_init                                 
2000fe00  __stack                                    
00003b3d  __sti___8_main_cpp_bc4058ff                
00003abd  _args_main                                 
000032d1  _c_int00                                   
00003f70  _ctypes_                                   
20000178  _lock                                      
00003b5f  _nop                                       
00003b57  _register_lock                             
00003b51  _register_unlock                           
00002583  _system_post_cinit                         
00003c75  _system_pre_init                           
2000017c  _unlock                                    
00003329  abort                                      
20000124  actualsound                                
00003419  atoi                                       
ffffffff  binit                                      
20000100  cEn                                        
2000014c  compareConfig_PWM                          
00003465  copy_in                                    
00003b65  copysign                                   
00003b65  copysignl                                  
200000ec  count                                      
200000e8  counting                                   
20000120  currentColor                               
20000180  errno                                      
00003331  exit                                       
000030a5  frexp                                      
000030a5  frexpl                                     
20000188  g_sContext                                 
2000015c  g_sCrystalfontz128x128                     
0000416c  g_sCrystalfontz128x128_funcs               
00004074  g_sFontFixed6x8                            
000041f0  i2cConfig                                  
00000000  interruptVectors                           
200000dc  interval                                   
000028e1  ldexp                                      
000028e1  ldexpl                                     
200000f8  lightIn                                    
00003379  ltoa                                       
200001a8  lux                                        
00001225  main                                       
20000184  main_func_sp                               
00003a3d  memccpy                                    
00002b51  memcpy                                     
00002e09  memset                                     
200000e4  newTick                                    
200000e0  oldTick                                    
20000000  oldsound                                   
000028e1  scalbn                                     
000028e1  scalbnl                                    
000031c9  sprintf                                    
200000fc  state                                      
00003aeb  strchr                                     
00003b79  strlen                                     
20000110  sumact                                     
20000114  sumdiez                                    
2000011c  sumdiff                                    
20000118  sumold                                     
200000f0  sysTickCount                               
200000f4  taps                                       


GLOBAL SYMBOLS: SORTED BY Symbol Address 

address   name                                       
-------   ----                                       
00000000  __TI_static_base__                         
00000000  interruptVectors                           
00000200  __STACK_SIZE                               
00000929  __TI_printfi                               
00001223  AES256_IRQHandler                          
00001223  BusFault_Handler                           
00001223  COMP_E0_IRQHandler                         
00001223  COMP_E1_IRQHandler                         
00001223  CS_IRQHandler                              
00001223  DMA_ERR_IRQHandler                         
00001223  DMA_INT0_IRQHandler                        
00001223  DMA_INT1_IRQHandler                        
00001223  DMA_INT2_IRQHandler                        
00001223  DMA_INT3_IRQHandler                        
00001223  DebugMon_Handler                           
00001223  Default_Handler                            
00001223  EUSCIA0_IRQHandler                         
00001223  EUSCIA1_IRQHandler                         
00001223  EUSCIA2_IRQHandler                         
00001223  EUSCIA3_IRQHandler                         
00001223  EUSCIB0_IRQHandler                         
00001223  EUSCIB1_IRQHandler                         
00001223  EUSCIB2_IRQHandler                         
00001223  EUSCIB3_IRQHandler                         
00001223  FLCTL_IRQHandler                           
00001223  FPU_IRQHandler                             
00001223  HardFault_Handler                          
00001223  MemManage_Handler                          
00001223  NMI_Handler                                
00001223  PCM_IRQHandler                             
00001223  PORT2_IRQHandler                           
00001223  PORT3_IRQHandler                           
00001223  PORT4_IRQHandler                           
00001223  PORT5_IRQHandler                           
00001223  PORT6_IRQHandler                           
00001223  PSS_IRQHandler                             
00001223  PendSV_Handler                             
00001223  RTC_C_IRQHandler                           
00001223  SVC_Handler                                
00001223  SysTick_Handler                            
00001223  T32_INT2_IRQHandler                        
00001223  T32_INTC_IRQHandler                        
00001223  TA0_0_IRQHandler                           
00001223  TA0_N_IRQHandler                           
00001223  TA1_N_IRQHandler                           
00001223  TA2_N_IRQHandler                           
00001223  TA3_0_IRQHandler                           
00001223  TA3_N_IRQHandler                           
00001223  UsageFault_Handler                         
00001223  WDT_A_IRQHandler                           
00001225  main                                       
00001861  Graphics_drawString                        
00001b31  PORT1_IRQHandler                           
00001b31  PORT1_IRQHandler                           
00001d59  __aeabi_uldivmod                           
00002125  __aeabi_dsub                               
0000212f  __aeabi_dadd                               
000022db  __mpu_init                                 
000022dd  TA2_0_IRQHandler                           
000022dd  TA2_0_IRQHandler                           
0000244d  __aeabi_ddiv                               
00002583  _system_post_cinit                         
00002585  Crystalfontz128x128_SetDrawFrame           
000026b9  Crystalfontz128x128_Init                   
000027e5  __aeabi_dmul                               
000028e1  ldexp                                      
000028e1  ldexpl                                     
000028e1  scalbn                                     
000028e1  scalbnl                                    
000029dd  OPT3001_getLux                             
00002b51  __aeabi_memcpy                             
00002b51  __aeabi_memcpy4                            
00002b51  __aeabi_memcpy8                            
00002b51  memcpy                                     
00002bed  I2C_read16                                 
00002c79  __aeabi_cdcmpeq                            
00002c79  __aeabi_cdcmple                            
00002cff  __aeabi_cdrcmple                           
00002d85  SPI_initMaster                             
00002e01  __aeabi_memclr                             
00002e01  __aeabi_memclr4                            
00002e01  __aeabi_memclr8                            
00002e03  __aeabi_memset                             
00002e03  __aeabi_memset4                            
00002e03  __aeabi_memset8                            
00002e09  memset                                     
00002e7d  SystemInit                                 
00002ef5  TA1_0_IRQHandler                           
00002ef5  TA1_0_IRQHandler                           
00002f65  __TI_auto_init                             
00002fd5  Graphics_getStringWidth                    
0000303d  __TI_decompress_lzss                       
000030a5  frexp                                      
000030a5  frexpl                                     
000031c9  sprintf                                    
00003229  Crystalfontz128x128_SetOrientation         
0000327d  I2C_masterSendMultiByteFinish              
000032d1  _c_int00                                   
00003325  C$$EXIT                                    
00003329  abort                                      
00003331  exit                                       
00003379  ltoa                                       
000033cd  GPIO_setAsPeripheralModuleFunctionOutputPin
00003419  atoi                                       
00003465  copy_in                                    
000034b1  Graphics_drawLineH                         
000034fd  I2C_write16                                
0000358d  __aeabi_d2iz                               
00003615  HAL_LCD_SpiInit                            
00003655  I2C_masterSendMultiByteStart               
00003695  I2C_initMaster                             
000036d3  Graphics_drawStringCentered                
0000370d  HAL_LCD_writeCommand                       
00003745  __aeabi_f2d                                
0000377d  HAL_LCD_PortInit                           
000037ad  I2C_masterReceiveMultiByteFinish           
000037dd  I2C_masterSendMultiByteStop                
0000380d  T32_INT1_IRQHandler                        
0000380d  T32_INT1_IRQHandler                        
0000389d  __aeabi_i2d                                
000038f9  HAL_LCD_writeData                          
0000394d  Timer_A_initCompare                        
00003975  GPIO_setAsOutputPin                        
00003999  I2C_masterSendMultiByteNext                
000039bd  Graphics_initContext                       
000039e1  ADC14_IRQHandler                           
000039e1  ADC14_IRQHandler                           
00003a01  I2C_init                                   
00003a21  I2C_setslave                               
00003a3d  memccpy                                    
00003a73  SPI_enableModule                           
00003a8d  GPIO_setOutputLowOnPin                     
00003aa5  Init_I2C_GPIO                              
00003abd  _args_main                                 
00003ad5  Graphics_drawHorizontalLineOnDisplay       
00003aeb  strchr                                     
00003b01  GPIO_setOutputHighOnPin                    
00003b15  I2C_isBusBusy                              
00003b29  OPT3001_init                               
00003b3d  __sti___8_main_cpp_bc4058ff                
00003b51  _register_unlock                           
00003b57  _register_lock                             
00003b5f  _nop                                       
00003b65  copysign                                   
00003b65  copysignl                                  
00003b79  strlen                                     
00003b8d  I2C_masterReceiveStart                     
00003b9d  Graphics_drawPixelOnDisplay                
00003bab  Graphics_setBackgroundColor                
00003bb9  Graphics_setForegroundColor                
00003bc7  I2C_clearInterruptFlag                     
00003bd5  I2C_setMode                                
00003be3  __TI_decompress_none                       
00003bf1  EUSCI_A_SPI_enable                         
00003bfd  EUSCI_B_SPI_enable                         
00003c09  I2C_disableModule                          
00003c15  I2C_enableModule                           
00003c21  Reset_Handler                              
00003c2d  __TI_zero_init                             
00003c43  Graphics_clearDisplay                      
00003c4d  Graphics_clearDisplayOnDisplay             
00003c57  Graphics_translateColorOnDisplay           
00003c61  I2C_getInterruptStatus                     
00003c67  I2C_masterReceiveMultiByteNext             
00003c6d  Graphics_setFont                           
00003c71  I2C_setSlaveAddress                        
00003c75  _system_pre_init                           
00003f70  _ctypes_                                   
00004074  g_sFontFixed6x8                            
0000416c  g_sCrystalfontz128x128_funcs               
000041f0  i2cConfig                                  
0000420c  SHT$$INIT_ARRAY$$Base                      
00004210  SHT$$INIT_ARRAY$$Limit                     
00004248  __TI_Handler_Table_Base                    
00004254  __TI_Handler_Table_Limit                   
00004260  __TI_CINIT_Base                            
00004270  __TI_CINIT_Limit                           
20000000  oldsound                                   
200000c8  ADC14Result                                
200000cc  S1buttonDebounce                           
200000d0  S2buttonDebounce                           
200000d4  LedInd                                     
200000d8  LedSta                                     
200000dc  interval                                   
200000e0  oldTick                                    
200000e4  newTick                                    
200000e8  counting                                   
200000ec  count                                      
200000f0  sysTickCount                               
200000f4  taps                                       
200000f8  lightIn                                    
200000fc  state                                      
20000100  cEn                                        
20000104  Tiemp1                                     
20000108  Counter2                                   
2000010c  Counter3                                   
20000110  sumact                                     
20000114  sumdiez                                    
20000118  sumold                                     
2000011c  sumdiff                                    
20000120  currentColor                               
20000124  actualsound                                
2000014c  compareConfig_PWM                          
2000015c  g_sCrystalfontz128x128                     
2000016c  __TI_cleanup_ptr                           
20000170  __TI_dtors_ptr                             
20000174  __TI_enable_exit_profile_output            
20000178  _lock                                      
2000017c  _unlock                                    
20000180  errno                                      
20000184  main_func_sp                               
20000188  g_sContext                                 
200001a4  Counter1                                   
200001a8  lux                                        
200001ac  Lcd_ScreenHeigth                           
200001ae  Lcd_ScreenWidth                            
200001b0  Lcd_TouchTrim                              
200001b2  Lcd_FlagRead                               
200001b3  Lcd_FontSolid                              
200001b4  Lcd_Orientation                            
200001b5  Lcd_PenSolid                               
2000fe00  __stack                                    
20010000  __STACK_END                                
4000480c  WDTCTL_SYM                                 
ffffffff  __TI_pprof_out_hndl                        
ffffffff  __TI_prof_data_size                        
ffffffff  __TI_prof_data_start                       
ffffffff  __binit__                                  
ffffffff  __c_args__                                 
ffffffff  binit                                      

[230 symbols]
