<?xml version="1.0"?>
<link_info>
   <banner>TI ARM Linker Unix v16.9.3.LTS</banner>
   <copyright>Copyright (c) 1996-2017 Texas Instruments Incorporated</copyright>
   <link_time>0x59dece77</link_time>
   <link_errors>0x0</link_errors>
   <output_file>EnlightenMe.out</output_file>
   <entry_point>
      <name>_c_int00</name>
      <address>0x3339</address>
   </entry_point>
   <input_file_list>
      <input_file id="fl-2">
         <path>./</path>
         <kind>object</kind>
         <file>HAL_I2C.obj</file>
         <name>HAL_I2C.obj</name>
      </input_file>
      <input_file id="fl-3">
         <path>./</path>
         <kind>object</kind>
         <file>HAL_OPT3001.obj</file>
         <name>HAL_OPT3001.obj</name>
      </input_file>
      <input_file id="fl-4">
         <path>./</path>
         <kind>object</kind>
         <file>Task.obj</file>
         <name>Task.obj</name>
      </input_file>
      <input_file id="fl-5">
         <path>./</path>
         <kind>object</kind>
         <file>main.obj</file>
         <name>main.obj</name>
      </input_file>
      <input_file id="fl-6">
         <path>./</path>
         <kind>object</kind>
         <file>system_msp432p401r.obj</file>
         <name>system_msp432p401r.obj</name>
      </input_file>
      <input_file id="fl-7">
         <path>./LcdDriver/</path>
         <kind>object</kind>
         <file>Crystalfontz128x128_ST7735.obj</file>
         <name>Crystalfontz128x128_ST7735.obj</name>
      </input_file>
      <input_file id="fl-8">
         <path>./LcdDriver/</path>
         <kind>object</kind>
         <file>HAL_MSP_EXP432P401R_Crystalfontz128x128_ST7735.obj</file>
         <name>HAL_MSP_EXP432P401R_Crystalfontz128x128_ST7735.obj</name>
      </input_file>
      <input_file id="fl-9">
         <path>./ccs/</path>
         <kind>object</kind>
         <file>startup_msp432p401r_ccs.obj</file>
         <name>startup_msp432p401r_ccs.obj</name>
      </input_file>
      <input_file id="fl-a">
         <path>./fonts/</path>
         <kind>object</kind>
         <file>fontcm12.obj</file>
         <name>fontcm12.obj</name>
      </input_file>
      <input_file id="fl-b">
         <path>./fonts/</path>
         <kind>object</kind>
         <file>fontcm12b.obj</file>
         <name>fontcm12b.obj</name>
      </input_file>
      <input_file id="fl-c">
         <path>./fonts/</path>
         <kind>object</kind>
         <file>fontcm12i.obj</file>
         <name>fontcm12i.obj</name>
      </input_file>
      <input_file id="fl-d">
         <path>./fonts/</path>
         <kind>object</kind>
         <file>fontcm14.obj</file>
         <name>fontcm14.obj</name>
      </input_file>
      <input_file id="fl-e">
         <path>./fonts/</path>
         <kind>object</kind>
         <file>fontcm14b.obj</file>
         <name>fontcm14b.obj</name>
      </input_file>
      <input_file id="fl-f">
         <path>./fonts/</path>
         <kind>object</kind>
         <file>fontcm14i.obj</file>
         <name>fontcm14i.obj</name>
      </input_file>
      <input_file id="fl-10">
         <path>./fonts/</path>
         <kind>object</kind>
         <file>fontcm16.obj</file>
         <name>fontcm16.obj</name>
      </input_file>
      <input_file id="fl-11">
         <path>./fonts/</path>
         <kind>object</kind>
         <file>fontcm16b.obj</file>
         <name>fontcm16b.obj</name>
      </input_file>
      <input_file id="fl-12">
         <path>./fonts/</path>
         <kind>object</kind>
         <file>fontcm16i.obj</file>
         <name>fontcm16i.obj</name>
      </input_file>
      <input_file id="fl-13">
         <path>./fonts/</path>
         <kind>object</kind>
         <file>fontcm18.obj</file>
         <name>fontcm18.obj</name>
      </input_file>
      <input_file id="fl-14">
         <path>./fonts/</path>
         <kind>object</kind>
         <file>fontcm18b.obj</file>
         <name>fontcm18b.obj</name>
      </input_file>
      <input_file id="fl-15">
         <path>./fonts/</path>
         <kind>object</kind>
         <file>fontcm18i.obj</file>
         <name>fontcm18i.obj</name>
      </input_file>
      <input_file id="fl-16">
         <path>./fonts/</path>
         <kind>object</kind>
         <file>fontcm20.obj</file>
         <name>fontcm20.obj</name>
      </input_file>
      <input_file id="fl-17">
         <path>./fonts/</path>
         <kind>object</kind>
         <file>fontcm20b.obj</file>
         <name>fontcm20b.obj</name>
      </input_file>
      <input_file id="fl-18">
         <path>./fonts/</path>
         <kind>object</kind>
         <file>fontcm20i.obj</file>
         <name>fontcm20i.obj</name>
      </input_file>
      <input_file id="fl-19">
         <path>./fonts/</path>
         <kind>object</kind>
         <file>fontcm22.obj</file>
         <name>fontcm22.obj</name>
      </input_file>
      <input_file id="fl-1a">
         <path>./fonts/</path>
         <kind>object</kind>
         <file>fontcm22b.obj</file>
         <name>fontcm22b.obj</name>
      </input_file>
      <input_file id="fl-1b">
         <path>./fonts/</path>
         <kind>object</kind>
         <file>fontcm22i.obj</file>
         <name>fontcm22i.obj</name>
      </input_file>
      <input_file id="fl-1c">
         <path>./fonts/</path>
         <kind>object</kind>
         <file>fontcm24.obj</file>
         <name>fontcm24.obj</name>
      </input_file>
      <input_file id="fl-1d">
         <path>./fonts/</path>
         <kind>object</kind>
         <file>fontcm24b.obj</file>
         <name>fontcm24b.obj</name>
      </input_file>
      <input_file id="fl-1e">
         <path>./fonts/</path>
         <kind>object</kind>
         <file>fontcm24i.obj</file>
         <name>fontcm24i.obj</name>
      </input_file>
      <input_file id="fl-1f">
         <path>./fonts/</path>
         <kind>object</kind>
         <file>fontcm26.obj</file>
         <name>fontcm26.obj</name>
      </input_file>
      <input_file id="fl-20">
         <path>./fonts/</path>
         <kind>object</kind>
         <file>fontcm26b.obj</file>
         <name>fontcm26b.obj</name>
      </input_file>
      <input_file id="fl-21">
         <path>./fonts/</path>
         <kind>object</kind>
         <file>fontcm26i.obj</file>
         <name>fontcm26i.obj</name>
      </input_file>
      <input_file id="fl-22">
         <path>./fonts/</path>
         <kind>object</kind>
         <file>fontcm28.obj</file>
         <name>fontcm28.obj</name>
      </input_file>
      <input_file id="fl-23">
         <path>./fonts/</path>
         <kind>object</kind>
         <file>fontcm28b.obj</file>
         <name>fontcm28b.obj</name>
      </input_file>
      <input_file id="fl-24">
         <path>./fonts/</path>
         <kind>object</kind>
         <file>fontcm28i.obj</file>
         <name>fontcm28i.obj</name>
      </input_file>
      <input_file id="fl-25">
         <path>./fonts/</path>
         <kind>object</kind>
         <file>fontcm30.obj</file>
         <name>fontcm30.obj</name>
      </input_file>
      <input_file id="fl-26">
         <path>./fonts/</path>
         <kind>object</kind>
         <file>fontcm30b.obj</file>
         <name>fontcm30b.obj</name>
      </input_file>
      <input_file id="fl-27">
         <path>./fonts/</path>
         <kind>object</kind>
         <file>fontcm30i.obj</file>
         <name>fontcm30i.obj</name>
      </input_file>
      <input_file id="fl-28">
         <path>./fonts/</path>
         <kind>object</kind>
         <file>fontcm32.obj</file>
         <name>fontcm32.obj</name>
      </input_file>
      <input_file id="fl-29">
         <path>./fonts/</path>
         <kind>object</kind>
         <file>fontcm32b.obj</file>
         <name>fontcm32b.obj</name>
      </input_file>
      <input_file id="fl-2a">
         <path>./fonts/</path>
         <kind>object</kind>
         <file>fontcm32i.obj</file>
         <name>fontcm32i.obj</name>
      </input_file>
      <input_file id="fl-2b">
         <path>./fonts/</path>
         <kind>object</kind>
         <file>fontcm34.obj</file>
         <name>fontcm34.obj</name>
      </input_file>
      <input_file id="fl-2c">
         <path>./fonts/</path>
         <kind>object</kind>
         <file>fontcm34b.obj</file>
         <name>fontcm34b.obj</name>
      </input_file>
      <input_file id="fl-2d">
         <path>./fonts/</path>
         <kind>object</kind>
         <file>fontcm34i.obj</file>
         <name>fontcm34i.obj</name>
      </input_file>
      <input_file id="fl-2e">
         <path>./fonts/</path>
         <kind>object</kind>
         <file>fontcm36.obj</file>
         <name>fontcm36.obj</name>
      </input_file>
      <input_file id="fl-2f">
         <path>./fonts/</path>
         <kind>object</kind>
         <file>fontcm36b.obj</file>
         <name>fontcm36b.obj</name>
      </input_file>
      <input_file id="fl-30">
         <path>./fonts/</path>
         <kind>object</kind>
         <file>fontcm36i.obj</file>
         <name>fontcm36i.obj</name>
      </input_file>
      <input_file id="fl-31">
         <path>./fonts/</path>
         <kind>object</kind>
         <file>fontcm38.obj</file>
         <name>fontcm38.obj</name>
      </input_file>
      <input_file id="fl-32">
         <path>./fonts/</path>
         <kind>object</kind>
         <file>fontcm38b.obj</file>
         <name>fontcm38b.obj</name>
      </input_file>
      <input_file id="fl-33">
         <path>./fonts/</path>
         <kind>object</kind>
         <file>fontcm38i.obj</file>
         <name>fontcm38i.obj</name>
      </input_file>
      <input_file id="fl-34">
         <path>./fonts/</path>
         <kind>object</kind>
         <file>fontcm40.obj</file>
         <name>fontcm40.obj</name>
      </input_file>
      <input_file id="fl-35">
         <path>./fonts/</path>
         <kind>object</kind>
         <file>fontcm40b.obj</file>
         <name>fontcm40b.obj</name>
      </input_file>
      <input_file id="fl-36">
         <path>./fonts/</path>
         <kind>object</kind>
         <file>fontcm40i.obj</file>
         <name>fontcm40i.obj</name>
      </input_file>
      <input_file id="fl-37">
         <path>./fonts/</path>
         <kind>object</kind>
         <file>fontcm42.obj</file>
         <name>fontcm42.obj</name>
      </input_file>
      <input_file id="fl-38">
         <path>./fonts/</path>
         <kind>object</kind>
         <file>fontcm42b.obj</file>
         <name>fontcm42b.obj</name>
      </input_file>
      <input_file id="fl-39">
         <path>./fonts/</path>
         <kind>object</kind>
         <file>fontcm42i.obj</file>
         <name>fontcm42i.obj</name>
      </input_file>
      <input_file id="fl-3a">
         <path>./fonts/</path>
         <kind>object</kind>
         <file>fontcm44.obj</file>
         <name>fontcm44.obj</name>
      </input_file>
      <input_file id="fl-3b">
         <path>./fonts/</path>
         <kind>object</kind>
         <file>fontcm44b.obj</file>
         <name>fontcm44b.obj</name>
      </input_file>
      <input_file id="fl-3c">
         <path>./fonts/</path>
         <kind>object</kind>
         <file>fontcm44i.obj</file>
         <name>fontcm44i.obj</name>
      </input_file>
      <input_file id="fl-3d">
         <path>./fonts/</path>
         <kind>object</kind>
         <file>fontcm46.obj</file>
         <name>fontcm46.obj</name>
      </input_file>
      <input_file id="fl-3e">
         <path>./fonts/</path>
         <kind>object</kind>
         <file>fontcm46b.obj</file>
         <name>fontcm46b.obj</name>
      </input_file>
      <input_file id="fl-3f">
         <path>./fonts/</path>
         <kind>object</kind>
         <file>fontcm46i.obj</file>
         <name>fontcm46i.obj</name>
      </input_file>
      <input_file id="fl-40">
         <path>./fonts/</path>
         <kind>object</kind>
         <file>fontcm48.obj</file>
         <name>fontcm48.obj</name>
      </input_file>
      <input_file id="fl-41">
         <path>./fonts/</path>
         <kind>object</kind>
         <file>fontcm48b.obj</file>
         <name>fontcm48b.obj</name>
      </input_file>
      <input_file id="fl-42">
         <path>./fonts/</path>
         <kind>object</kind>
         <file>fontcm48i.obj</file>
         <name>fontcm48i.obj</name>
      </input_file>
      <input_file id="fl-43">
         <path>./fonts/</path>
         <kind>object</kind>
         <file>fontcmsc12.obj</file>
         <name>fontcmsc12.obj</name>
      </input_file>
      <input_file id="fl-44">
         <path>./fonts/</path>
         <kind>object</kind>
         <file>fontcmsc14.obj</file>
         <name>fontcmsc14.obj</name>
      </input_file>
      <input_file id="fl-45">
         <path>./fonts/</path>
         <kind>object</kind>
         <file>fontcmsc16.obj</file>
         <name>fontcmsc16.obj</name>
      </input_file>
      <input_file id="fl-46">
         <path>./fonts/</path>
         <kind>object</kind>
         <file>fontcmsc18.obj</file>
         <name>fontcmsc18.obj</name>
      </input_file>
      <input_file id="fl-47">
         <path>./fonts/</path>
         <kind>object</kind>
         <file>fontcmsc20.obj</file>
         <name>fontcmsc20.obj</name>
      </input_file>
      <input_file id="fl-48">
         <path>./fonts/</path>
         <kind>object</kind>
         <file>fontcmsc22.obj</file>
         <name>fontcmsc22.obj</name>
      </input_file>
      <input_file id="fl-49">
         <path>./fonts/</path>
         <kind>object</kind>
         <file>fontcmsc24.obj</file>
         <name>fontcmsc24.obj</name>
      </input_file>
      <input_file id="fl-4a">
         <path>./fonts/</path>
         <kind>object</kind>
         <file>fontcmsc26.obj</file>
         <name>fontcmsc26.obj</name>
      </input_file>
      <input_file id="fl-4b">
         <path>./fonts/</path>
         <kind>object</kind>
         <file>fontcmsc28.obj</file>
         <name>fontcmsc28.obj</name>
      </input_file>
      <input_file id="fl-4c">
         <path>./fonts/</path>
         <kind>object</kind>
         <file>fontcmsc30.obj</file>
         <name>fontcmsc30.obj</name>
      </input_file>
      <input_file id="fl-4d">
         <path>./fonts/</path>
         <kind>object</kind>
         <file>fontcmsc32.obj</file>
         <name>fontcmsc32.obj</name>
      </input_file>
      <input_file id="fl-4e">
         <path>./fonts/</path>
         <kind>object</kind>
         <file>fontcmsc34.obj</file>
         <name>fontcmsc34.obj</name>
      </input_file>
      <input_file id="fl-4f">
         <path>./fonts/</path>
         <kind>object</kind>
         <file>fontcmsc36.obj</file>
         <name>fontcmsc36.obj</name>
      </input_file>
      <input_file id="fl-50">
         <path>./fonts/</path>
         <kind>object</kind>
         <file>fontcmsc38.obj</file>
         <name>fontcmsc38.obj</name>
      </input_file>
      <input_file id="fl-51">
         <path>./fonts/</path>
         <kind>object</kind>
         <file>fontcmsc40.obj</file>
         <name>fontcmsc40.obj</name>
      </input_file>
      <input_file id="fl-52">
         <path>./fonts/</path>
         <kind>object</kind>
         <file>fontcmsc42.obj</file>
         <name>fontcmsc42.obj</name>
      </input_file>
      <input_file id="fl-53">
         <path>./fonts/</path>
         <kind>object</kind>
         <file>fontcmsc44.obj</file>
         <name>fontcmsc44.obj</name>
      </input_file>
      <input_file id="fl-54">
         <path>./fonts/</path>
         <kind>object</kind>
         <file>fontcmsc46.obj</file>
         <name>fontcmsc46.obj</name>
      </input_file>
      <input_file id="fl-55">
         <path>./fonts/</path>
         <kind>object</kind>
         <file>fontcmsc48.obj</file>
         <name>fontcmsc48.obj</name>
      </input_file>
      <input_file id="fl-56">
         <path>./fonts/</path>
         <kind>object</kind>
         <file>fontcmss12.obj</file>
         <name>fontcmss12.obj</name>
      </input_file>
      <input_file id="fl-57">
         <path>./fonts/</path>
         <kind>object</kind>
         <file>fontcmss12b.obj</file>
         <name>fontcmss12b.obj</name>
      </input_file>
      <input_file id="fl-58">
         <path>./fonts/</path>
         <kind>object</kind>
         <file>fontcmss12i.obj</file>
         <name>fontcmss12i.obj</name>
      </input_file>
      <input_file id="fl-59">
         <path>./fonts/</path>
         <kind>object</kind>
         <file>fontcmss14.obj</file>
         <name>fontcmss14.obj</name>
      </input_file>
      <input_file id="fl-5a">
         <path>./fonts/</path>
         <kind>object</kind>
         <file>fontcmss14b.obj</file>
         <name>fontcmss14b.obj</name>
      </input_file>
      <input_file id="fl-5b">
         <path>./fonts/</path>
         <kind>object</kind>
         <file>fontcmss14i.obj</file>
         <name>fontcmss14i.obj</name>
      </input_file>
      <input_file id="fl-5c">
         <path>./fonts/</path>
         <kind>object</kind>
         <file>fontcmss16.obj</file>
         <name>fontcmss16.obj</name>
      </input_file>
      <input_file id="fl-5d">
         <path>./fonts/</path>
         <kind>object</kind>
         <file>fontcmss16b.obj</file>
         <name>fontcmss16b.obj</name>
      </input_file>
      <input_file id="fl-5e">
         <path>./fonts/</path>
         <kind>object</kind>
         <file>fontcmss16i.obj</file>
         <name>fontcmss16i.obj</name>
      </input_file>
      <input_file id="fl-5f">
         <path>./fonts/</path>
         <kind>object</kind>
         <file>fontcmss18.obj</file>
         <name>fontcmss18.obj</name>
      </input_file>
      <input_file id="fl-60">
         <path>./fonts/</path>
         <kind>object</kind>
         <file>fontcmss18b.obj</file>
         <name>fontcmss18b.obj</name>
      </input_file>
      <input_file id="fl-61">
         <path>./fonts/</path>
         <kind>object</kind>
         <file>fontcmss18i.obj</file>
         <name>fontcmss18i.obj</name>
      </input_file>
      <input_file id="fl-62">
         <path>./fonts/</path>
         <kind>object</kind>
         <file>fontcmss20.obj</file>
         <name>fontcmss20.obj</name>
      </input_file>
      <input_file id="fl-63">
         <path>./fonts/</path>
         <kind>object</kind>
         <file>fontcmss20b.obj</file>
         <name>fontcmss20b.obj</name>
      </input_file>
      <input_file id="fl-64">
         <path>./fonts/</path>
         <kind>object</kind>
         <file>fontcmss20i.obj</file>
         <name>fontcmss20i.obj</name>
      </input_file>
      <input_file id="fl-65">
         <path>./fonts/</path>
         <kind>object</kind>
         <file>fontcmss22.obj</file>
         <name>fontcmss22.obj</name>
      </input_file>
      <input_file id="fl-66">
         <path>./fonts/</path>
         <kind>object</kind>
         <file>fontcmss22b.obj</file>
         <name>fontcmss22b.obj</name>
      </input_file>
      <input_file id="fl-67">
         <path>./fonts/</path>
         <kind>object</kind>
         <file>fontcmss22i.obj</file>
         <name>fontcmss22i.obj</name>
      </input_file>
      <input_file id="fl-68">
         <path>./fonts/</path>
         <kind>object</kind>
         <file>fontcmss24.obj</file>
         <name>fontcmss24.obj</name>
      </input_file>
      <input_file id="fl-69">
         <path>./fonts/</path>
         <kind>object</kind>
         <file>fontcmss24b.obj</file>
         <name>fontcmss24b.obj</name>
      </input_file>
      <input_file id="fl-6a">
         <path>./fonts/</path>
         <kind>object</kind>
         <file>fontcmss24i.obj</file>
         <name>fontcmss24i.obj</name>
      </input_file>
      <input_file id="fl-6b">
         <path>./fonts/</path>
         <kind>object</kind>
         <file>fontcmss26.obj</file>
         <name>fontcmss26.obj</name>
      </input_file>
      <input_file id="fl-6c">
         <path>./fonts/</path>
         <kind>object</kind>
         <file>fontcmss26b.obj</file>
         <name>fontcmss26b.obj</name>
      </input_file>
      <input_file id="fl-6d">
         <path>./fonts/</path>
         <kind>object</kind>
         <file>fontcmss26i.obj</file>
         <name>fontcmss26i.obj</name>
      </input_file>
      <input_file id="fl-6e">
         <path>./fonts/</path>
         <kind>object</kind>
         <file>fontcmss28.obj</file>
         <name>fontcmss28.obj</name>
      </input_file>
      <input_file id="fl-6f">
         <path>./fonts/</path>
         <kind>object</kind>
         <file>fontcmss28b.obj</file>
         <name>fontcmss28b.obj</name>
      </input_file>
      <input_file id="fl-70">
         <path>./fonts/</path>
         <kind>object</kind>
         <file>fontcmss28i.obj</file>
         <name>fontcmss28i.obj</name>
      </input_file>
      <input_file id="fl-71">
         <path>./fonts/</path>
         <kind>object</kind>
         <file>fontcmss30.obj</file>
         <name>fontcmss30.obj</name>
      </input_file>
      <input_file id="fl-72">
         <path>./fonts/</path>
         <kind>object</kind>
         <file>fontcmss30b.obj</file>
         <name>fontcmss30b.obj</name>
      </input_file>
      <input_file id="fl-73">
         <path>./fonts/</path>
         <kind>object</kind>
         <file>fontcmss30i.obj</file>
         <name>fontcmss30i.obj</name>
      </input_file>
      <input_file id="fl-74">
         <path>./fonts/</path>
         <kind>object</kind>
         <file>fontcmss32.obj</file>
         <name>fontcmss32.obj</name>
      </input_file>
      <input_file id="fl-75">
         <path>./fonts/</path>
         <kind>object</kind>
         <file>fontcmss32b.obj</file>
         <name>fontcmss32b.obj</name>
      </input_file>
      <input_file id="fl-76">
         <path>./fonts/</path>
         <kind>object</kind>
         <file>fontcmss32i.obj</file>
         <name>fontcmss32i.obj</name>
      </input_file>
      <input_file id="fl-77">
         <path>./fonts/</path>
         <kind>object</kind>
         <file>fontcmss34.obj</file>
         <name>fontcmss34.obj</name>
      </input_file>
      <input_file id="fl-78">
         <path>./fonts/</path>
         <kind>object</kind>
         <file>fontcmss34b.obj</file>
         <name>fontcmss34b.obj</name>
      </input_file>
      <input_file id="fl-79">
         <path>./fonts/</path>
         <kind>object</kind>
         <file>fontcmss34i.obj</file>
         <name>fontcmss34i.obj</name>
      </input_file>
      <input_file id="fl-7a">
         <path>./fonts/</path>
         <kind>object</kind>
         <file>fontcmss36.obj</file>
         <name>fontcmss36.obj</name>
      </input_file>
      <input_file id="fl-7b">
         <path>./fonts/</path>
         <kind>object</kind>
         <file>fontcmss36b.obj</file>
         <name>fontcmss36b.obj</name>
      </input_file>
      <input_file id="fl-7c">
         <path>./fonts/</path>
         <kind>object</kind>
         <file>fontcmss36i.obj</file>
         <name>fontcmss36i.obj</name>
      </input_file>
      <input_file id="fl-7d">
         <path>./fonts/</path>
         <kind>object</kind>
         <file>fontcmss38.obj</file>
         <name>fontcmss38.obj</name>
      </input_file>
      <input_file id="fl-7e">
         <path>./fonts/</path>
         <kind>object</kind>
         <file>fontcmss38b.obj</file>
         <name>fontcmss38b.obj</name>
      </input_file>
      <input_file id="fl-7f">
         <path>./fonts/</path>
         <kind>object</kind>
         <file>fontcmss38i.obj</file>
         <name>fontcmss38i.obj</name>
      </input_file>
      <input_file id="fl-80">
         <path>./fonts/</path>
         <kind>object</kind>
         <file>fontcmss40.obj</file>
         <name>fontcmss40.obj</name>
      </input_file>
      <input_file id="fl-81">
         <path>./fonts/</path>
         <kind>object</kind>
         <file>fontcmss40b.obj</file>
         <name>fontcmss40b.obj</name>
      </input_file>
      <input_file id="fl-82">
         <path>./fonts/</path>
         <kind>object</kind>
         <file>fontcmss40i.obj</file>
         <name>fontcmss40i.obj</name>
      </input_file>
      <input_file id="fl-83">
         <path>./fonts/</path>
         <kind>object</kind>
         <file>fontcmss42.obj</file>
         <name>fontcmss42.obj</name>
      </input_file>
      <input_file id="fl-84">
         <path>./fonts/</path>
         <kind>object</kind>
         <file>fontcmss42b.obj</file>
         <name>fontcmss42b.obj</name>
      </input_file>
      <input_file id="fl-85">
         <path>./fonts/</path>
         <kind>object</kind>
         <file>fontcmss42i.obj</file>
         <name>fontcmss42i.obj</name>
      </input_file>
      <input_file id="fl-86">
         <path>./fonts/</path>
         <kind>object</kind>
         <file>fontcmss44.obj</file>
         <name>fontcmss44.obj</name>
      </input_file>
      <input_file id="fl-87">
         <path>./fonts/</path>
         <kind>object</kind>
         <file>fontcmss44b.obj</file>
         <name>fontcmss44b.obj</name>
      </input_file>
      <input_file id="fl-88">
         <path>./fonts/</path>
         <kind>object</kind>
         <file>fontcmss44i.obj</file>
         <name>fontcmss44i.obj</name>
      </input_file>
      <input_file id="fl-89">
         <path>./fonts/</path>
         <kind>object</kind>
         <file>fontcmss46.obj</file>
         <name>fontcmss46.obj</name>
      </input_file>
      <input_file id="fl-8a">
         <path>./fonts/</path>
         <kind>object</kind>
         <file>fontcmss46b.obj</file>
         <name>fontcmss46b.obj</name>
      </input_file>
      <input_file id="fl-8b">
         <path>./fonts/</path>
         <kind>object</kind>
         <file>fontcmss46i.obj</file>
         <name>fontcmss46i.obj</name>
      </input_file>
      <input_file id="fl-8c">
         <path>./fonts/</path>
         <kind>object</kind>
         <file>fontcmss48.obj</file>
         <name>fontcmss48.obj</name>
      </input_file>
      <input_file id="fl-8d">
         <path>./fonts/</path>
         <kind>object</kind>
         <file>fontcmss48b.obj</file>
         <name>fontcmss48b.obj</name>
      </input_file>
      <input_file id="fl-8e">
         <path>./fonts/</path>
         <kind>object</kind>
         <file>fontcmss48i.obj</file>
         <name>fontcmss48i.obj</name>
      </input_file>
      <input_file id="fl-8f">
         <path>./fonts/</path>
         <kind>object</kind>
         <file>fontcmtt12.obj</file>
         <name>fontcmtt12.obj</name>
      </input_file>
      <input_file id="fl-90">
         <path>./fonts/</path>
         <kind>object</kind>
         <file>fontcmtt14.obj</file>
         <name>fontcmtt14.obj</name>
      </input_file>
      <input_file id="fl-91">
         <path>./fonts/</path>
         <kind>object</kind>
         <file>fontcmtt16.obj</file>
         <name>fontcmtt16.obj</name>
      </input_file>
      <input_file id="fl-92">
         <path>./fonts/</path>
         <kind>object</kind>
         <file>fontcmtt18.obj</file>
         <name>fontcmtt18.obj</name>
      </input_file>
      <input_file id="fl-93">
         <path>./fonts/</path>
         <kind>object</kind>
         <file>fontcmtt20.obj</file>
         <name>fontcmtt20.obj</name>
      </input_file>
      <input_file id="fl-94">
         <path>./fonts/</path>
         <kind>object</kind>
         <file>fontcmtt22.obj</file>
         <name>fontcmtt22.obj</name>
      </input_file>
      <input_file id="fl-95">
         <path>./fonts/</path>
         <kind>object</kind>
         <file>fontcmtt24.obj</file>
         <name>fontcmtt24.obj</name>
      </input_file>
      <input_file id="fl-96">
         <path>./fonts/</path>
         <kind>object</kind>
         <file>fontcmtt26.obj</file>
         <name>fontcmtt26.obj</name>
      </input_file>
      <input_file id="fl-97">
         <path>./fonts/</path>
         <kind>object</kind>
         <file>fontcmtt28.obj</file>
         <name>fontcmtt28.obj</name>
      </input_file>
      <input_file id="fl-98">
         <path>./fonts/</path>
         <kind>object</kind>
         <file>fontcmtt30.obj</file>
         <name>fontcmtt30.obj</name>
      </input_file>
      <input_file id="fl-99">
         <path>./fonts/</path>
         <kind>object</kind>
         <file>fontcmtt32.obj</file>
         <name>fontcmtt32.obj</name>
      </input_file>
      <input_file id="fl-9a">
         <path>./fonts/</path>
         <kind>object</kind>
         <file>fontcmtt34.obj</file>
         <name>fontcmtt34.obj</name>
      </input_file>
      <input_file id="fl-9b">
         <path>./fonts/</path>
         <kind>object</kind>
         <file>fontcmtt36.obj</file>
         <name>fontcmtt36.obj</name>
      </input_file>
      <input_file id="fl-9c">
         <path>./fonts/</path>
         <kind>object</kind>
         <file>fontcmtt38.obj</file>
         <name>fontcmtt38.obj</name>
      </input_file>
      <input_file id="fl-9d">
         <path>./fonts/</path>
         <kind>object</kind>
         <file>fontcmtt40.obj</file>
         <name>fontcmtt40.obj</name>
      </input_file>
      <input_file id="fl-9e">
         <path>./fonts/</path>
         <kind>object</kind>
         <file>fontcmtt42.obj</file>
         <name>fontcmtt42.obj</name>
      </input_file>
      <input_file id="fl-9f">
         <path>./fonts/</path>
         <kind>object</kind>
         <file>fontcmtt44.obj</file>
         <name>fontcmtt44.obj</name>
      </input_file>
      <input_file id="fl-a0">
         <path>./fonts/</path>
         <kind>object</kind>
         <file>fontcmtt46.obj</file>
         <name>fontcmtt46.obj</name>
      </input_file>
      <input_file id="fl-a1">
         <path>./fonts/</path>
         <kind>object</kind>
         <file>fontcmtt48.obj</file>
         <name>fontcmtt48.obj</name>
      </input_file>
      <input_file id="fl-a2">
         <path>./fonts/</path>
         <kind>object</kind>
         <file>fontfixed6x8.obj</file>
         <name>fontfixed6x8.obj</name>
      </input_file>
      <input_file id="fl-ab">
         <kind>object</kind>
         <file>&lt;internal&gt;</file>
         <name>&lt;internal&gt;</name>
      </input_file>
      <input_file id="fl-ac">
         <path>/Users/franmolinaca/ti/simplelink_msp432p4_sdk_1_50_00_12/source/ti/grlib/ccs/</path>
         <kind>archive</kind>
         <file>grlib.lib</file>
         <name>context.o</name>
      </input_file>
      <input_file id="fl-ad">
         <path>/Users/franmolinaca/ti/simplelink_msp432p4_sdk_1_50_00_12/source/ti/grlib/ccs/</path>
         <kind>archive</kind>
         <file>grlib.lib</file>
         <name>display.o</name>
      </input_file>
      <input_file id="fl-ae">
         <path>/Users/franmolinaca/ti/simplelink_msp432p4_sdk_1_50_00_12/source/ti/grlib/ccs/</path>
         <kind>archive</kind>
         <file>grlib.lib</file>
         <name>string.o</name>
      </input_file>
      <input_file id="fl-af">
         <path>/Users/franmolinaca/ti/simplelink_msp432p4_sdk_1_50_00_12/source/ti/grlib/ccs/</path>
         <kind>archive</kind>
         <file>grlib.lib</file>
         <name>line.o</name>
      </input_file>
      <input_file id="fl-b0">
         <path>/Users/franmolinaca/ti/simplelink_msp432p4_sdk_1_50_00_12/source/ti/devices/msp432p4xx/driverlib/ccs/</path>
         <kind>archive</kind>
         <file>msp432p4xx_driverlib.lib</file>
         <name>gpio_MSP432P4XX.obj</name>
      </input_file>
      <input_file id="fl-b1">
         <path>/Users/franmolinaca/ti/simplelink_msp432p4_sdk_1_50_00_12/source/ti/devices/msp432p4xx/driverlib/ccs/</path>
         <kind>archive</kind>
         <file>msp432p4xx_driverlib.lib</file>
         <name>i2c_MSP432P4XX.obj</name>
      </input_file>
      <input_file id="fl-b2">
         <path>/Users/franmolinaca/ti/simplelink_msp432p4_sdk_1_50_00_12/source/ti/devices/msp432p4xx/driverlib/ccs/</path>
         <kind>archive</kind>
         <file>msp432p4xx_driverlib.lib</file>
         <name>interrupt_MSP432P4XX.obj</name>
      </input_file>
      <input_file id="fl-b3">
         <path>/Users/franmolinaca/ti/simplelink_msp432p4_sdk_1_50_00_12/source/ti/devices/msp432p4xx/driverlib/ccs/</path>
         <kind>archive</kind>
         <file>msp432p4xx_driverlib.lib</file>
         <name>spi_MSP432P4XX.obj</name>
      </input_file>
      <input_file id="fl-b4">
         <path>/Users/franmolinaca/ti/simplelink_msp432p4_sdk_1_50_00_12/source/ti/devices/msp432p4xx/driverlib/ccs/</path>
         <kind>archive</kind>
         <file>msp432p4xx_driverlib.lib</file>
         <name>cpu_MSP432P4XX.obj</name>
      </input_file>
      <input_file id="fl-16a">
         <path>/Applications/ti/ccsv7/tools/compiler/ti-cgt-arm_16.9.3.LTS/lib/</path>
         <kind>archive</kind>
         <file>rtsv7M4_T_le_v4SPD16_eabi.lib</file>
         <name>boot.obj</name>
      </input_file>
      <input_file id="fl-16b">
         <path>/Applications/ti/ccsv7/tools/compiler/ti-cgt-arm_16.9.3.LTS/lib/</path>
         <kind>archive</kind>
         <file>rtsv7M4_T_le_v4SPD16_eabi.lib</file>
         <name>copy_decompress_lzss.obj</name>
      </input_file>
      <input_file id="fl-16c">
         <path>/Applications/ti/ccsv7/tools/compiler/ti-cgt-arm_16.9.3.LTS/lib/</path>
         <kind>archive</kind>
         <file>rtsv7M4_T_le_v4SPD16_eabi.lib</file>
         <name>copy_decompress_none.obj</name>
      </input_file>
      <input_file id="fl-16d">
         <path>/Applications/ti/ccsv7/tools/compiler/ti-cgt-arm_16.9.3.LTS/lib/</path>
         <kind>archive</kind>
         <file>rtsv7M4_T_le_v4SPD16_eabi.lib</file>
         <name>copy_zero_init.obj</name>
      </input_file>
      <input_file id="fl-16e">
         <path>/Applications/ti/ccsv7/tools/compiler/ti-cgt-arm_16.9.3.LTS/lib/</path>
         <kind>archive</kind>
         <file>rtsv7M4_T_le_v4SPD16_eabi.lib</file>
         <name>exit.obj</name>
      </input_file>
      <input_file id="fl-16f">
         <path>/Applications/ti/ccsv7/tools/compiler/ti-cgt-arm_16.9.3.LTS/lib/</path>
         <kind>archive</kind>
         <file>rtsv7M4_T_le_v4SPD16_eabi.lib</file>
         <name>fs_tod_t2.obj</name>
      </input_file>
      <input_file id="fl-170">
         <path>/Applications/ti/ccsv7/tools/compiler/ti-cgt-arm_16.9.3.LTS/lib/</path>
         <kind>archive</kind>
         <file>rtsv7M4_T_le_v4SPD16_eabi.lib</file>
         <name>memcpy_t2.obj</name>
      </input_file>
      <input_file id="fl-171">
         <path>/Applications/ti/ccsv7/tools/compiler/ti-cgt-arm_16.9.3.LTS/lib/</path>
         <kind>archive</kind>
         <file>rtsv7M4_T_le_v4SPD16_eabi.lib</file>
         <name>memset_t2.obj</name>
      </input_file>
      <input_file id="fl-172">
         <path>/Applications/ti/ccsv7/tools/compiler/ti-cgt-arm_16.9.3.LTS/lib/</path>
         <kind>archive</kind>
         <file>rtsv7M4_T_le_v4SPD16_eabi.lib</file>
         <name>mpu_init.obj</name>
      </input_file>
      <input_file id="fl-173">
         <path>/Applications/ti/ccsv7/tools/compiler/ti-cgt-arm_16.9.3.LTS/lib/</path>
         <kind>archive</kind>
         <file>rtsv7M4_T_le_v4SPD16_eabi.lib</file>
         <name>pre_init.obj</name>
      </input_file>
      <input_file id="fl-174">
         <path>/Applications/ti/ccsv7/tools/compiler/ti-cgt-arm_16.9.3.LTS/lib/</path>
         <kind>archive</kind>
         <file>rtsv7M4_T_le_v4SPD16_eabi.lib</file>
         <name>sprintf.obj</name>
      </input_file>
      <input_file id="fl-175">
         <path>/Applications/ti/ccsv7/tools/compiler/ti-cgt-arm_16.9.3.LTS/lib/</path>
         <kind>archive</kind>
         <file>rtsv7M4_T_le_v4SPD16_eabi.lib</file>
         <name>stkdepth_vars.obj</name>
      </input_file>
      <input_file id="fl-176">
         <path>/Applications/ti/ccsv7/tools/compiler/ti-cgt-arm_16.9.3.LTS/lib/</path>
         <kind>archive</kind>
         <file>rtsv7M4_T_le_v4SPD16_eabi.lib</file>
         <name>_lock.obj</name>
      </input_file>
      <input_file id="fl-177">
         <path>/Applications/ti/ccsv7/tools/compiler/ti-cgt-arm_16.9.3.LTS/lib/</path>
         <kind>archive</kind>
         <file>rtsv7M4_T_le_v4SPD16_eabi.lib</file>
         <name>_printfi.obj</name>
      </input_file>
      <input_file id="fl-178">
         <path>/Applications/ti/ccsv7/tools/compiler/ti-cgt-arm_16.9.3.LTS/lib/</path>
         <kind>archive</kind>
         <file>rtsv7M4_T_le_v4SPD16_eabi.lib</file>
         <name>args_main.obj</name>
      </input_file>
      <input_file id="fl-179">
         <path>/Applications/ti/ccsv7/tools/compiler/ti-cgt-arm_16.9.3.LTS/lib/</path>
         <kind>archive</kind>
         <file>rtsv7M4_T_le_v4SPD16_eabi.lib</file>
         <name>atoi.obj</name>
      </input_file>
      <input_file id="fl-17a">
         <path>/Applications/ti/ccsv7/tools/compiler/ti-cgt-arm_16.9.3.LTS/lib/</path>
         <kind>archive</kind>
         <file>rtsv7M4_T_le_v4SPD16_eabi.lib</file>
         <name>autoinit.obj</name>
      </input_file>
      <input_file id="fl-17b">
         <path>/Applications/ti/ccsv7/tools/compiler/ti-cgt-arm_16.9.3.LTS/lib/</path>
         <kind>archive</kind>
         <file>rtsv7M4_T_le_v4SPD16_eabi.lib</file>
         <name>cpy_tbl.obj</name>
      </input_file>
      <input_file id="fl-17c">
         <path>/Applications/ti/ccsv7/tools/compiler/ti-cgt-arm_16.9.3.LTS/lib/</path>
         <kind>archive</kind>
         <file>rtsv7M4_T_le_v4SPD16_eabi.lib</file>
         <name>ctype.obj</name>
      </input_file>
      <input_file id="fl-17d">
         <path>/Applications/ti/ccsv7/tools/compiler/ti-cgt-arm_16.9.3.LTS/lib/</path>
         <kind>archive</kind>
         <file>rtsv7M4_T_le_v4SPD16_eabi.lib</file>
         <name>fd_add_t2.obj</name>
      </input_file>
      <input_file id="fl-17e">
         <path>/Applications/ti/ccsv7/tools/compiler/ti-cgt-arm_16.9.3.LTS/lib/</path>
         <kind>archive</kind>
         <file>rtsv7M4_T_le_v4SPD16_eabi.lib</file>
         <name>fd_cmp_t2.obj</name>
      </input_file>
      <input_file id="fl-17f">
         <path>/Applications/ti/ccsv7/tools/compiler/ti-cgt-arm_16.9.3.LTS/lib/</path>
         <kind>archive</kind>
         <file>rtsv7M4_T_le_v4SPD16_eabi.lib</file>
         <name>fd_div_t2.obj</name>
      </input_file>
      <input_file id="fl-180">
         <path>/Applications/ti/ccsv7/tools/compiler/ti-cgt-arm_16.9.3.LTS/lib/</path>
         <kind>archive</kind>
         <file>rtsv7M4_T_le_v4SPD16_eabi.lib</file>
         <name>fd_mul_t2.obj</name>
      </input_file>
      <input_file id="fl-181">
         <path>/Applications/ti/ccsv7/tools/compiler/ti-cgt-arm_16.9.3.LTS/lib/</path>
         <kind>archive</kind>
         <file>rtsv7M4_T_le_v4SPD16_eabi.lib</file>
         <name>fd_toi_t2.obj</name>
      </input_file>
      <input_file id="fl-182">
         <path>/Applications/ti/ccsv7/tools/compiler/ti-cgt-arm_16.9.3.LTS/lib/</path>
         <kind>archive</kind>
         <file>rtsv7M4_T_le_v4SPD16_eabi.lib</file>
         <name>i_tofd_t2.obj</name>
      </input_file>
      <input_file id="fl-183">
         <path>/Applications/ti/ccsv7/tools/compiler/ti-cgt-arm_16.9.3.LTS/lib/</path>
         <kind>archive</kind>
         <file>rtsv7M4_T_le_v4SPD16_eabi.lib</file>
         <name>ltoa.obj</name>
      </input_file>
      <input_file id="fl-184">
         <path>/Applications/ti/ccsv7/tools/compiler/ti-cgt-arm_16.9.3.LTS/lib/</path>
         <kind>archive</kind>
         <file>rtsv7M4_T_le_v4SPD16_eabi.lib</file>
         <name>memccpy.obj</name>
      </input_file>
      <input_file id="fl-185">
         <path>/Applications/ti/ccsv7/tools/compiler/ti-cgt-arm_16.9.3.LTS/lib/</path>
         <kind>archive</kind>
         <file>rtsv7M4_T_le_v4SPD16_eabi.lib</file>
         <name>s_frexp.obj</name>
      </input_file>
      <input_file id="fl-186">
         <path>/Applications/ti/ccsv7/tools/compiler/ti-cgt-arm_16.9.3.LTS/lib/</path>
         <kind>archive</kind>
         <file>rtsv7M4_T_le_v4SPD16_eabi.lib</file>
         <name>s_scalbn.obj</name>
      </input_file>
      <input_file id="fl-187">
         <path>/Applications/ti/ccsv7/tools/compiler/ti-cgt-arm_16.9.3.LTS/lib/</path>
         <kind>archive</kind>
         <file>rtsv7M4_T_le_v4SPD16_eabi.lib</file>
         <name>startup.obj</name>
      </input_file>
      <input_file id="fl-188">
         <path>/Applications/ti/ccsv7/tools/compiler/ti-cgt-arm_16.9.3.LTS/lib/</path>
         <kind>archive</kind>
         <file>rtsv7M4_T_le_v4SPD16_eabi.lib</file>
         <name>strchr.obj</name>
      </input_file>
      <input_file id="fl-189">
         <path>/Applications/ti/ccsv7/tools/compiler/ti-cgt-arm_16.9.3.LTS/lib/</path>
         <kind>archive</kind>
         <file>rtsv7M4_T_le_v4SPD16_eabi.lib</file>
         <name>strlen.obj</name>
      </input_file>
      <input_file id="fl-18a">
         <path>/Applications/ti/ccsv7/tools/compiler/ti-cgt-arm_16.9.3.LTS/lib/</path>
         <kind>archive</kind>
         <file>rtsv7M4_T_le_v4SPD16_eabi.lib</file>
         <name>ull_div_t2.obj</name>
      </input_file>
      <input_file id="fl-18b">
         <path>/Applications/ti/ccsv7/tools/compiler/ti-cgt-arm_16.9.3.LTS/lib/</path>
         <kind>archive</kind>
         <file>rtsv7M4_T_le_v4SPD16_eabi.lib</file>
         <name>errno.obj</name>
      </input_file>
      <input_file id="fl-18c">
         <path>/Applications/ti/ccsv7/tools/compiler/ti-cgt-arm_16.9.3.LTS/lib/</path>
         <kind>archive</kind>
         <file>rtsv7M4_T_le_v4SPD16_eabi.lib</file>
         <name>s_copysign.obj</name>
      </input_file>
   </input_file_list>
   <object_component_list>
      <object_component id="oc-2d">
         <name>.intvecs:retain</name>
         <load_address>0x0</load_address>
         <run_address>0x0</run_address>
         <size>0xe4</size>
         <input_file_ref idref="fl-9"/>
      </object_component>
      <object_component id="oc-35d">
         <name>.text</name>
         <load_address>0xe4</load_address>
         <run_address>0xe4</run_address>
         <size>0x113e</size>
         <input_file_ref idref="fl-177"/>
      </object_component>
      <object_component id="oc-1e4">
         <name>.text:Graphics_drawString</name>
         <load_address>0x1222</load_address>
         <run_address>0x1222</run_address>
         <size>0x2d0</size>
         <input_file_ref idref="fl-ae"/>
      </object_component>
      <object_component id="oc-82">
         <name>.text:Default_Handler</name>
         <load_address>0x14f2</load_address>
         <run_address>0x14f2</run_address>
         <size>0x2</size>
         <input_file_ref idref="fl-9"/>
      </object_component>
      <object_component id="oc-11f">
         <name>.text:_Z16configEverythingv</name>
         <load_address>0x14f4</load_address>
         <run_address>0x14f4</run_address>
         <size>0x278</size>
         <input_file_ref idref="fl-5"/>
      </object_component>
      <object_component id="oc-3e6">
         <name>.text</name>
         <load_address>0x176c</load_address>
         <run_address>0x176c</run_address>
         <size>0x1f4</size>
         <input_file_ref idref="fl-18a"/>
      </object_component>
      <object_component id="oc-cf">
         <name>.text:main</name>
         <load_address>0x1960</load_address>
         <run_address>0x1960</run_address>
         <size>0x1e4</size>
         <input_file_ref idref="fl-5"/>
      </object_component>
      <object_component id="oc-2cb">
         <name>.text:Crystalfontz128x128_PixelDrawMultiple</name>
         <load_address>0x1b44</load_address>
         <run_address>0x1b44</run_address>
         <size>0x1d8</size>
         <input_file_ref idref="fl-7"/>
      </object_component>
      <object_component id="oc-415">
         <name>.text</name>
         <load_address>0x1d1c</load_address>
         <run_address>0x1d1c</run_address>
         <size>0x1b6</size>
         <input_file_ref idref="fl-17d"/>
      </object_component>
      <object_component id="oc-54">
         <name>.text</name>
         <load_address>0x1ed2</load_address>
         <run_address>0x1ed2</run_address>
         <size>0x2</size>
         <input_file_ref idref="fl-172"/>
      </object_component>
      <object_component id="oc-8e">
         <name>.text:TA2_0_IRQHandler</name>
         <load_address>0x1ed4</load_address>
         <run_address>0x1ed4</run_address>
         <size>0x170</size>
         <input_file_ref idref="fl-5"/>
      </object_component>
      <object_component id="oc-a0">
         <name>.text:PORT1_IRQHandler</name>
         <load_address>0x2044</load_address>
         <run_address>0x2044</run_address>
         <size>0x150</size>
         <input_file_ref idref="fl-5"/>
      </object_component>
      <object_component id="oc-131">
         <name>.text:_Z7printONv</name>
         <load_address>0x2194</load_address>
         <run_address>0x2194</run_address>
         <size>0x148</size>
         <input_file_ref idref="fl-5"/>
      </object_component>
      <object_component id="oc-3fb">
         <name>.text</name>
         <load_address>0x22dc</load_address>
         <run_address>0x22dc</run_address>
         <size>0x136</size>
         <input_file_ref idref="fl-17f"/>
      </object_component>
      <object_component id="oc-c7">
         <name>.text</name>
         <load_address>0x2412</load_address>
         <run_address>0x2412</run_address>
         <size>0x2</size>
         <input_file_ref idref="fl-187"/>
      </object_component>
      <object_component id="oc-275">
         <name>.text:Crystalfontz128x128_SetDrawFrame</name>
         <load_address>0x2414</load_address>
         <run_address>0x2414</run_address>
         <size>0x134</size>
         <input_file_ref idref="fl-7"/>
      </object_component>
      <object_component id="oc-171">
         <name>.text:Crystalfontz128x128_Init</name>
         <load_address>0x2548</load_address>
         <run_address>0x2548</run_address>
         <size>0x12c</size>
         <input_file_ref idref="fl-7"/>
      </object_component>
      <object_component id="oc-137">
         <name>.text:_Z8printOFFv</name>
         <load_address>0x2674</load_address>
         <run_address>0x2674</run_address>
         <size>0xfc</size>
         <input_file_ref idref="fl-5"/>
      </object_component>
      <object_component id="oc-3f6">
         <name>.text</name>
         <load_address>0x2770</load_address>
         <run_address>0x2770</run_address>
         <size>0xfc</size>
         <input_file_ref idref="fl-180"/>
      </object_component>
      <object_component id="oc-420">
         <name>.text</name>
         <load_address>0x286c</load_address>
         <run_address>0x286c</run_address>
         <size>0xfc</size>
         <input_file_ref idref="fl-186"/>
      </object_component>
      <object_component id="oc-100">
         <name>.text:_Z7blinkssv</name>
         <load_address>0x2968</load_address>
         <run_address>0x2968</run_address>
         <size>0xdc</size>
         <input_file_ref idref="fl-5"/>
      </object_component>
      <object_component id="oc-125">
         <name>.text:OPT3001_getLux</name>
         <load_address>0x2a44</load_address>
         <run_address>0x2a44</run_address>
         <size>0xd8</size>
         <input_file_ref idref="fl-3"/>
      </object_component>
      <object_component id="oc-2dd">
         <name>.text:Crystalfontz128x128_RectFill</name>
         <load_address>0x2b1c</load_address>
         <run_address>0x2b1c</run_address>
         <size>0x9c</size>
         <input_file_ref idref="fl-7"/>
      </object_component>
      <object_component id="oc-3c">
         <name>.text</name>
         <load_address>0x2bb8</load_address>
         <run_address>0x2bb8</run_address>
         <size>0x9c</size>
         <input_file_ref idref="fl-170"/>
      </object_component>
      <object_component id="oc-1d2">
         <name>.text:I2C_read16</name>
         <load_address>0x2c54</load_address>
         <run_address>0x2c54</run_address>
         <size>0x8c</size>
         <input_file_ref idref="fl-2"/>
      </object_component>
      <object_component id="oc-3f1">
         <name>.text:__aeabi_cdcmple</name>
         <load_address>0x2ce0</load_address>
         <run_address>0x2ce0</run_address>
         <size>0x86</size>
         <input_file_ref idref="fl-17e"/>
      </object_component>
      <object_component id="oc-400">
         <name>.text:__aeabi_cdrcmple</name>
         <load_address>0x2d66</load_address>
         <run_address>0x2d66</run_address>
         <size>0x86</size>
         <input_file_ref idref="fl-17e"/>
      </object_component>
      <object_component id="oc-374">
         <name>.text:SPI_initMaster</name>
         <load_address>0x2dec</load_address>
         <run_address>0x2dec</run_address>
         <size>0x7c</size>
         <input_file_ref idref="fl-b3"/>
      </object_component>
      <object_component id="oc-48">
         <name>.text</name>
         <load_address>0x2e68</load_address>
         <run_address>0x2e68</run_address>
         <size>0x7a</size>
         <input_file_ref idref="fl-171"/>
      </object_component>
      <object_component id="oc-e9">
         <name>.text:SystemInit</name>
         <load_address>0x2ee4</load_address>
         <run_address>0x2ee4</run_address>
         <size>0x78</size>
         <input_file_ref idref="fl-6"/>
      </object_component>
      <object_component id="oc-88">
         <name>.text:TA1_0_IRQHandler</name>
         <load_address>0x2f5c</load_address>
         <run_address>0x2f5c</run_address>
         <size>0x70</size>
         <input_file_ref idref="fl-5"/>
      </object_component>
      <object_component id="oc-60">
         <name>.text</name>
         <load_address>0x2fcc</load_address>
         <run_address>0x2fcc</run_address>
         <size>0x70</size>
         <input_file_ref idref="fl-17a"/>
      </object_component>
      <object_component id="oc-1de">
         <name>.text:Graphics_getStringWidth</name>
         <load_address>0x303c</load_address>
         <run_address>0x303c</run_address>
         <size>0x68</size>
         <input_file_ref idref="fl-ae"/>
      </object_component>
      <object_component id="oc-14">
         <name>.text:decompress:lzss</name>
         <load_address>0x30a4</load_address>
         <run_address>0x30a4</run_address>
         <size>0x68</size>
         <input_file_ref idref="fl-16b"/>
      </object_component>
      <object_component id="oc-41a">
         <name>.text</name>
         <load_address>0x310c</load_address>
         <run_address>0x310c</run_address>
         <size>0x64</size>
         <input_file_ref idref="fl-185"/>
      </object_component>
      <object_component id="oc-2d1">
         <name>.text:Crystalfontz128x128_LineDrawH</name>
         <load_address>0x3170</load_address>
         <run_address>0x3170</run_address>
         <size>0x60</size>
         <input_file_ref idref="fl-7"/>
      </object_component>
      <object_component id="oc-2d7">
         <name>.text:Crystalfontz128x128_LineDrawV</name>
         <load_address>0x31d0</load_address>
         <run_address>0x31d0</run_address>
         <size>0x60</size>
         <input_file_ref idref="fl-7"/>
      </object_component>
      <object_component id="oc-1ec">
         <name>.text</name>
         <load_address>0x3230</load_address>
         <run_address>0x3230</run_address>
         <size>0x60</size>
         <input_file_ref idref="fl-174"/>
      </object_component>
      <object_component id="oc-177">
         <name>.text:Crystalfontz128x128_SetOrientation</name>
         <load_address>0x3290</load_address>
         <run_address>0x3290</run_address>
         <size>0x54</size>
         <input_file_ref idref="fl-7"/>
      </object_component>
      <object_component id="oc-3b0">
         <name>.text:I2C_masterSendMultiByteFinish</name>
         <load_address>0x32e4</load_address>
         <run_address>0x32e4</run_address>
         <size>0x54</size>
         <input_file_ref idref="fl-b1"/>
      </object_component>
      <object_component id="oc-26">
         <name>.text</name>
         <load_address>0x3338</load_address>
         <run_address>0x3338</run_address>
         <size>0x54</size>
         <input_file_ref idref="fl-16a"/>
      </object_component>
      <object_component id="oc-6c">
         <name>.text</name>
         <load_address>0x338c</load_address>
         <run_address>0x338c</run_address>
         <size>0x54</size>
         <input_file_ref idref="fl-16e"/>
      </object_component>
      <object_component id="oc-40a">
         <name>.text</name>
         <load_address>0x33e0</load_address>
         <run_address>0x33e0</run_address>
         <size>0x54</size>
         <input_file_ref idref="fl-183"/>
      </object_component>
      <object_component id="oc-298">
         <name>.text:GPIO_setAsPeripheralModuleFunctionOutputPin</name>
         <load_address>0x3434</load_address>
         <run_address>0x3434</run_address>
         <size>0x4c</size>
         <input_file_ref idref="fl-b0"/>
      </object_component>
      <object_component id="oc-42c">
         <name>.text</name>
         <load_address>0x3480</load_address>
         <run_address>0x3480</run_address>
         <size>0x4c</size>
         <input_file_ref idref="fl-179"/>
      </object_component>
      <object_component id="oc-c1">
         <name>.text</name>
         <load_address>0x34cc</load_address>
         <run_address>0x34cc</run_address>
         <size>0x4c</size>
         <input_file_ref idref="fl-17b"/>
      </object_component>
      <object_component id="oc-349">
         <name>.text:Graphics_drawLineH</name>
         <load_address>0x3518</load_address>
         <run_address>0x3518</run_address>
         <size>0x4a</size>
         <input_file_ref idref="fl-af"/>
      </object_component>
      <object_component id="oc-2b5">
         <name>.text:I2C_write16</name>
         <load_address>0x3564</load_address>
         <run_address>0x3564</run_address>
         <size>0x48</size>
         <input_file_ref idref="fl-2"/>
      </object_component>
      <object_component id="oc-1ad">
         <name>.text:_Z18__NVIC_SetPriority4IRQnj</name>
         <load_address>0x35ac</load_address>
         <run_address>0x35ac</run_address>
         <size>0x48</size>
         <input_file_ref idref="fl-5"/>
      </object_component>
      <object_component id="oc-405">
         <name>.text</name>
         <load_address>0x35f4</load_address>
         <run_address>0x35f4</run_address>
         <size>0x48</size>
         <input_file_ref idref="fl-181"/>
      </object_component>
      <object_component id="oc-2c5">
         <name>.text:Crystalfontz128x128_PixelDraw</name>
         <load_address>0x363c</load_address>
         <run_address>0x363c</run_address>
         <size>0x40</size>
         <input_file_ref idref="fl-7"/>
      </object_component>
      <object_component id="oc-257">
         <name>.text:HAL_LCD_SpiInit</name>
         <load_address>0x367c</load_address>
         <run_address>0x367c</run_address>
         <size>0x40</size>
         <input_file_ref idref="fl-8"/>
      </object_component>
      <object_component id="oc-31c">
         <name>.text:I2C_masterSendMultiByteStart</name>
         <load_address>0x36bc</load_address>
         <run_address>0x36bc</run_address>
         <size>0x40</size>
         <input_file_ref idref="fl-b1"/>
      </object_component>
      <object_component id="oc-29f">
         <name>.text:I2C_initMaster</name>
         <load_address>0x36fc</load_address>
         <run_address>0x36fc</run_address>
         <size>0x3e</size>
         <input_file_ref idref="fl-b1"/>
      </object_component>
      <object_component id="oc-12b">
         <name>.text:Graphics_drawStringCentered</name>
         <load_address>0x373a</load_address>
         <run_address>0x373a</run_address>
         <size>0x38</size>
         <input_file_ref idref="fl-ae"/>
      </object_component>
      <object_component id="oc-269">
         <name>.text:HAL_LCD_writeCommand</name>
         <load_address>0x3774</load_address>
         <run_address>0x3774</run_address>
         <size>0x38</size>
         <input_file_ref idref="fl-8"/>
      </object_component>
      <object_component id="oc-1f2">
         <name>.text</name>
         <load_address>0x37ac</load_address>
         <run_address>0x37ac</run_address>
         <size>0x38</size>
         <input_file_ref idref="fl-16f"/>
      </object_component>
      <object_component id="oc-251">
         <name>.text:HAL_LCD_PortInit</name>
         <load_address>0x37e4</load_address>
         <run_address>0x37e4</run_address>
         <size>0x30</size>
         <input_file_ref idref="fl-8"/>
      </object_component>
      <object_component id="oc-33a">
         <name>.text:I2C_masterReceiveMultiByteFinish</name>
         <load_address>0x3814</load_address>
         <run_address>0x3814</run_address>
         <size>0x30</size>
         <input_file_ref idref="fl-b1"/>
      </object_component>
      <object_component id="oc-328">
         <name>.text:I2C_masterSendMultiByteStop</name>
         <load_address>0x3844</load_address>
         <run_address>0x3844</run_address>
         <size>0x30</size>
         <input_file_ref idref="fl-b1"/>
      </object_component>
      <object_component id="oc-9a">
         <name>.text:T32_INT1_IRQHandler</name>
         <load_address>0x3874</load_address>
         <run_address>0x3874</run_address>
         <size>0x30</size>
         <input_file_ref idref="fl-5"/>
      </object_component>
      <object_component id="oc-1b3">
         <name>.text:_Z16__NVIC_EnableIRQ4IRQn</name>
         <load_address>0x38a4</load_address>
         <run_address>0x38a4</run_address>
         <size>0x30</size>
         <input_file_ref idref="fl-5"/>
      </object_component>
      <object_component id="oc-44e">
         <name>.text:is_A_Module</name>
         <load_address>0x38d4</load_address>
         <run_address>0x38d4</run_address>
         <size>0x30</size>
         <input_file_ref idref="fl-b3"/>
      </object_component>
      <object_component id="oc-410">
         <name>.text</name>
         <load_address>0x3904</load_address>
         <run_address>0x3904</run_address>
         <size>0x2e</size>
         <input_file_ref idref="fl-182"/>
      </object_component>
      <object_component id="oc-2ef">
         <name>.text:Crystalfontz128x128_ClearScreen</name>
         <load_address>0x3934</load_address>
         <run_address>0x3934</run_address>
         <size>0x2c</size>
         <input_file_ref idref="fl-7"/>
      </object_component>
      <object_component id="oc-26f">
         <name>.text:HAL_LCD_writeData</name>
         <load_address>0x3960</load_address>
         <run_address>0x3960</run_address>
         <size>0x2c</size>
         <input_file_ref idref="fl-8"/>
      </object_component>
      <object_component id="oc-2e3">
         <name>.text:Crystalfontz128x128_ColorTranslate</name>
         <load_address>0x398c</load_address>
         <run_address>0x398c</run_address>
         <size>0x28</size>
         <input_file_ref idref="fl-7"/>
      </object_component>
      <object_component id="oc-36d">
         <name>.text:GPIO_setAsOutputPin</name>
         <load_address>0x39b4</load_address>
         <run_address>0x39b4</run_address>
         <size>0x24</size>
         <input_file_ref idref="fl-b0"/>
      </object_component>
      <object_component id="oc-3aa">
         <name>.text:I2C_masterSendMultiByteNext</name>
         <load_address>0x39d8</load_address>
         <run_address>0x39d8</run_address>
         <size>0x24</size>
         <input_file_ref idref="fl-b1"/>
      </object_component>
      <object_component id="oc-17d">
         <name>.text:Graphics_initContext</name>
         <load_address>0x39fc</load_address>
         <run_address>0x39fc</run_address>
         <size>0x22</size>
         <input_file_ref idref="fl-ac"/>
      </object_component>
      <object_component id="oc-94">
         <name>.text:ADC14_IRQHandler</name>
         <load_address>0x3a20</load_address>
         <run_address>0x3a20</run_address>
         <size>0x20</size>
         <input_file_ref idref="fl-5"/>
      </object_component>
      <object_component id="oc-1a1">
         <name>.text:I2C_init</name>
         <load_address>0x3a40</load_address>
         <run_address>0x3a40</run_address>
         <size>0x20</size>
         <input_file_ref idref="fl-2"/>
      </object_component>
      <object_component id="oc-1cc">
         <name>.text:I2C_setslave</name>
         <load_address>0x3a60</load_address>
         <run_address>0x3a60</run_address>
         <size>0x1c</size>
         <input_file_ref idref="fl-2"/>
      </object_component>
      <object_component id="oc-432">
         <name>.text</name>
         <load_address>0x3a7c</load_address>
         <run_address>0x3a7c</run_address>
         <size>0x1c</size>
         <input_file_ref idref="fl-184"/>
      </object_component>
      <object_component id="oc-343">
         <name>.text:Graphics_getNumberOfLeadingZeros</name>
         <load_address>0x3a98</load_address>
         <run_address>0x3a98</run_address>
         <size>0x1a</size>
         <input_file_ref idref="fl-ae"/>
      </object_component>
      <object_component id="oc-37a">
         <name>.text:SPI_enableModule</name>
         <load_address>0x3ab2</load_address>
         <run_address>0x3ab2</run_address>
         <size>0x1a</size>
         <input_file_ref idref="fl-b3"/>
      </object_component>
      <object_component id="oc-25d">
         <name>.text:GPIO_setOutputLowOnPin</name>
         <load_address>0x3acc</load_address>
         <run_address>0x3acc</run_address>
         <size>0x18</size>
         <input_file_ref idref="fl-b0"/>
      </object_component>
      <object_component id="oc-19b">
         <name>.text:Init_I2C_GPIO</name>
         <load_address>0x3ae4</load_address>
         <run_address>0x3ae4</run_address>
         <size>0x18</size>
         <input_file_ref idref="fl-2"/>
      </object_component>
      <object_component id="oc-66">
         <name>.text</name>
         <load_address>0x3afc</load_address>
         <run_address>0x3afc</run_address>
         <size>0x18</size>
         <input_file_ref idref="fl-178"/>
      </object_component>
      <object_component id="oc-3dd">
         <name>.text:Graphics_drawHorizontalLineOnDisplay</name>
         <load_address>0x3b14</load_address>
         <run_address>0x3b14</run_address>
         <size>0x16</size>
         <input_file_ref idref="fl-ad"/>
      </object_component>
      <object_component id="oc-426">
         <name>.text</name>
         <load_address>0x3b2a</load_address>
         <run_address>0x3b2a</run_address>
         <size>0x16</size>
         <input_file_ref idref="fl-188"/>
      </object_component>
      <object_component id="oc-263">
         <name>.text:GPIO_setOutputHighOnPin</name>
         <load_address>0x3b40</load_address>
         <run_address>0x3b40</run_address>
         <size>0x14</size>
         <input_file_ref idref="fl-b0"/>
      </object_component>
      <object_component id="oc-316">
         <name>.text:I2C_isBusBusy</name>
         <load_address>0x3b54</load_address>
         <run_address>0x3b54</run_address>
         <size>0x14</size>
         <input_file_ref idref="fl-b1"/>
      </object_component>
      <object_component id="oc-1a7">
         <name>.text:OPT3001_init</name>
         <load_address>0x3b68</load_address>
         <run_address>0x3b68</run_address>
         <size>0x14</size>
         <input_file_ref idref="fl-3"/>
      </object_component>
      <object_component id="oc-76">
         <name>.text:__sti___8_main_cpp_bc4058ff</name>
         <load_address>0x3b7c</load_address>
         <run_address>0x3b7c</run_address>
         <size>0x14</size>
         <input_file_ref idref="fl-5"/>
      </object_component>
      <object_component id="oc-14f">
         <name>.text</name>
         <load_address>0x3b90</load_address>
         <run_address>0x3b90</run_address>
         <size>0x14</size>
         <input_file_ref idref="fl-176"/>
      </object_component>
      <object_component id="oc-48d">
         <name>.text</name>
         <load_address>0x3ba4</load_address>
         <run_address>0x3ba4</run_address>
         <size>0x14</size>
         <input_file_ref idref="fl-18c"/>
      </object_component>
      <object_component id="oc-3eb">
         <name>.text</name>
         <load_address>0x3bb8</load_address>
         <run_address>0x3bb8</run_address>
         <size>0x14</size>
         <input_file_ref idref="fl-189"/>
      </object_component>
      <object_component id="oc-32e">
         <name>.text:I2C_masterReceiveStart</name>
         <load_address>0x3bcc</load_address>
         <run_address>0x3bcc</run_address>
         <size>0x10</size>
         <input_file_ref idref="fl-b1"/>
      </object_component>
      <object_component id="oc-34f">
         <name>.text:Graphics_drawPixelOnDisplay</name>
         <load_address>0x3bdc</load_address>
         <run_address>0x3bdc</run_address>
         <size>0xe</size>
         <input_file_ref idref="fl-ad"/>
      </object_component>
      <object_component id="oc-189">
         <name>.text:Graphics_setBackgroundColor</name>
         <load_address>0x3bea</load_address>
         <run_address>0x3bea</run_address>
         <size>0xe</size>
         <input_file_ref idref="fl-ac"/>
      </object_component>
      <object_component id="oc-183">
         <name>.text:Graphics_setForegroundColor</name>
         <load_address>0x3bf8</load_address>
         <run_address>0x3bf8</run_address>
         <size>0xe</size>
         <input_file_ref idref="fl-ac"/>
      </object_component>
      <object_component id="oc-309">
         <name>.text:I2C_clearInterruptFlag</name>
         <load_address>0x3c06</load_address>
         <run_address>0x3c06</run_address>
         <size>0xe</size>
         <input_file_ref idref="fl-b1"/>
      </object_component>
      <object_component id="oc-310">
         <name>.text:I2C_setMode</name>
         <load_address>0x3c14</load_address>
         <run_address>0x3c14</run_address>
         <size>0xe</size>
         <input_file_ref idref="fl-b1"/>
      </object_component>
      <object_component id="oc-1a">
         <name>.text:decompress:none</name>
         <load_address>0x3c22</load_address>
         <run_address>0x3c22</run_address>
         <size>0xe</size>
         <input_file_ref idref="fl-16c"/>
      </object_component>
      <object_component id="oc-45c">
         <name>.text:EUSCI_A_SPI_enable</name>
         <load_address>0x3c30</load_address>
         <run_address>0x3c30</run_address>
         <size>0xc</size>
         <input_file_ref idref="fl-b3"/>
      </object_component>
      <object_component id="oc-456">
         <name>.text:EUSCI_B_SPI_enable</name>
         <load_address>0x3c3c</load_address>
         <run_address>0x3c3c</run_address>
         <size>0xc</size>
         <input_file_ref idref="fl-b3"/>
      </object_component>
      <object_component id="oc-2a5">
         <name>.text:I2C_disableModule</name>
         <load_address>0x3c48</load_address>
         <run_address>0x3c48</run_address>
         <size>0xc</size>
         <input_file_ref idref="fl-b1"/>
      </object_component>
      <object_component id="oc-2ab">
         <name>.text:I2C_enableModule</name>
         <load_address>0x3c54</load_address>
         <run_address>0x3c54</run_address>
         <size>0xc</size>
         <input_file_ref idref="fl-b1"/>
      </object_component>
      <object_component id="oc-7c">
         <name>.text:Reset_Handler</name>
         <load_address>0x3c60</load_address>
         <run_address>0x3c60</run_address>
         <size>0xc</size>
         <input_file_ref idref="fl-9"/>
      </object_component>
      <object_component id="oc-20">
         <name>.text:decompress:ZI</name>
         <load_address>0x3c6c</load_address>
         <run_address>0x3c6c</run_address>
         <size>0xc</size>
         <input_file_ref idref="fl-16d"/>
      </object_component>
      <object_component id="oc-2e9">
         <name>.text:Crystalfontz128x128_Flush</name>
         <load_address>0x3c78</load_address>
         <run_address>0x3c78</run_address>
         <size>0xa</size>
         <input_file_ref idref="fl-7"/>
      </object_component>
      <object_component id="oc-195">
         <name>.text:Graphics_clearDisplay</name>
         <load_address>0x3c82</load_address>
         <run_address>0x3c82</run_address>
         <size>0xa</size>
         <input_file_ref idref="fl-ac"/>
      </object_component>
      <object_component id="oc-291">
         <name>.text:Graphics_clearDisplayOnDisplay</name>
         <load_address>0x3c8c</load_address>
         <run_address>0x3c8c</run_address>
         <size>0xa</size>
         <input_file_ref idref="fl-ad"/>
      </object_component>
      <object_component id="oc-288">
         <name>.text:Graphics_translateColorOnDisplay</name>
         <load_address>0x3c96</load_address>
         <run_address>0x3c96</run_address>
         <size>0xa</size>
         <input_file_ref idref="fl-ad"/>
      </object_component>
      <object_component id="oc-322">
         <name>.text:I2C_getInterruptStatus</name>
         <load_address>0x3ca0</load_address>
         <run_address>0x3ca0</run_address>
         <size>0x6</size>
         <input_file_ref idref="fl-b1"/>
      </object_component>
      <object_component id="oc-334">
         <name>.text:I2C_masterReceiveMultiByteNext</name>
         <load_address>0x3ca6</load_address>
         <run_address>0x3ca6</run_address>
         <size>0x6</size>
         <input_file_ref idref="fl-b1"/>
      </object_component>
      <object_component id="oc-18f">
         <name>.text:Graphics_setFont</name>
         <load_address>0x3cac</load_address>
         <run_address>0x3cac</run_address>
         <size>0x4</size>
         <input_file_ref idref="fl-ac"/>
      </object_component>
      <object_component id="oc-303">
         <name>.text:I2C_setSlaveAddress</name>
         <load_address>0x3cb0</load_address>
         <run_address>0x3cb0</run_address>
         <size>0x4</size>
         <input_file_ref idref="fl-b1"/>
      </object_component>
      <object_component id="oc-5a">
         <name>.text</name>
         <load_address>0x3cb4</load_address>
         <run_address>0x3cb4</run_address>
         <size>0x4</size>
         <input_file_ref idref="fl-173"/>
      </object_component>
      <object_component id="oc-2f7">
         <name>.const:.string:g_pucFontFixed6x8Data</name>
         <load_address>0x3cb8</load_address>
         <run_address>0x3cb8</run_address>
         <size>0x2f8</size>
         <input_file_ref idref="fl-a2"/>
      </object_component>
      <object_component id="oc-49a">
         <name>.const:.string:_ctypes_</name>
         <load_address>0x3fb0</load_address>
         <run_address>0x3fb0</run_address>
         <size>0x101</size>
         <input_file_ref idref="fl-17c"/>
      </object_component>
      <object_component id="oc-1bf">
         <name>.const:g_sFontFixed6x8</name>
         <load_address>0x40b4</load_address>
         <run_address>0x40b4</run_address>
         <size>0xc8</size>
         <input_file_ref idref="fl-a2"/>
      </object_component>
      <object_component id="oc-389">
         <name>.const:GPIO_PORT_TO_BASE</name>
         <load_address>0x417c</load_address>
         <run_address>0x417c</run_address>
         <size>0x30</size>
         <input_file_ref idref="fl-b0"/>
      </object_component>
      <object_component id="oc-1bc">
         <name>.const:g_sCrystalfontz128x128_funcs</name>
         <load_address>0x41ac</load_address>
         <run_address>0x41ac</run_address>
         <size>0x20</size>
         <input_file_ref idref="fl-7"/>
      </object_component>
      <object_component id="oc-380">
         <name>.const:$P$T0$1</name>
         <load_address>0x41cc</load_address>
         <run_address>0x41cc</run_address>
         <size>0x1c</size>
         <input_file_ref idref="fl-8"/>
      </object_component>
      <object_component id="oc-1c5">
         <name>.const:TA1upConfig</name>
         <load_address>0x41e8</load_address>
         <run_address>0x41e8</run_address>
         <size>0x18</size>
         <input_file_ref idref="fl-5"/>
      </object_component>
      <object_component id="oc-142">
         <name>.const:TA2upConfig</name>
         <load_address>0x4200</load_address>
         <run_address>0x4200</run_address>
         <size>0x18</size>
         <input_file_ref idref="fl-5"/>
      </object_component>
      <object_component id="oc-1c2">
         <name>.const:upConfig</name>
         <load_address>0x4218</load_address>
         <run_address>0x4218</run_address>
         <size>0x18</size>
         <input_file_ref idref="fl-5"/>
      </object_component>
      <object_component id="oc-2b1">
         <name>.const:i2cConfig</name>
         <load_address>0x4230</load_address>
         <run_address>0x4230</run_address>
         <size>0x14</size>
         <input_file_ref idref="fl-2"/>
      </object_component>
      <object_component id="oc-3be">
         <name>.const:$P$T0$1</name>
         <load_address>0x4244</load_address>
         <run_address>0x4244</run_address>
         <size>0x8</size>
         <input_file_ref idref="fl-7"/>
      </object_component>
      <object_component id="oc-4ec">
         <name>.cinit..data.load</name>
         <load_address>0x4250</load_address>
         <run_address>0x4250</run_address>
         <size>0x35</size>
      </object_component>
      <object_component id="oc-4ea">
         <name>__TI_handler_table</name>
         <load_address>0x4288</load_address>
         <run_address>0x4288</run_address>
         <size>0xc</size>
      </object_component>
      <object_component id="oc-4ed">
         <name>.cinit..bss.load</name>
         <load_address>0x4298</load_address>
         <run_address>0x4298</run_address>
         <size>0x8</size>
      </object_component>
      <object_component id="oc-4eb">
         <name>__TI_cinit_table</name>
         <load_address>0x42a0</load_address>
         <run_address>0x42a0</run_address>
         <size>0x10</size>
      </object_component>
      <object_component id="oc-2c">
         <name>.init_array</name>
         <load_address>0x424c</load_address>
         <run_address>0x424c</run_address>
         <size>0x4</size>
         <input_file_ref idref="fl-5"/>
      </object_component>
      <object_component id="oc-4c7">
         <name>.binit</name>
         <load_address>0x0</load_address>
         <run_address>0x0</run_address>
         <size>0x0</size>
      </object_component>
      <object_component id="oc-e5">
         <name>.data</name>
         <load_address>0x200000c8</load_address>
         <run_address>0x200000c8</run_address>
         <size>0x5c</size>
         <input_file_ref idref="fl-5"/>
      </object_component>
      <object_component id="oc-f2">
         <name>.data:oldsound</name>
         <load_address>0x20000000</load_address>
         <run_address>0x20000000</run_address>
         <size>0xc8</size>
         <input_file_ref idref="fl-5"/>
      </object_component>
      <object_component id="oc-f5">
         <name>.data:actualsound</name>
         <load_address>0x20000124</load_address>
         <run_address>0x20000124</run_address>
         <size>0x28</size>
         <input_file_ref idref="fl-5"/>
      </object_component>
      <object_component id="oc-1c8">
         <name>.data:compareConfig_PWM</name>
         <load_address>0x2000014c</load_address>
         <run_address>0x2000014c</run_address>
         <size>0x10</size>
         <input_file_ref idref="fl-5"/>
      </object_component>
      <object_component id="oc-1b9">
         <name>.data:g_sCrystalfontz128x128</name>
         <load_address>0x2000015c</load_address>
         <run_address>0x2000015c</run_address>
         <size>0x10</size>
         <input_file_ref idref="fl-7"/>
      </object_component>
      <object_component id="oc-d7">
         <name>.data:$O1$$</name>
         <load_address>0x2000016c</load_address>
         <run_address>0x2000016c</run_address>
         <size>0xc</size>
         <input_file_ref idref="fl-16e"/>
      </object_component>
      <object_component id="oc-72">
         <name>.data</name>
         <load_address>0x20000184</load_address>
         <run_address>0x20000184</run_address>
         <size>0x4</size>
         <input_file_ref idref="fl-175"/>
      </object_component>
      <object_component id="oc-da">
         <name>.data:$O1$$</name>
         <load_address>0x20000178</load_address>
         <run_address>0x20000178</run_address>
         <size>0x8</size>
         <input_file_ref idref="fl-176"/>
      </object_component>
      <object_component id="oc-493">
         <name>.data</name>
         <load_address>0x20000180</load_address>
         <run_address>0x20000180</run_address>
         <size>0x4</size>
         <input_file_ref idref="fl-18b"/>
      </object_component>
      <object_component id="oc-e2">
         <name>.bss</name>
         <uninitialized>true</uninitialized>
         <run_address>0x200001b8</run_address>
         <size>0x4</size>
         <input_file_ref idref="fl-5"/>
      </object_component>
      <object_component id="oc-141">
         <name>.common:g_sContext</name>
         <uninitialized>true</uninitialized>
         <run_address>0x20000188</run_address>
         <size>0x1c</size>
      </object_component>
      <object_component id="oc-13d">
         <name>.common:lux</name>
         <uninitialized>true</uninitialized>
         <run_address>0x200001bc</run_address>
         <size>0x4</size>
      </object_component>
      <object_component id="oc-1f7">
         <name>.common:string</name>
         <uninitialized>true</uninitialized>
         <run_address>0x200001a4</run_address>
         <size>0x14</size>
      </object_component>
      <object_component id="oc-284">
         <name>.common:Lcd_Orientation</name>
         <uninitialized>true</uninitialized>
         <run_address>0x200001c8</run_address>
         <size>0x1</size>
      </object_component>
      <object_component id="oc-27b">
         <name>.common:Lcd_ScreenWidth</name>
         <uninitialized>true</uninitialized>
         <run_address>0x200001c2</run_address>
         <size>0x2</size>
      </object_component>
      <object_component id="oc-27e">
         <name>.common:Lcd_ScreenHeigth</name>
         <uninitialized>true</uninitialized>
         <run_address>0x200001c0</run_address>
         <size>0x2</size>
      </object_component>
      <object_component id="oc-27f">
         <name>.common:Lcd_PenSolid</name>
         <uninitialized>true</uninitialized>
         <run_address>0x200001c9</run_address>
         <size>0x1</size>
      </object_component>
      <object_component id="oc-280">
         <name>.common:Lcd_FontSolid</name>
         <uninitialized>true</uninitialized>
         <run_address>0x200001c7</run_address>
         <size>0x1</size>
      </object_component>
      <object_component id="oc-281">
         <name>.common:Lcd_FlagRead</name>
         <uninitialized>true</uninitialized>
         <run_address>0x200001c6</run_address>
         <size>0x1</size>
      </object_component>
      <object_component id="oc-282">
         <name>.common:Lcd_TouchTrim</name>
         <uninitialized>true</uninitialized>
         <run_address>0x200001c4</run_address>
         <size>0x2</size>
      </object_component>
      <object_component id="oc-30">
         <name>.stack</name>
         <uninitialized>true</uninitialized>
         <run_address>0x2000fe00</run_address>
         <size>0x0</size>
         <input_file_ref idref="fl-16a"/>
      </object_component>
      <object_component id="oc-4ee">
         <name>.stack</name>
         <uninitialized>true</uninitialized>
         <run_address>0x2000fe00</run_address>
[...]
         <name>Graphics_drawStringCentered</name>
         <value>0x373b</value>
         <object_component_ref idref="oc-12b"/>
      </symbol>
      <symbol id="sm-538">
         <name>Graphics_drawString</name>
         <value>0x1223</value>
         <object_component_ref idref="oc-1e4"/>
      </symbol>
      <symbol id="sm-539">
         <name>Graphics_getStringWidth</name>
         <value>0x303d</value>
         <object_component_ref idref="oc-1de"/>
      </symbol>
      <symbol id="sm-548">
         <name>Graphics_drawLineH</name>
         <value>0x3519</value>
         <object_component_ref idref="oc-349"/>
      </symbol>
      <symbol id="sm-586">
         <name>GPIO_setOutputHighOnPin</name>
         <value>0x3b41</value>
         <object_component_ref idref="oc-263"/>
      </symbol>
      <symbol id="sm-587">
         <name>GPIO_setAsOutputPin</name>
         <value>0x39b5</value>
         <object_component_ref idref="oc-36d"/>
      </symbol>
      <symbol id="sm-588">
         <name>GPIO_setOutputLowOnPin</name>
         <value>0x3acd</value>
         <object_component_ref idref="oc-25d"/>
      </symbol>
      <symbol id="sm-589">
         <name>GPIO_setAsPeripheralModuleFunctionOutputPin</name>
         <value>0x3435</value>
         <object_component_ref idref="oc-298"/>
      </symbol>
      <symbol id="sm-621">
         <name>I2C_masterSendMultiByteStop</name>
         <value>0x3845</value>
         <object_component_ref idref="oc-328"/>
      </symbol>
      <symbol id="sm-622">
         <name>I2C_masterSendMultiByteFinish</name>
         <value>0x32e5</value>
         <object_component_ref idref="oc-3b0"/>
      </symbol>
      <symbol id="sm-623">
         <name>I2C_masterSendMultiByteNext</name>
         <value>0x39d9</value>
         <object_component_ref idref="oc-3aa"/>
      </symbol>
      <symbol id="sm-624">
         <name>I2C_masterSendMultiByteStart</name>
         <value>0x36bd</value>
         <object_component_ref idref="oc-31c"/>
      </symbol>
      <symbol id="sm-625">
         <name>I2C_masterReceiveMultiByteNext</name>
         <value>0x3ca7</value>
         <object_component_ref idref="oc-334"/>
      </symbol>
      <symbol id="sm-626">
         <name>I2C_getInterruptStatus</name>
         <value>0x3ca1</value>
         <object_component_ref idref="oc-322"/>
      </symbol>
      <symbol id="sm-627">
         <name>I2C_setMode</name>
         <value>0x3c15</value>
         <object_component_ref idref="oc-310"/>
      </symbol>
      <symbol id="sm-628">
         <name>I2C_isBusBusy</name>
         <value>0x3b55</value>
         <object_component_ref idref="oc-316"/>
      </symbol>
      <symbol id="sm-629">
         <name>I2C_masterReceiveMultiByteFinish</name>
         <value>0x3815</value>
         <object_component_ref idref="oc-33a"/>
      </symbol>
      <symbol id="sm-62a">
         <name>I2C_enableModule</name>
         <value>0x3c55</value>
         <object_component_ref idref="oc-2ab"/>
      </symbol>
      <symbol id="sm-62b">
         <name>I2C_masterReceiveStart</name>
         <value>0x3bcd</value>
         <object_component_ref idref="oc-32e"/>
      </symbol>
      <symbol id="sm-62c">
         <name>I2C_clearInterruptFlag</name>
         <value>0x3c07</value>
         <object_component_ref idref="oc-309"/>
      </symbol>
      <symbol id="sm-62d">
         <name>I2C_setSlaveAddress</name>
         <value>0x3cb1</value>
         <object_component_ref idref="oc-303"/>
      </symbol>
      <symbol id="sm-62e">
         <name>I2C_initMaster</name>
         <value>0x36fd</value>
         <object_component_ref idref="oc-29f"/>
      </symbol>
      <symbol id="sm-62f">
         <name>I2C_disableModule</name>
         <value>0x3c49</value>
         <object_component_ref idref="oc-2a5"/>
      </symbol>
      <symbol id="sm-666">
         <name>EUSCI_B_SPI_enable</name>
         <value>0x3c3d</value>
         <object_component_ref idref="oc-456"/>
      </symbol>
      <symbol id="sm-667">
         <name>SPI_enableModule</name>
         <value>0x3ab3</value>
         <object_component_ref idref="oc-37a"/>
      </symbol>
      <symbol id="sm-668">
         <name>EUSCI_A_SPI_enable</name>
         <value>0x3c31</value>
         <object_component_ref idref="oc-45c"/>
      </symbol>
      <symbol id="sm-669">
         <name>SPI_initMaster</name>
         <value>0x2ded</value>
         <object_component_ref idref="oc-374"/>
      </symbol>
      <symbol id="sm-67b">
         <name>_c_int00</name>
         <value>0x3339</value>
         <object_component_ref idref="oc-26"/>
      </symbol>
      <symbol id="sm-67c">
         <name>__stack</name>
         <value>0x2000fe00</value>
         <object_component_ref idref="oc-30"/>
      </symbol>
      <symbol id="sm-69a">
         <name>__TI_decompress_lzss</name>
         <value>0x30a5</value>
         <object_component_ref idref="oc-14"/>
      </symbol>
      <symbol id="sm-6b1">
         <name>__TI_decompress_none</name>
         <value>0x3c23</value>
         <object_component_ref idref="oc-1a"/>
      </symbol>
      <symbol id="sm-6c8">
         <name>__TI_zero_init</name>
         <value>0x3c6d</value>
         <object_component_ref idref="oc-20"/>
      </symbol>
      <symbol id="sm-6e9">
         <name>C$$EXIT</name>
         <value>0x338d</value>
         <object_component_ref idref="oc-6c"/>
      </symbol>
      <symbol id="sm-6ea">
         <name>abort</name>
         <value>0x3391</value>
         <object_component_ref idref="oc-6c"/>
      </symbol>
      <symbol id="sm-6eb">
         <name>exit</name>
         <value>0x3399</value>
         <object_component_ref idref="oc-6c"/>
      </symbol>
      <symbol id="sm-6ec">
         <name>__TI_dtors_ptr</name>
         <value>0x20000170</value>
         <object_component_ref idref="oc-d7"/>
      </symbol>
      <symbol id="sm-6ed">
         <name>__TI_cleanup_ptr</name>
         <value>0x2000016c</value>
         <object_component_ref idref="oc-d7"/>
      </symbol>
      <symbol id="sm-6ee">
         <name>__TI_enable_exit_profile_output</name>
         <value>0x20000174</value>
         <object_component_ref idref="oc-d7"/>
      </symbol>
      <symbol id="sm-6f9">
         <name>__aeabi_f2d</name>
         <value>0x37ad</value>
         <object_component_ref idref="oc-1f2"/>
      </symbol>
      <symbol id="sm-714">
         <name>memcpy</name>
         <value>0x2bb9</value>
         <object_component_ref idref="oc-3c"/>
      </symbol>
      <symbol id="sm-715">
         <name>__aeabi_memcpy</name>
         <value>0x2bb9</value>
         <object_component_ref idref="oc-3c"/>
      </symbol>
      <symbol id="sm-716">
         <name>__aeabi_memcpy8</name>
         <value>0x2bb9</value>
         <object_component_ref idref="oc-3c"/>
      </symbol>
      <symbol id="sm-717">
         <name>__aeabi_memcpy4</name>
         <value>0x2bb9</value>
         <object_component_ref idref="oc-3c"/>
      </symbol>
      <symbol id="sm-726">
         <name>__aeabi_memset</name>
         <value>0x2e6b</value>
         <object_component_ref idref="oc-48"/>
      </symbol>
      <symbol id="sm-727">
         <name>memset</name>
         <value>0x2e71</value>
         <object_component_ref idref="oc-48"/>
      </symbol>
      <symbol id="sm-728">
         <name>__aeabi_memset8</name>
         <value>0x2e6b</value>
         <object_component_ref idref="oc-48"/>
      </symbol>
      <symbol id="sm-729">
         <name>__aeabi_memset4</name>
         <value>0x2e6b</value>
         <object_component_ref idref="oc-48"/>
      </symbol>
      <symbol id="sm-72a">
         <name>__aeabi_memclr8</name>
         <value>0x2e69</value>
         <object_component_ref idref="oc-48"/>
      </symbol>
      <symbol id="sm-72b">
         <name>__aeabi_memclr4</name>
         <value>0x2e69</value>
         <object_component_ref idref="oc-48"/>
      </symbol>
      <symbol id="sm-72c">
         <name>__aeabi_memclr</name>
         <value>0x2e69</value>
         <object_component_ref idref="oc-48"/>
      </symbol>
      <symbol id="sm-736">
         <name>__mpu_init</name>
         <value>0x1ed3</value>
         <object_component_ref idref="oc-54"/>
      </symbol>
      <symbol id="sm-740">
         <name>_system_pre_init</name>
         <value>0x3cb5</value>
         <object_component_ref idref="oc-5a"/>
      </symbol>
      <symbol id="sm-75e">
         <name>sprintf</name>
         <value>0x3231</value>
         <object_component_ref idref="oc-1ec"/>
      </symbol>
      <symbol id="sm-766">
         <name>main_func_sp</name>
         <value>0x20000184</value>
         <object_component_ref idref="oc-72"/>
      </symbol>
      <symbol id="sm-77f">
         <name>_nop</name>
         <value>0x3b9f</value>
         <object_component_ref idref="oc-14f"/>
      </symbol>
      <symbol id="sm-780">
         <name>_lock</name>
         <value>0x20000178</value>
         <object_component_ref idref="oc-da"/>
      </symbol>
      <symbol id="sm-781">
         <name>_unlock</name>
         <value>0x2000017c</value>
         <object_component_ref idref="oc-da"/>
      </symbol>
      <symbol id="sm-782">
         <name>_register_lock</name>
         <value>0x3b97</value>
         <object_component_ref idref="oc-14f"/>
      </symbol>
      <symbol id="sm-783">
         <name>_register_unlock</name>
         <value>0x3b91</value>
         <object_component_ref idref="oc-14f"/>
      </symbol>
      <symbol id="sm-884">
         <name>__TI_printfi</name>
         <value>0x929</value>
         <object_component_ref idref="oc-35d"/>
      </symbol>
      <symbol id="sm-898">
         <name>_args_main</name>
         <value>0x3afd</value>
         <object_component_ref idref="oc-66"/>
      </symbol>
      <symbol id="sm-8ae">
         <name>atoi</name>
         <value>0x3481</value>
         <object_component_ref idref="oc-42c"/>
      </symbol>
      <symbol id="sm-8d8">
         <name>__TI_auto_init</name>
         <value>0x2fcd</value>
         <object_component_ref idref="oc-60"/>
      </symbol>
      <symbol id="sm-8f2">
         <name>copy_in</name>
         <value>0x34cd</value>
         <object_component_ref idref="oc-c1"/>
      </symbol>
      <symbol id="sm-8fd">
         <name>_ctypes_</name>
         <value>0x3fb0</value>
         <object_component_ref idref="oc-49a"/>
      </symbol>
      <symbol id="sm-914">
         <name>__aeabi_dsub</name>
         <value>0x1d1d</value>
         <object_component_ref idref="oc-415"/>
      </symbol>
      <symbol id="sm-915">
         <name>__aeabi_dadd</name>
         <value>0x1d27</value>
         <object_component_ref idref="oc-415"/>
      </symbol>
      <symbol id="sm-937">
         <name>__aeabi_cdcmpeq</name>
         <value>0x2ce1</value>
         <object_component_ref idref="oc-3f1"/>
      </symbol>
      <symbol id="sm-938">
         <name>__aeabi_cdcmple</name>
         <value>0x2ce1</value>
         <object_component_ref idref="oc-3f1"/>
      </symbol>
      <symbol id="sm-939">
         <name>__aeabi_cdrcmple</name>
         <value>0x2d67</value>
         <object_component_ref idref="oc-400"/>
      </symbol>
      <symbol id="sm-94d">
         <name>__aeabi_ddiv</name>
         <value>0x22dd</value>
         <object_component_ref idref="oc-3fb"/>
      </symbol>
      <symbol id="sm-958">
         <name>__aeabi_dmul</name>
         <value>0x2771</value>
         <object_component_ref idref="oc-3f6"/>
      </symbol>
      <symbol id="sm-962">
         <name>__aeabi_d2iz</name>
         <value>0x35f5</value>
         <object_component_ref idref="oc-405"/>
      </symbol>
      <symbol id="sm-96c">
         <name>__aeabi_i2d</name>
         <value>0x3905</value>
         <object_component_ref idref="oc-410"/>
      </symbol>
      <symbol id="sm-97b">
         <name>ltoa</name>
         <value>0x33e1</value>
         <object_component_ref idref="oc-40a"/>
      </symbol>
      <symbol id="sm-98b">
         <name>memccpy</name>
         <value>0x3a7d</value>
         <object_component_ref idref="oc-432"/>
      </symbol>
      <symbol id="sm-9a6">
         <name>frexpl</name>
         <value>0x310d</value>
         <object_component_ref idref="oc-41a"/>
      </symbol>
      <symbol id="sm-9a7">
         <name>frexp</name>
         <value>0x310d</value>
         <object_component_ref idref="oc-41a"/>
      </symbol>
      <symbol id="sm-9c4">
         <name>scalbn</name>
         <value>0x286d</value>
         <object_component_ref idref="oc-420"/>
      </symbol>
      <symbol id="sm-9c5">
         <name>scalbnl</name>
         <value>0x286d</value>
         <object_component_ref idref="oc-420"/>
      </symbol>
      <symbol id="sm-9c6">
         <name>ldexpl</name>
         <value>0x286d</value>
         <object_component_ref idref="oc-420"/>
      </symbol>
      <symbol id="sm-9c7">
         <name>ldexp</name>
         <value>0x286d</value>
         <object_component_ref idref="oc-420"/>
      </symbol>
      <symbol id="sm-9d1">
         <name>_system_post_cinit</name>
         <value>0x2413</value>
         <object_component_ref idref="oc-c7"/>
      </symbol>
      <symbol id="sm-9e1">
         <name>strchr</name>
         <value>0x3b2b</value>
         <object_component_ref idref="oc-426"/>
      </symbol>
      <symbol id="sm-9ef">
         <name>strlen</name>
         <value>0x3bb9</value>
         <object_component_ref idref="oc-3eb"/>
      </symbol>
      <symbol id="sm-a0b">
         <name>__aeabi_uldivmod</name>
         <value>0x176d</value>
         <object_component_ref idref="oc-3e6"/>
      </symbol>
      <symbol id="sm-a13">
         <name>errno</name>
         <value>0x20000180</value>
         <object_component_ref idref="oc-493"/>
      </symbol>
      <symbol id="sm-a1d">
         <name>copysign</name>
         <value>0x3ba5</value>
         <object_component_ref idref="oc-48d"/>
      </symbol>
      <symbol id="sm-a1e">
         <name>copysignl</name>
         <value>0x3ba5</value>
         <object_component_ref idref="oc-48d"/>
      </symbol>
      <symbol id="sm-a1f">
         <name>__TI_static_base__</name>
         <value>0x0</value>
      </symbol>
      <symbol id="sm-a22">
         <name>NMI_Handler</name>
         <value>0x14f3</value>
      </symbol>
      <symbol id="sm-a23">
         <name>HardFault_Handler</name>
         <value>0x14f3</value>
      </symbol>
      <symbol id="sm-a24">
         <name>MemManage_Handler</name>
         <value>0x14f3</value>
      </symbol>
      <symbol id="sm-a25">
         <name>BusFault_Handler</name>
         <value>0x14f3</value>
      </symbol>
      <symbol id="sm-a26">
         <name>UsageFault_Handler</name>
         <value>0x14f3</value>
      </symbol>
      <symbol id="sm-a27">
         <name>SVC_Handler</name>
         <value>0x14f3</value>
      </symbol>
      <symbol id="sm-a28">
         <name>DebugMon_Handler</name>
         <value>0x14f3</value>
      </symbol>
      <symbol id="sm-a29">
         <name>PendSV_Handler</name>
         <value>0x14f3</value>
      </symbol>
      <symbol id="sm-a2a">
         <name>SysTick_Handler</name>
         <value>0x14f3</value>
      </symbol>
      <symbol id="sm-a2b">
         <name>PSS_IRQHandler</name>
         <value>0x14f3</value>
      </symbol>
      <symbol id="sm-a2c">
         <name>CS_IRQHandler</name>
         <value>0x14f3</value>
      </symbol>
      <symbol id="sm-a2d">
         <name>PCM_IRQHandler</name>
         <value>0x14f3</value>
      </symbol>
      <symbol id="sm-a2e">
         <name>WDT_A_IRQHandler</name>
         <value>0x14f3</value>
      </symbol>
      <symbol id="sm-a2f">
         <name>FPU_IRQHandler</name>
         <value>0x14f3</value>
      </symbol>
      <symbol id="sm-a30">
         <name>FLCTL_IRQHandler</name>
         <value>0x14f3</value>
      </symbol>
      <symbol id="sm-a31">
         <name>COMP_E0_IRQHandler</name>
         <value>0x14f3</value>
      </symbol>
      <symbol id="sm-a32">
         <name>COMP_E1_IRQHandler</name>
         <value>0x14f3</value>
      </symbol>
      <symbol id="sm-a33">
         <name>TA0_0_IRQHandler</name>
         <value>0x14f3</value>
      </symbol>
      <symbol id="sm-a34">
         <name>TA0_N_IRQHandler</name>
         <value>0x14f3</value>
      </symbol>
      <symbol id="sm-a35">
         <name>TA1_0_IRQHandler</name>
         <value>0x2f5d</value>
      </symbol>
      <symbol id="sm-a36">
         <name>TA1_N_IRQHandler</name>
         <value>0x14f3</value>
      </symbol>
      <symbol id="sm-a37">
         <name>TA2_0_IRQHandler</name>
         <value>0x1ed5</value>
      </symbol>
      <symbol id="sm-a38">
         <name>TA2_N_IRQHandler</name>
         <value>0x14f3</value>
      </symbol>
      <symbol id="sm-a39">
         <name>TA3_0_IRQHandler</name>
         <value>0x14f3</value>
      </symbol>
      <symbol id="sm-a3a">
         <name>TA3_N_IRQHandler</name>
         <value>0x14f3</value>
      </symbol>
      <symbol id="sm-a3b">
         <name>EUSCIA0_IRQHandler</name>
         <value>0x14f3</value>
      </symbol>
      <symbol id="sm-a3c">
         <name>EUSCIA1_IRQHandler</name>
         <value>0x14f3</value>
      </symbol>
      <symbol id="sm-a3d">
         <name>EUSCIA2_IRQHandler</name>
         <value>0x14f3</value>
      </symbol>
      <symbol id="sm-a3e">
         <name>EUSCIA3_IRQHandler</name>
         <value>0x14f3</value>
      </symbol>
      <symbol id="sm-a3f">
         <name>EUSCIB0_IRQHandler</name>
         <value>0x14f3</value>
      </symbol>
      <symbol id="sm-a40">
         <name>EUSCIB1_IRQHandler</name>
         <value>0x14f3</value>
      </symbol>
      <symbol id="sm-a41">
         <name>EUSCIB2_IRQHandler</name>
         <value>0x14f3</value>
      </symbol>
      <symbol id="sm-a42">
         <name>EUSCIB3_IRQHandler</name>
         <value>0x14f3</value>
      </symbol>
      <symbol id="sm-a43">
         <name>ADC14_IRQHandler</name>
         <value>0x3a21</value>
      </symbol>
      <symbol id="sm-a44">
         <name>T32_INT1_IRQHandler</name>
         <value>0x3875</value>
      </symbol>
      <symbol id="sm-a45">
         <name>T32_INT2_IRQHandler</name>
         <value>0x14f3</value>
      </symbol>
      <symbol id="sm-a46">
         <name>T32_INTC_IRQHandler</name>
         <value>0x14f3</value>
      </symbol>
      <symbol id="sm-a47">
         <name>AES256_IRQHandler</name>
         <value>0x14f3</value>
      </symbol>
      <symbol id="sm-a48">
         <name>RTC_C_IRQHandler</name>
         <value>0x14f3</value>
      </symbol>
      <symbol id="sm-a49">
         <name>DMA_ERR_IRQHandler</name>
         <value>0x14f3</value>
      </symbol>
      <symbol id="sm-a4a">
         <name>DMA_INT3_IRQHandler</name>
         <value>0x14f3</value>
      </symbol>
      <symbol id="sm-a4b">
         <name>DMA_INT2_IRQHandler</name>
         <value>0x14f3</value>
      </symbol>
      <symbol id="sm-a4c">
         <name>DMA_INT1_IRQHandler</name>
         <value>0x14f3</value>
      </symbol>
      <symbol id="sm-a4d">
         <name>DMA_INT0_IRQHandler</name>
         <value>0x14f3</value>
      </symbol>
      <symbol id="sm-a4e">
         <name>PORT1_IRQHandler</name>
         <value>0x2045</value>
      </symbol>
      <symbol id="sm-a4f">
         <name>PORT2_IRQHandler</name>
         <value>0x14f3</value>
      </symbol>
      <symbol id="sm-a50">
         <name>PORT3_IRQHandler</name>
         <value>0x14f3</value>
      </symbol>
      <symbol id="sm-a51">
         <name>PORT4_IRQHandler</name>
         <value>0x14f3</value>
      </symbol>
      <symbol id="sm-a52">
         <name>PORT5_IRQHandler</name>
         <value>0x14f3</value>
      </symbol>
      <symbol id="sm-a53">
         <name>PORT6_IRQHandler</name>
         <value>0x14f3</value>
      </symbol>
   </symbol_table>
   <title>Link successful</title>
</link_info>
