******************************************************************************
                  TI ARM Linker Unix v16.9.3                   
******************************************************************************
>> Linked Mon Sep 18 18:41:49 2017

OUTPUT FILE NAME:   <outofbox_msp432p401r_MSP_EXP432P401R_nortos_ccs.out>
ENTRY POINT SYMBOL: "_c_int00"  address: 00000cd5


MEMORY CONFIGURATION

         name            origin    length      used     unused   attr    fill
----------------------  --------  ---------  --------  --------  ----  --------
  MAIN                  00000000   00040000  00000f0a  0003f0f6  R  X
  INFO                  00200000   00004000  00000000  00004000  R  X
  SRAM_CODE             01000000   00010000  00000268  0000fd98  RW X
  SRAM_DATA             20000000   00010000  00000268  0000fd98  RW  


SEGMENT ALLOCATION MAP

run origin  load origin   length   init length attrs members
----------  ----------- ---------- ----------- ----- -------
00000000    00000000    00000f10   00000f10    r-x
  00000000    00000000    000000e4   000000e4    r-- .intvecs
  000000e4    000000e4    00000d8a   00000d8a    r-x .text
  00000e70    00000e70    0000005c   0000005c    r-- .const
  00000ed0    00000ed0    00000040   00000040    r-- .cinit
20000000    20000000    00000068   00000000    rw-
  20000000    20000000    00000050   00000000    rw- .data
  20000050    20000050    00000018   00000000    rw- .bss
2000fe00    2000fe00    00000200   00000000    rw-
  2000fe00    2000fe00    00000200   00000000    rw- .stack


SECTION ALLOCATION MAP

 output                                  attributes/
section   page    origin      length       input sections
--------  ----  ----------  ----------   ----------------
.intvecs   0    00000000    000000e4     
                  00000000    000000e4     startup_msp432p401r_ccs.obj (.intvecs:retain)

.text      0    000000e4    00000d8a     
                  000000e4    00000320     main.obj (.text:PORT1_IRQHandler)
                  00000404    00000280     main.obj (.text:main)
                  00000684    000001ec     main.obj (.text:EUSCIA0_IRQHandler)
                  00000870    00000124     main.obj (.text:SysTick_Handler)
                  00000994    0000009c     rtsv7M4_T_le_v4SPD16_eabi.lib : memcpy_t2.obj (.text)
                  00000a30    0000007a                                   : memset_t2.obj (.text)
                  00000aaa    00000002     startup_msp432p401r_ccs.obj (.text:Default_Handler)
                  00000aac    00000078     system_msp432p401r.obj (.text:SystemInit)
                  00000b24    00000070     main.obj (.text:TA1_0_IRQHandler)
                  00000b94    00000070     rtsv7M4_T_le_v4SPD16_eabi.lib : autoinit.obj (.text)
                  00000c04    00000068     main.obj (.text:TA2_0_IRQHandler)
                  00000c6c    00000068     rtsv7M4_T_le_v4SPD16_eabi.lib : copy_decompress_lzss.obj (.text:decompress:lzss)
                  00000cd4    00000054                                   : boot.obj (.text)
                  00000d28    00000054                                   : exit.obj (.text)
                  00000d7c    0000004c                                   : cpy_tbl.obj (.text)
                  00000dc8    0000004c                                   : rand.obj (.text)
                  00000e14    00000018                                   : args_main.obj (.text)
                  00000e2c    00000014                                   : _lock.obj (.text)
                  00000e40    0000000e                                   : copy_decompress_none.obj (.text:decompress:none)
                  00000e4e    0000000c     startup_msp432p401r_ccs.obj (.text:Reset_Handler)
                  00000e5a    0000000c     rtsv7M4_T_le_v4SPD16_eabi.lib : copy_zero_init.obj (.text:decompress:ZI)
                  00000e66    00000004                                   : pre_init.obj (.text)
                  00000e6a    00000002                                   : mpu_init.obj (.text)
                  00000e6c    00000002                                   : startup.obj (.text)

.const     0    00000e70    0000005c     
                  00000e70    00000024     main.obj (.const:uartConfig)
                  00000e94    00000018     main.obj (.const:TA2upConfig)
                  00000eac    00000018     main.obj (.const:upConfig)
                  00000ec4    00000008     main.obj (.const:.string:port_mapping)

.cinit     0    00000ed0    00000040     
                  00000ed0    00000018     (.cinit..data.load) [load image, compression = lzss]
                  00000ee8    0000000c     (__TI_handler_table)
                  00000ef4    00000004     --HOLE-- [fill = 0]
                  00000ef8    00000008     (.cinit..bss.load) [load image, compression = zero_init]
                  00000f00    00000010     (__TI_cinit_table)

.init_array 
*          0    00000000    00000000     UNINITIALIZED

.binit     0    00000000    00000000     

.data      0    20000000    00000050     UNINITIALIZED
                  20000000    00000034     main.obj (.data)
                  20000034    0000000c     rtsv7M4_T_le_v4SPD16_eabi.lib : exit.obj (.data:$O1$$)
                  20000040    00000008                                   : _lock.obj (.data:$O1$$)
                  20000048    00000004                                   : rand.obj (.data)
                  2000004c    00000004                                   : stkdepth_vars.obj (.data)

.bss       0    20000050    00000018     UNINITIALIZED
                  20000050    00000010     (.common:periods)
                  20000060    00000008     (.common:start)

.stack     0    2000fe00    00000200     UNINITIALIZED
                  2000fe00    00000200     --HOLE--

MODULE SUMMARY

       Module                        code   ro data   rw data
       ------                        ----   -------   -------
    ./
       main.obj                      2440   92        152    
       system_msp432p401r.obj        120    0         0      
    +--+-----------------------------+------+---------+---------+
       Total:                        2560   92        152    
                                                             
    ./ccs/
       startup_msp432p401r_ccs.obj   14     228       0      
    +--+-----------------------------+------+---------+---------+
       Total:                        14     228       0      
                                                             
    /Applications/ti/ccsv7/tools/compiler/ti-cgt-arm_16.9.3.LTS/lib/rtsv7M4_T_le_v4SPD16_eabi.lib
       memcpy_t2.obj                 156    0         0      
       memset_t2.obj                 122    0         0      
       autoinit.obj                  112    0         0      
       exit.obj                      84     0         24     
       copy_decompress_lzss.obj      104    0         0      
       boot.obj                      84     0         0      
       rand.obj                      76     0         8      
       cpy_tbl.obj                   76     0         0      
       _lock.obj                     20     0         16     
       args_main.obj                 24     0         0      
       copy_decompress_none.obj      14     0         0      
       copy_zero_init.obj            12     0         0      
       stkdepth_vars.obj             0      0         8      
       pre_init.obj                  4      0         0      
       mpu_init.obj                  2      0         0      
       startup.obj                   2      0         0      
    +--+-----------------------------+------+---------+---------+
       Total:                        892    0         56     
                                                             
       Stack:                        0      0         1024   
       Linker Generated:             0      60        0      
    +--+-----------------------------+------+---------+---------+
       Grand Total:                  3466   380       1232   


LINKER GENERATED COPY TABLES

__TI_cinit_table @ 00000f00 records: 2, size/record: 8, table size: 16
	.data: load addr=00000ed0, load size=00000018 bytes, run addr=20000000, run size=00000050 bytes, compression=lzss
	.bss: load addr=00000ef8, load size=00000008 bytes, run addr=20000050, run size=00000018 bytes, compression=zero_init


LINKER GENERATED HANDLER TABLE

__TI_handler_table @ 00000ee8 records: 3, size/record: 4, table size: 12
	index: 0, handler: __TI_decompress_lzss
	index: 1, handler: __TI_decompress_none
	index: 2, handler: __TI_zero_init


GLOBAL SYMBOLS: SORTED ALPHABETICALLY BY Name 

address   name                           
-------   ----                           
00000aab  ADC14_IRQHandler               
00000aab  AES256_IRQHandler              
00000aab  BusFault_Handler               
00000d29  C$$EXIT                        
00000aab  COMP_E0_IRQHandler             
00000aab  COMP_E1_IRQHandler             
00000aab  CS_IRQHandler                  
00000aab  DMA_ERR_IRQHandler             
00000aab  DMA_INT0_IRQHandler            
00000aab  DMA_INT1_IRQHandler            
00000aab  DMA_INT2_IRQHandler            
00000aab  DMA_INT3_IRQHandler            
00000aab  DebugMon_Handler               
00000aab  Default_Handler                
00000685  EUSCIA0_IRQHandler             
00000685  EUSCIA0_IRQHandler             
00000aab  EUSCIA1_IRQHandler             
00000aab  EUSCIA2_IRQHandler             
00000aab  EUSCIA3_IRQHandler             
00000aab  EUSCIB0_IRQHandler             
00000aab  EUSCIB1_IRQHandler             
00000aab  EUSCIB2_IRQHandler             
00000aab  EUSCIB3_IRQHandler             
00000aab  FLCTL_IRQHandler               
00000aab  FPU_IRQHandler                 
00000aab  HardFault_Handler              
00000aab  MemManage_Handler              
00000aab  NMI_Handler                    
00000aab  PCM_IRQHandler                 
000000e5  PORT1_IRQHandler               
000000e5  PORT1_IRQHandler               
00000aab  PORT2_IRQHandler               
00000aab  PORT3_IRQHandler               
00000aab  PORT4_IRQHandler               
00000aab  PORT5_IRQHandler               
00000aab  PORT6_IRQHandler               
00000aab  PSS_IRQHandler                 
00000aab  PendSV_Handler                 
00000aab  RTC_C_IRQHandler               
00000e4f  Reset_Handler                  
20000000  S1buttonDebounce               
20000004  S2buttonDebounce               
UNDEFED   SHT$$INIT_ARRAY$$Base          
UNDEFED   SHT$$INIT_ARRAY$$Limit         
00000aab  SVC_Handler                    
00000871  SysTick_Handler                
00000871  SysTick_Handler                
00000aad  SystemInit                     
00000aab  T32_INT1_IRQHandler            
00000aab  T32_INT2_IRQHandler            
00000aab  T32_INTC_IRQHandler            
00000aab  TA0_0_IRQHandler               
00000aab  TA0_N_IRQHandler               
00000b25  TA1_0_IRQHandler               
00000b25  TA1_0_IRQHandler               
00000aab  TA1_N_IRQHandler               
00000c05  TA2_0_IRQHandler               
00000c05  TA2_0_IRQHandler               
00000aab  TA2_N_IRQHandler               
00000e94  TA2upConfig                    
00000aab  TA3_0_IRQHandler               
00000aab  TA3_N_IRQHandler               
00000aab  UsageFault_Handler             
4000480c  WDTCTL_SYM                     
00000aab  WDT_A_IRQHandler               
20010000  __STACK_END                    
00000200  __STACK_SIZE                   
00000f00  __TI_CINIT_Base                
00000f10  __TI_CINIT_Limit               
00000ee8  __TI_Handler_Table_Base        
00000ef4  __TI_Handler_Table_Limit       
00000b95  __TI_auto_init                 
20000034  __TI_cleanup_ptr               
00000c6d  __TI_decompress_lzss           
00000e41  __TI_decompress_none           
20000038  __TI_dtors_ptr                 
2000003c  __TI_enable_exit_profile_output
ffffffff  __TI_pprof_out_hndl            
ffffffff  __TI_prof_data_size            
ffffffff  __TI_prof_data_start           
00000000  __TI_static_base__             
00000e5b  __TI_zero_init                 
00000a31  __aeabi_memclr                 
00000a31  __aeabi_memclr4                
00000a31  __aeabi_memclr8                
00000995  __aeabi_memcpy                 
00000995  __aeabi_memcpy4                
00000995  __aeabi_memcpy8                
00000a33  __aeabi_memset                 
00000a33  __aeabi_memset4                
00000a33  __aeabi_memset8                
ffffffff  __binit__                      
ffffffff  __c_args__                     
00000e6b  __mpu_init                     
2000fe00  __stack                        
00000e15  _args_main                     
00000cd5  _c_int00                       
20000040  _lock                          
00000e3b  _nop                           
00000e33  _register_lock                 
00000e2d  _register_unlock               
00000e6d  _system_post_cinit             
00000e67  _system_pre_init               
20000044  _unlock                        
00000d2d  abort                          
20000030  ack                            
ffffffff  binit                          
20000028  bytesReceived                  
00000d7d  copy_in                        
20000018  count                          
20000014  counting                       
20000024  currentColor                   
00000d35  exit                           
00000000  interruptVectors               
20000008  interval                       
00000405  main                           
2000004c  main_func_sp                   
00000995  memcpy                         
00000a39  memset                         
20000010  newTick                        
2000000c  oldTick                        
20000050  periods                        
00000ec4  port_mapping                   
00000ddf  rand                           
2000002c  receiveFreq                    
00000dc9  srand                          
20000060  start                          
2000001c  sysTickCount                   
20000020  taps                           
00000e70  uartConfig                     
00000eac  upConfig                       


GLOBAL SYMBOLS: SORTED BY Symbol Address 

address   name                           
-------   ----                           
00000000  __TI_static_base__             
00000000  interruptVectors               
000000e5  PORT1_IRQHandler               
000000e5  PORT1_IRQHandler               
00000200  __STACK_SIZE                   
00000405  main                           
00000685  EUSCIA0_IRQHandler             
00000685  EUSCIA0_IRQHandler             
00000871  SysTick_Handler                
00000871  SysTick_Handler                
00000995  __aeabi_memcpy                 
00000995  __aeabi_memcpy4                
00000995  __aeabi_memcpy8                
00000995  memcpy                         
00000a31  __aeabi_memclr                 
00000a31  __aeabi_memclr4                
00000a31  __aeabi_memclr8                
00000a33  __aeabi_memset                 
00000a33  __aeabi_memset4                
00000a33  __aeabi_memset8                
00000a39  memset                         
00000aab  ADC14_IRQHandler               
00000aab  AES256_IRQHandler              
00000aab  BusFault_Handler               
00000aab  COMP_E0_IRQHandler             
00000aab  COMP_E1_IRQHandler             
00000aab  CS_IRQHandler                  
00000aab  DMA_ERR_IRQHandler             
00000aab  DMA_INT0_IRQHandler            
00000aab  DMA_INT1_IRQHandler            
00000aab  DMA_INT2_IRQHandler            
00000aab  DMA_INT3_IRQHandler            
00000aab  DebugMon_Handler               
00000aab  Default_Handler                
00000aab  EUSCIA1_IRQHandler             
00000aab  EUSCIA2_IRQHandler             
00000aab  EUSCIA3_IRQHandler             
00000aab  EUSCIB0_IRQHandler             
00000aab  EUSCIB1_IRQHandler             
00000aab  EUSCIB2_IRQHandler             
00000aab  EUSCIB3_IRQHandler             
00000aab  FLCTL_IRQHandler               
00000aab  FPU_IRQHandler                 
00000aab  HardFault_Handler              
00000aab  MemManage_Handler              
00000aab  NMI_Handler                    
00000aab  PCM_IRQHandler                 
00000aab  PORT2_IRQHandler               
00000aab  PORT3_IRQHandler               
00000aab  PORT4_IRQHandler               
00000aab  PORT5_IRQHandler               
00000aab  PORT6_IRQHandler               
00000aab  PSS_IRQHandler                 
00000aab  PendSV_Handler                 
00000aab  RTC_C_IRQHandler               
00000aab  SVC_Handler                    
00000aab  T32_INT1_IRQHandler            
00000aab  T32_INT2_IRQHandler            
00000aab  T32_INTC_IRQHandler            
00000aab  TA0_0_IRQHandler               
00000aab  TA0_N_IRQHandler               
00000aab  TA1_N_IRQHandler               
00000aab  TA2_N_IRQHandler               
00000aab  TA3_0_IRQHandler               
00000aab  TA3_N_IRQHandler               
00000aab  UsageFault_Handler             
00000aab  WDT_A_IRQHandler               
00000aad  SystemInit                     
00000b25  TA1_0_IRQHandler               
00000b25  TA1_0_IRQHandler               
00000b95  __TI_auto_init                 
00000c05  TA2_0_IRQHandler               
00000c05  TA2_0_IRQHandler               
00000c6d  __TI_decompress_lzss           
00000cd5  _c_int00                       
00000d29  C$$EXIT                        
00000d2d  abort                          
00000d35  exit                           
00000d7d  copy_in                        
00000dc9  srand                          
00000ddf  rand                           
00000e15  _args_main                     
00000e2d  _register_unlock               
00000e33  _register_lock                 
00000e3b  _nop                           
00000e41  __TI_decompress_none           
00000e4f  Reset_Handler                  
00000e5b  __TI_zero_init                 
00000e67  _system_pre_init               
00000e6b  __mpu_init                     
00000e6d  _system_post_cinit             
00000e70  uartConfig                     
00000e94  TA2upConfig                    
00000eac  upConfig                       
00000ec4  port_mapping                   
00000ee8  __TI_Handler_Table_Base        
00000ef4  __TI_Handler_Table_Limit       
00000f00  __TI_CINIT_Base                
00000f10  __TI_CINIT_Limit               
20000000  S1buttonDebounce               
20000004  S2buttonDebounce               
20000008  interval                       
2000000c  oldTick                        
20000010  newTick                        
20000014  counting                       
20000018  count                          
2000001c  sysTickCount                   
20000020  taps                           
20000024  currentColor                   
20000028  bytesReceived                  
2000002c  receiveFreq                    
20000030  ack                            
20000034  __TI_cleanup_ptr               
20000038  __TI_dtors_ptr                 
2000003c  __TI_enable_exit_profile_output
20000040  _lock                          
20000044  _unlock                        
2000004c  main_func_sp                   
20000050  periods                        
20000060  start                          
2000fe00  __stack                        
20010000  __STACK_END                    
4000480c  WDTCTL_SYM                     
ffffffff  __TI_pprof_out_hndl            
ffffffff  __TI_prof_data_size            
ffffffff  __TI_prof_data_start           
ffffffff  __binit__                      
ffffffff  __c_args__                     
ffffffff  binit                          
UNDEFED   SHT$$INIT_ARRAY$$Base          
UNDEFED   SHT$$INIT_ARRAY$$Limit         

[131 symbols]
